*** Using Compiler 'V6.21', folder: 'E:\MDK_ARM\Keil_v5\ARM\ARMCLANG\Bin'
Build target 's28a_c07a_line_follower'
Before Build - User command #1: cmd.exe /C "..\tools\generate_syscfg.bat"
Running script...
Validating...
info: /ti/project_config/ProjectConfig deviceSpin: Note: User must select a device after migration. 
info: BATTERY_ADC(/ti/driverlib/ADC12) totalConversionRate: When Power Down Mode is set to Auto, ADC wakeup time may need to be considered in each sample window. Refer to the device specific data sheet for specifications on the ADC Wakeup Time.
info: PWM_0(/ti/driverlib/PWM): Peripheral does not retain register contents in STOP or STANDBY modes. User should take care to save and restore register configuration in application. See Retention Configuration section for more details.
Generating Code (board.syscfg)...
Unchanged E:\code_file\2026ti\projects\MSPM0G3507_empty_keil\generated\ti_msp_dl_config.c...
Unchanged E:\code_file\2026ti\projects\MSPM0G3507_empty_keil\generated\ti_msp_dl_config.h...
Unchanged E:\code_file\2026ti\projects\MSPM0G3507_empty_keil\generated\Event.dot...
compiling encoder_driver.c...
compiling line_sensor.c...
compiling motor_driver.c...
compiling app_main.c...
compiling vehicle_controller.c...
compiling ti_msp_dl_config.c...
compiling oled_driver.c...
linking...
Program Size: Code=13248 RO-data=592 RW-data=0 ZI-data=640  
FromELF: creating hex file...
"..\build\keil\Objects\s28a_c07a_line_follower.axf" - 0 Error(s), 0 Warning(s).
Build Time Elapsed:  00:00:03
