Component: Arm Compiler for Embedded 6.21 Tool: armlink [5ec1fa00]

==============================================================================

Section Cross References

    app_main.o(.text.K230_UART_IRQHandler) refers to camera_uart.o(.text.Camera_FeedByte) for Camera_FeedByte
    app_main.o(.ARM.exidx.text.K230_UART_IRQHandler) refers to app_main.o(.text.K230_UART_IRQHandler) for [Anonymous Symbol]
    app_main.o(.text.main) refers to ti_msp_dl_config.o(.text.SYSCFG_DL_init) for SYSCFG_DL_init
    app_main.o(.text.main) refers to line_sensor.o(.text.LineSensor_Init) for LineSensor_Init
    app_main.o(.text.main) refers to encoder_driver.o(.text.Encoder_Init) for Encoder_Init
    app_main.o(.text.main) refers to motor_driver.o(.text.Motor_Init) for Motor_Init
    app_main.o(.text.main) refers to vehicle_controller.o(.text.Control_Init) for Control_Init
    app_main.o(.text.main) refers to stepper_driver.o(.text.Stepper_Init) for Stepper_Init
    app_main.o(.text.main) refers to camera_uart.o(.text.Camera_Init) for Camera_Init
    app_main.o(.text.main) refers to balance_controller.o(.text.Balance_Init) for Balance_Init
    app_main.o(.text.main) refers to button_input.o(.text.Button_Init) for Button_Init
    app_main.o(.text.main) refers to line_follow_task.o(.text.LineFollow_Init) for LineFollow_Init
    app_main.o(.text.main) refers to balance_task.o(.text.BalanceTask_Init) for BalanceTask_Init
    app_main.o(.text.main) refers to competition_mode.o(.text.Competition_Init) for Competition_Init
    app_main.o(.text.main) refers to oled_driver.o(.text.OLED_Init) for OLED_Init
    app_main.o(.text.main) refers to oled_driver.o(.text.OLED_Clear) for OLED_Clear
    app_main.o(.text.main) refers to oled_driver.o(.text.OLED_ShowString) for OLED_ShowString
    app_main.o(.text.main) refers to aeabi_sdivfast.o(.text_divfast) for __aeabi_uidiv
    app_main.o(.text.main) refers to oled_driver.o(.text.OLED_ShowTenths) for OLED_ShowTenths
    app_main.o(.text.main) refers to vehicle_controller.o(.text.Control_GetTickCount) for Control_GetTickCount
    app_main.o(.text.main) refers to button_input.o(.text.Button_Update) for Button_Update
    app_main.o(.text.main) refers to competition_mode.o(.text.Competition_Update) for Competition_Update
    app_main.o(.text.main) refers to competition_mode.o(.text.Competition_GetMode) for Competition_GetMode
    app_main.o(.text.main) refers to competition_mode.o(.text.Competition_GetState) for Competition_GetState
    app_main.o(.text.main) refers to competition_mode.o(.text.Competition_GetElapsedMs) for Competition_GetElapsedMs
    app_main.o(.text.main) refers to app_main.o(.rodata.str1.1) for [Anonymous Symbol]
    app_main.o(.ARM.exidx.text.main) refers to app_main.o(.text.main) for [Anonymous Symbol]
    competition_mode.o(.text.Competition_Init) refers to competition_mode.o(.bss.s_state) for [Anonymous Symbol]
    competition_mode.o(.text.Competition_Init) refers to competition_mode.o(.bss.s_mode) for [Anonymous Symbol]
    competition_mode.o(.text.Competition_Init) refers to competition_mode.o(.bss.s_start_ms) for [Anonymous Symbol]
    competition_mode.o(.text.Competition_Init) refers to competition_mode.o(.bss.s_elapsed_ms) for [Anonymous Symbol]
    competition_mode.o(.ARM.exidx.text.Competition_Init) refers to competition_mode.o(.text.Competition_Init) for [Anonymous Symbol]
    competition_mode.o(.text.Competition_GetMode) refers to competition_mode.o(.bss.s_mode) for [Anonymous Symbol]
    competition_mode.o(.ARM.exidx.text.Competition_GetMode) refers to competition_mode.o(.text.Competition_GetMode) for [Anonymous Symbol]
    competition_mode.o(.text.Competition_GetState) refers to competition_mode.o(.bss.s_state) for [Anonymous Symbol]
    competition_mode.o(.ARM.exidx.text.Competition_GetState) refers to competition_mode.o(.text.Competition_GetState) for [Anonymous Symbol]
    competition_mode.o(.text.Competition_GetElapsedMs) refers to competition_mode.o(.bss.s_elapsed_ms) for [Anonymous Symbol]
    competition_mode.o(.ARM.exidx.text.Competition_GetElapsedMs) refers to competition_mode.o(.text.Competition_GetElapsedMs) for [Anonymous Symbol]
    competition_mode.o(.text.Competition_ForceStop) refers to vehicle_controller.o(.text.Control_SetMode) for Control_SetMode
    competition_mode.o(.text.Competition_ForceStop) refers to balance_controller.o(.text.Balance_Disable) for Balance_Disable
    competition_mode.o(.text.Competition_ForceStop) refers to competition_mode.o(.bss.s_state) for [Anonymous Symbol]
    competition_mode.o(.ARM.exidx.text.Competition_ForceStop) refers to competition_mode.o(.text.Competition_ForceStop) for [Anonymous Symbol]
    competition_mode.o(.text.Competition_Update) refers to button_input.o(.text.Button_GetEvent) for Button_GetEvent
    competition_mode.o(.text.Competition_Update) refers to vehicle_controller.o(.text.Control_ResetDistance) for Control_ResetDistance
[...]
    __arm_cp.4_1                             0x0000176c   Number         4  line_follow_task.o(.text.LineFollow_Update)
    __arm_cp.4_2                             0x00001770   Number         4  line_follow_task.o(.text.LineFollow_Update)
    __arm_cp.4_3                             0x00001774   Number         4  line_follow_task.o(.text.LineFollow_Update)
    __arm_cp.4_4                             0x00001778   Number         4  line_follow_task.o(.text.LineFollow_Update)
    __arm_cp.4_5                             0x0000177c   Number         4  line_follow_task.o(.text.LineFollow_Update)
    __arm_cp.4_6                             0x00001780   Number         4  line_follow_task.o(.text.LineFollow_Update)
    __arm_cp.4_7                             0x00001784   Number         4  line_follow_task.o(.text.LineFollow_Update)
    __arm_cp.4_8                             0x00001788   Number         4  line_follow_task.o(.text.LineFollow_Update)
    [Anonymous Symbol]                       0x0000178c   Section        0  line_sensor.o(.text.LineSensor_GetSteeringError)
    [Anonymous Symbol]                       0x00001850   Section        0  line_sensor.o(.text.LineSensor_Init)
    [Anonymous Symbol]                       0x00001868   Section        0  line_sensor.o(.text.LineSensor_Read)
    [Anonymous Symbol]                       0x00001870   Section        0  line_sensor.o(.text.LineSensor_Update)
    __arm_cp.2_0                             0x00001998   Number         4  line_sensor.o(.text.LineSensor_Update)
    __arm_cp.2_1                             0x0000199c   Number         4  line_sensor.o(.text.LineSensor_Update)
    __arm_cp.2_2                             0x000019a0   Number         4  line_sensor.o(.text.LineSensor_Update)
    __arm_cp.2_3                             0x000019a4   Number         4  line_sensor.o(.text.LineSensor_Update)
    [Anonymous Symbol]                       0x000019a8   Section        0  motor_driver.o(.text.Motor_Init)
    [Anonymous Symbol]                       0x000019d8   Section        0  motor_driver.o(.text.Motor_SetDuty)
    __arm_cp.2_0                             0x00001a5c   Number         4  motor_driver.o(.text.Motor_SetDuty)
    __arm_cp.2_1                             0x00001a60   Number         4  motor_driver.o(.text.Motor_SetDuty)
    [Anonymous Symbol]                       0x00001a64   Section        0  motor_driver.o(.text.Motor_Stop)
    __arm_cp.1_0                             0x00001a94   Number         4  motor_driver.o(.text.Motor_Stop)
    [Anonymous Symbol]                       0x00001a98   Section        0  oled_driver.o(.text.OLED_Clear)
    __arm_cp.3_0                             0x00001c14   Number         4  oled_driver.o(.text.OLED_Clear)
    __arm_cp.3_1                             0x00001c18   Number         4  oled_driver.o(.text.OLED_Clear)
    [Anonymous Symbol]                       0x00001c1c   Section        0  oled_driver.o(.text.OLED_Init)
    __arm_cp.7_3                             0x00001fac   Number         4  oled_driver.o(.text.OLED_Init)
    __arm_cp.7_0                             0x00003204   Number         4  oled_driver.o(.text.OLED_Init)
    [Anonymous Symbol]                       0x00003208   Section        0  oled_driver.o(.text.OLED_ShowChar)
    font_for.colon                           0x0000347c   Number         0  oled_driver.o(.text.OLED_ShowChar)
    font_for.plus                            0x00003484   Number         0  oled_driver.o(.text.OLED_ShowChar)
    font_for.minus                           0x0000348c   Number         0  oled_driver.o(.text.OLED_ShowChar)
    font_for.slash                           0x00003494   Number         0  oled_driver.o(.text.OLED_ShowChar)
    font_for.dot                             0x0000349c   Number         0  oled_driver.o(.text.OLED_ShowChar)
    __arm_cp.0_5                             0x000034a4   Number         4  oled_driver.o(.text.OLED_ShowChar)
    __arm_cp.0_6                             0x000034a8   Number         4  oled_driver.o(.text.OLED_ShowChar)
    __arm_cp.0_7                             0x000034ac   Number         4  oled_driver.o(.text.OLED_ShowChar)
    __arm_cp.0_8                             0x000034b0   Number         4  oled_driver.o(.text.OLED_ShowChar)
    __arm_cp.0_9                             0x000034b4   Number         4  oled_driver.o(.text.OLED_ShowChar)
    [Anonymous Symbol]                       0x000034b8   Section        0  oled_driver.o(.text.OLED_ShowString)
    [Anonymous Symbol]                       0x000034ec   Section        0  oled_driver.o(.text.OLED_ShowTenths)
    __arm_cp.4_0                             0x00003838   Number         4  oled_driver.o(.text.OLED_ShowTenths)
    __arm_cp.4_1                             0x0000383c   Number         4  oled_driver.o(.text.OLED_ShowTenths)
    [Anonymous Symbol]                       0x00003840   Section        0  ti_msp_dl_config.o(.text.SYSCFG_DL_BATTERY_ADC_init)
    __arm_cp.10_0                            0x00003864   Number         4  ti_msp_dl_config.o(.text.SYSCFG_DL_BATTERY_ADC_init)
    __arm_cp.10_1                            0x00003868   Number         4  ti_msp_dl_config.o(.text.SYSCFG_DL_BATTERY_ADC_init)
    __arm_cp.10_2                            0x0000386c   Number         4  ti_msp_dl_config.o(.text.SYSCFG_DL_BATTERY_ADC_init)
    __arm_cp.10_3                            0x00003870   Number         4  ti_msp_dl_config.o(.text.SYSCFG_DL_BATTERY_ADC_init)
    [Anonymous Symbol]                       0x00003874   Section        0  ti_msp_dl_config.o(.text.SYSCFG_DL_BLUETOOTH_init)
    __arm_cp.8_0                             0x000038e0   Number         4  ti_msp_dl_config.o(.text.SYSCFG_DL_BLUETOOTH_init)
    __arm_cp.8_1                             0x000038e4   Number         4  ti_msp_dl_config.o(.text.SYSCFG_DL_BLUETOOTH_init)
    __arm_cp.8_2                             0x000038e8   Number         4  ti_msp_dl_config.o(.text.SYSCFG_DL_BLUETOOTH_init)
    __arm_cp.8_3                             0x000038ec   Number         4  ti_msp_dl_config.o(.text.SYSCFG_DL_BLUETOOTH_init)
    [Anonymous Symbol]                       0x000038f0   Section        0  ti_msp_dl_config.o(.text.SYSCFG_DL_GPIO_init)
    __arm_cp.2_0                             0x000039b4   Number         4  ti_msp_dl_config.o(.text.SYSCFG_DL_GPIO_init)
    __arm_cp.2_1                             0x000039b8   Number         4  ti_msp_dl_config.o(.text.SYSCFG_DL_GPIO_init)
    __arm_cp.2_2                             0x000039bc   Number         4  ti_msp_dl_config.o(.text.SYSCFG_DL_GPIO_init)
    __arm_cp.2_3                             0x000039c0   Number         4  ti_msp_dl_config.o(.text.SYSCFG_DL_GPIO_init)
    __arm_cp.2_4                             0x000039c4   Number         4  ti_msp_dl_config.o(.text.SYSCFG_DL_GPIO_init)
    __arm_cp.2_5                             0x000039c8   Number         4  ti_msp_dl_config.o(.text.SYSCFG_DL_GPIO_init)
    __arm_cp.2_6                             0x000039cc   Number         4  ti_msp_dl_config.o(.text.SYSCFG_DL_GPIO_init)
    __arm_cp.2_7                             0x000039d0   Number         4  ti_msp_dl_config.o(.text.SYSCFG_DL_GPIO_init)
    __arm_cp.2_8                             0x000039d4   Number         4  ti_msp_dl_config.o(.text.SYSCFG_DL_GPIO_init)
    __arm_cp.2_9                             0x000039d8   Number         4  ti_msp_dl_config.o(.text.SYSCFG_DL_GPIO_init)
    __arm_cp.2_10                            0x000039dc   Number         4  ti_msp_dl_config.o(.text.SYSCFG_DL_GPIO_init)
    __arm_cp.2_11                            0x000039e0   Number         4  ti_msp_dl_config.o(.text.SYSCFG_DL_GPIO_init)
    __arm_cp.2_12                            0x000039e4   Number         4  ti_msp_dl_config.o(.text.SYSCFG_DL_GPIO_init)
    __arm_cp.2_13                            0x000039e8   Number         4  ti_msp_dl_config.o(.text.SYSCFG_DL_GPIO_init)
    [Anonymous Symbol]                       0x000039ec   Section        0  ti_msp_dl_config.o(.text.SYSCFG_DL_I2C_MPU_init)
    __arm_cp.6_0                             0x00003a34   Number         4  ti_msp_dl_config.o(.text.SYSCFG_DL_I2C_MPU_init)
    __arm_cp.6_1                             0x00003a38   Number         4  ti_msp_dl_config.o(.text.SYSCFG_DL_I2C_MPU_init)
    __arm_cp.6_2                             0x00003a3c   Number         4  ti_msp_dl_config.o(.text.SYSCFG_DL_I2C_MPU_init)
    [Anonymous Symbol]                       0x00003a40   Section        0  ti_msp_dl_config.o(.text.SYSCFG_DL_K230_init)
    __arm_cp.9_0                             0x00003aac   Number         4  ti_msp_dl_config.o(.text.SYSCFG_DL_K230_init)
    __arm_cp.9_1                             0x00003ab0   Number         4  ti_msp_dl_config.o(.text.SYSCFG_DL_K230_init)
    __arm_cp.9_2                             0x00003ab4   Number         4  ti_msp_dl_config.o(.text.SYSCFG_DL_K230_init)
    __arm_cp.9_3                             0x00003ab8   Number         4  ti_msp_dl_config.o(.text.SYSCFG_DL_K230_init)
    [Anonymous Symbol]                       0x00003abc   Section        0  ti_msp_dl_config.o(.text.SYSCFG_DL_PWM_0_init)
    __arm_cp.4_0                             0x00003b2c   Number         4  ti_msp_dl_config.o(.text.SYSCFG_DL_PWM_0_init)
    __arm_cp.4_1                             0x00003b30   Number         4  ti_msp_dl_config.o(.text.SYSCFG_DL_PWM_0_init)
    __arm_cp.4_2                             0x00003b34   Number         4  ti_msp_dl_config.o(.text.SYSCFG_DL_PWM_0_init)
    __arm_cp.4_3                             0x00003b38   Number         4  ti_msp_dl_config.o(.text.SYSCFG_DL_PWM_0_init)
    [Anonymous Symbol]                       0x00003b3c   Section        0  ti_msp_dl_config.o(.text.SYSCFG_DL_SYSCTL_init)
    __arm_cp.3_0                             0x00003b74   Number         4  ti_msp_dl_config.o(.text.SYSCFG_DL_SYSCTL_init)
    __arm_cp.3_1                             0x00003b78   Number         4  ti_msp_dl_config.o(.text.SYSCFG_DL_SYSCTL_init)
    [Anonymous Symbol]                       0x00003b7c   Section        0  ti_msp_dl_config.o(.text.SYSCFG_DL_SYSTICK_init)
    [Anonymous Symbol]                       0x00003b80   Section        0  ti_msp_dl_config.o(.text.SYSCFG_DL_TIMER_0_init)
    __arm_cp.5_0                             0x00003ba4   Number         4  ti_msp_dl_config.o(.text.SYSCFG_DL_TIMER_0_init)
    __arm_cp.5_1                             0x00003ba8   Number         4  ti_msp_dl_config.o(.text.SYSCFG_DL_TIMER_0_init)
    __arm_cp.5_2                             0x00003bac   Number         4  ti_msp_dl_config.o(.text.SYSCFG_DL_TIMER_0_init)
    __arm_cp.5_3                             0x00003bb0   Number         4  ti_msp_dl_config.o(.text.SYSCFG_DL_TIMER_0_init)
    __arm_cp.5_4                             0x00003bb4   Number         4  ti_msp_dl_config.o(.text.SYSCFG_DL_TIMER_0_init)
    [Anonymous Symbol]                       0x00003bb8   Section        0  ti_msp_dl_config.o(.text.SYSCFG_DL_USB_init)
    __arm_cp.7_0                             0x00003c04   Number         4  ti_msp_dl_config.o(.text.SYSCFG_DL_USB_init)
    __arm_cp.7_1                             0x00003c08   Number         4  ti_msp_dl_config.o(.text.SYSCFG_DL_USB_init)
    __arm_cp.7_2                             0x00003c0c   Number         4  ti_msp_dl_config.o(.text.SYSCFG_DL_USB_init)
    __arm_cp.7_3                             0x00003c10   Number         4  ti_msp_dl_config.o(.text.SYSCFG_DL_USB_init)
    __arm_cp.7_4                             0x00003c14   Number         4  ti_msp_dl_config.o(.text.SYSCFG_DL_USB_init)
    [Anonymous Symbol]                       0x00003c18   Section        0  ti_msp_dl_config.o(.text.SYSCFG_DL_init)
    __arm_cp.0_0                             0x00003c50   Number         4  ti_msp_dl_config.o(.text.SYSCFG_DL_init)
    [Anonymous Symbol]                       0x00003c54   Section        0  ti_msp_dl_config.o(.text.SYSCFG_DL_initPower)
    __arm_cp.1_0                             0x00003ca4   Number         4  ti_msp_dl_config.o(.text.SYSCFG_DL_initPower)
    __arm_cp.1_1                             0x00003ca8   Number         4  ti_msp_dl_config.o(.text.SYSCFG_DL_initPower)
    __arm_cp.1_2                             0x00003cac   Number         4  ti_msp_dl_config.o(.text.SYSCFG_DL_initPower)
    __arm_cp.1_3                             0x00003cb0   Number         4  ti_msp_dl_config.o(.text.SYSCFG_DL_initPower)
    __arm_cp.1_4                             0x00003cb4   Number         4  ti_msp_dl_config.o(.text.SYSCFG_DL_initPower)
    __arm_cp.1_5                             0x00003cb8   Number         4  ti_msp_dl_config.o(.text.SYSCFG_DL_initPower)
    __arm_cp.1_6                             0x00003cbc   Number         4  ti_msp_dl_config.o(.text.SYSCFG_DL_initPower)
    __arm_cp.1_7                             0x00003cc0   Number         4  ti_msp_dl_config.o(.text.SYSCFG_DL_initPower)
    __arm_cp.1_8                             0x00003cc4   Number         4  ti_msp_dl_config.o(.text.SYSCFG_DL_initPower)
    __arm_cp.1_9                             0x00003cc8   Number         4  ti_msp_dl_config.o(.text.SYSCFG_DL_initPower)
    __arm_cp.1_10                            0x00003ccc   Number         4  ti_msp_dl_config.o(.text.SYSCFG_DL_initPower)
    [Anonymous Symbol]                       0x00003cd0   Section        0  stepper_driver.o(.text.Stepper_Disable)
    [Anonymous Symbol]                       0x00003cd8   Section        0  stepper_driver.o(.text.Stepper_Enable)
    __arm_cp.2_0                             0x00003ce0   Number         4  stepper_driver.o(.text.Stepper_Enable)
    [Anonymous Symbol]                       0x00003ce4   Section        0  stepper_driver.o(.text.Stepper_Init)
    __arm_cp.0_0                             0x00003d00   Number         4  stepper_driver.o(.text.Stepper_Init)
    [Anonymous Symbol]                       0x00003d04   Section        0  stepper_driver.o(.text.Stepper_SetSpeed)
    __arm_cp.3_0                             0x00003d50   Number         4  stepper_driver.o(.text.Stepper_SetSpeed)
    __arm_cp.3_1                             0x00003d54   Number         4  stepper_driver.o(.text.Stepper_SetSpeed)
    __arm_cp.3_2                             0x00003d58   Number         4  stepper_driver.o(.text.Stepper_SetSpeed)
    __arm_cp.3_3                             0x00003d5c   Number         4  stepper_driver.o(.text.Stepper_SetSpeed)
    __arm_cp.3_4                             0x00003d60   Number         4  stepper_driver.o(.text.Stepper_SetSpeed)
    [Anonymous Symbol]                       0x00003d64   Section        0  vehicle_controller.o(.text.TIMG0_IRQHandler)
    __arm_cp.16_0                            0x00003d78   Number         4  vehicle_controller.o(.text.TIMG0_IRQHandler)
    [Anonymous Symbol]                       0x00003d7c   Section        0  app_main.o(.text.main)
    __arm_cp.1_0                             0x00003edc   Number         4  app_main.o(.text.main)
    __arm_cp.1_1                             0x00003ee0   Number         4  app_main.o(.text.main)
    __arm_cp.1_3                             0x00003eec   Number         4  app_main.o(.text.main)
    __arm_cp.1_4                             0x00003ef0   Number         4  app_main.o(.text.main)
    __arm_cp.1_5                             0x00003ef4   Number         4  app_main.o(.text.main)
    oled_cursor                              0x00003f55   Thumb Code   580  oled_driver.o(.text.oled_cursor)
    [Anonymous Symbol]                       0x00003f54   Section        0  oled_driver.o(.text.oled_cursor)
    __arm_cp.1_0                             0x00004198   Number         4  oled_driver.o(.text.oled_cursor)
    __arm_cp.1_1                             0x0000419c   Number         4  oled_driver.o(.text.oled_cursor)
    .text_divfast                            0x000041a0   Section      502  aeabi_sdivfast.o(.text_divfast)
    i._fgeq                                  0x00004396   Section        0  fcmp.o(i._fgeq)
    i._fgr                                   0x000043ac   Section        0  fcmp.o(i._fgr)
    i._fleq                                  0x000043c2   Section        0  fcmp.o(i._fleq)
    i._fls                                   0x000043dc   Section        0  fcmp.o(i._fls)
    x$fpl$fadd                               0x000043f4   Section      140  faddsub.o(x$fpl$fadd)
    _fadd1                                   0x00004401   Thumb Code     0  faddsub.o(x$fpl$fadd)
    x$fpl$fgeqf                              0x00004480   Section       84  fgef.o(x$fpl$fgeqf)
    x$fpl$fleqf                              0x000044d4   Section       84  flef.o(x$fpl$fleqf)
    x$fpl$fmul                               0x00004528   Section      176  fmul.o(x$fpl$fmul)
    x$fpl$fsub                               0x000045d8   Section      208  faddsub.o(x$fpl$fsub)
    _fsub1                                   0x000045e5   Thumb Code     0  faddsub.o(x$fpl$fsub)
    fdiv_tab                                 0x000046a8   Data          64  fdiv.o(.constdata)
    .constdata                               0x000046a8   Section       64  fdiv.o(.constdata)
    x$fpl$usenofp                            0x000046a8   Section        0  usenofp.o(x$fpl$usenofp)
    font_for.blank                           0x000046e8   Data           5  oled_driver.o(.rodata.font_for.blank)
    [Anonymous Symbol]                       0x000046e8   Section        0  oled_driver.o(.rodata.font_for.blank)
    font_for.digits                          0x000046ed   Data          50  oled_driver.o(.rodata.font_for.digits)
    [Anonymous Symbol]                       0x000046ed   Section        0  oled_driver.o(.rodata.font_for.digits)
    font_for.upper                           0x0000471f   Data         130  oled_driver.o(.rodata.font_for.upper)
    [Anonymous Symbol]                       0x0000471f   Section        0  oled_driver.o(.rodata.font_for.upper)
    gBATTERY_ADCClockConfig                  0x000047a4   Data           8  ti_msp_dl_config.o(.rodata.gBATTERY_ADCClockConfig)
    [Anonymous Symbol]                       0x000047a4   Section        0  ti_msp_dl_config.o(.rodata.gBATTERY_ADCClockConfig)
    gBLUETOOTHClockConfig                    0x000047ac   Data           2  ti_msp_dl_config.o(.rodata.gBLUETOOTHClockConfig)
    [Anonymous Symbol]                       0x000047ac   Section        0  ti_msp_dl_config.o(.rodata.gBLUETOOTHClockConfig)
    gBLUETOOTHConfig                         0x000047ae   Data          10  ti_msp_dl_config.o(.rodata.gBLUETOOTHConfig)
    [Anonymous Symbol]                       0x000047ae   Section        0  ti_msp_dl_config.o(.rodata.gBLUETOOTHConfig)
    gI2C_MPUClockConfig                      0x000047b8   Data           2  ti_msp_dl_config.o(.rodata.gI2C_MPUClockConfig)
    [Anonymous Symbol]                       0x000047b8   Section        0  ti_msp_dl_config.o(.rodata.gI2C_MPUClockConfig)
    gK230ClockConfig                         0x000047ba   Data           2  ti_msp_dl_config.o(.rodata.gK230ClockConfig)
    [Anonymous Symbol]                       0x000047ba   Section        0  ti_msp_dl_config.o(.rodata.gK230ClockConfig)
    gK230Config                              0x000047bc   Data          10  ti_msp_dl_config.o(.rodata.gK230Config)
    [Anonymous Symbol]                       0x000047bc   Section        0  ti_msp_dl_config.o(.rodata.gK230Config)
    gPWM_0ClockConfig                        0x000047c6   Data           3  ti_msp_dl_config.o(.rodata.gPWM_0ClockConfig)
    [Anonymous Symbol]                       0x000047c6   Section        0  ti_msp_dl_config.o(.rodata.gPWM_0ClockConfig)
    gPWM_0Config                             0x000047cc   Data           8  ti_msp_dl_config.o(.rodata.gPWM_0Config)
    [Anonymous Symbol]                       0x000047cc   Section        0  ti_msp_dl_config.o(.rodata.gPWM_0Config)
    gTIMER_0ClockConfig                      0x000047d4   Data           3  ti_msp_dl_config.o(.rodata.gTIMER_0ClockConfig)
    [Anonymous Symbol]                       0x000047d4   Section        0  ti_msp_dl_config.o(.rodata.gTIMER_0ClockConfig)
    gTIMER_0TimerConfig                      0x000047d8   Data          20  ti_msp_dl_config.o(.rodata.gTIMER_0TimerConfig)
    [Anonymous Symbol]                       0x000047d8   Section        0  ti_msp_dl_config.o(.rodata.gTIMER_0TimerConfig)
    gUSBClockConfig                          0x000047ec   Data           2  ti_msp_dl_config.o(.rodata.gUSBClockConfig)
    [Anonymous Symbol]                       0x000047ec   Section        0  ti_msp_dl_config.o(.rodata.gUSBClockConfig)
    gUSBConfig                               0x000047ee   Data          10  ti_msp_dl_config.o(.rodata.gUSBConfig)
    [Anonymous Symbol]                       0x000047ee   Section        0  ti_msp_dl_config.o(.rodata.gUSBConfig)
    [Anonymous Symbol]                       0x000047f8   Section        0  app_main.o(.rodata.str1.1)
    .bss                                     0x20200000   Section       96  libspace.o(.bss)
    s_base_rpm                               0x20200124   Data           4  vehicle_controller.o(.bss.s_base_rpm)
    [Anonymous Symbol]                       0x20200124   Section        0  vehicle_controller.o(.bss.s_base_rpm)
    s_bt_state                               0x20200128   Data           1  balance_task.o(.bss.s_bt_state)
    [Anonymous Symbol]                       0x20200128   Section        0  balance_task.o(.bss.s_bt_state)
    s_buttons.1                              0x2020012c   Data           1  button_input.o(.bss.s_buttons.1)
    [Anonymous Symbol]                       0x2020012c   Section        0  button_input.o(.bss.s_buttons.1)
    s_buttons.2                              0x2020012e   Data           1  button_input.o(.bss.s_buttons.2)
    [Anonymous Symbol]                       0x2020012e   Section        0  button_input.o(.bss.s_buttons.2)
    s_buttons.3                              0x20200130   Data           2  button_input.o(.bss.s_buttons.3)
    [Anonymous Symbol]                       0x20200130   Section        0  button_input.o(.bss.s_buttons.3)
    s_buttons.4                              0x20200132   Data           1  button_input.o(.bss.s_buttons.4)
    [Anonymous Symbol]                       0x20200132   Section        0  button_input.o(.bss.s_buttons.4)
    s_buttons.5                              0x20200134   Data           4  button_input.o(.bss.s_buttons.5)
    [Anonymous Symbol]                       0x20200134   Section        0  button_input.o(.bss.s_buttons.5)
    s_buttons.6                              0x20200138   Data           1  button_input.o(.bss.s_buttons.6)
    [Anonymous Symbol]                       0x20200138   Section        0  button_input.o(.bss.s_buttons.6)
    s_control_ticks                          0x2020013c   Data           4  vehicle_controller.o(.bss.s_control_ticks)
    [Anonymous Symbol]                       0x2020013c   Section        0  vehicle_controller.o(.bss.s_control_ticks)
    s_data                                   0x20200140   Data           8  camera_uart.o(.bss.s_data)
    [Anonymous Symbol]                       0x20200140   Section        0  camera_uart.o(.bss.s_data)
    s_designated_pos                         0x20200148   Data           2  balance_task.o(.bss.s_designated_pos)
    [Anonymous Symbol]                       0x20200148   Section        0  balance_task.o(.bss.s_designated_pos)
    s_elapsed_ms                             0x2020014c   Data           4  competition_mode.o(.bss.s_elapsed_ms)
    [Anonymous Symbol]                       0x2020014c   Section        0  competition_mode.o(.bss.s_elapsed_ms)
    s_enabled                                0x20200150   Data           1  balance_controller.o(.bss.s_enabled)
    [Anonymous Symbol]                       0x20200150   Section        0  balance_controller.o(.bss.s_enabled)
    s_error                                  0x20200152   Data           2  balance_controller.o(.bss.s_error)
    [Anonymous Symbol]                       0x20200152   Section        0  balance_controller.o(.bss.s_error)
    s_filter_count                           0x20200154   Data           6  line_sensor.o(.bss.s_filter_count)
    [Anonymous Symbol]                       0x20200154   Section        0  line_sensor.o(.bss.s_filter_count)
    s_filtered                               0x2020015a   Data           1  line_sensor.o(.bss.s_filtered)
    [Anonymous Symbol]                       0x2020015a   Section        0  line_sensor.o(.bss.s_filtered)
    s_integral                               0x2020015c   Data           4  balance_controller.o(.bss.s_integral)
    [Anonymous Symbol]                       0x2020015c   Section        0  balance_controller.o(.bss.s_integral)
    s_last_line_correction                   0x20200160   Data           4  vehicle_controller.o(.bss.s_last_line_correction)
    [Anonymous Symbol]                       0x20200160   Section        0  vehicle_controller.o(.bss.s_last_line_correction)
    s_left_distance                          0x20200164   Data           4  vehicle_controller.o(.bss.s_left_distance)
    [Anonymous Symbol]                       0x20200164   Section        0  vehicle_controller.o(.bss.s_left_distance)
    s_left_duty                              0x20200168   Data           4  vehicle_controller.o(.bss.s_left_duty)
    [Anonymous Symbol]                       0x20200168   Section        0  vehicle_controller.o(.bss.s_left_duty)
    s_left_integral                          0x2020016c   Data           4  vehicle_controller.o(.bss.s_left_integral)
    [Anonymous Symbol]                       0x2020016c   Section        0  vehicle_controller.o(.bss.s_left_integral)
    s_left_rpm                               0x20200170   Data           4  vehicle_controller.o(.bss.s_left_rpm)
    [Anonymous Symbol]                       0x20200170   Section        0  vehicle_controller.o(.bss.s_left_rpm)
    s_left_speed_counts                      0x20200174   Data           4  vehicle_controller.o(.bss.s_left_speed_counts)
    [Anonymous Symbol]                       0x20200174   Section        0  vehicle_controller.o(.bss.s_left_speed_counts)
    s_left_target_rpm                        0x20200178   Data           4  vehicle_controller.o(.bss.s_left_target_rpm)
    [Anonymous Symbol]                       0x20200178   Section        0  vehicle_controller.o(.bss.s_left_target_rpm)
    s_lf_state                               0x2020017c   Data           1  line_follow_task.o(.bss.s_lf_state)
    [Anonymous Symbol]                       0x2020017c   Section        0  line_follow_task.o(.bss.s_lf_state)
    s_line_error                             0x20200180   Data           4  vehicle_controller.o(.bss.s_line_error)
    [Anonymous Symbol]                       0x20200180   Section        0  vehicle_controller.o(.bss.s_line_error)
    s_mode                                   0x20200184   Data           1  competition_mode.o(.bss.s_mode)
    [Anonymous Symbol]                       0x20200184   Section        0  competition_mode.o(.bss.s_mode)
    s_mode                                   0x20200185   Data           1  line_follow_task.o(.bss.s_mode)
    [Anonymous Symbol]                       0x20200185   Section        0  line_follow_task.o(.bss.s_mode)
    s_mode                                   0x20200186   Data           1  balance_task.o(.bss.s_mode)
    [Anonymous Symbol]                       0x20200186   Section        0  balance_task.o(.bss.s_mode)
    s_mode                                   0x20200187   Data           1  vehicle_controller.o(.bss.s_mode)
    [Anonymous Symbol]                       0x20200187   Section        0  vehicle_controller.o(.bss.s_mode)
    s_phase_start_ms                         0x20200188   Data           4  balance_task.o(.bss.s_phase_start_ms)
    [Anonymous Symbol]                       0x20200188   Section        0  balance_task.o(.bss.s_phase_start_ms)
    s_position                               0x2020018c   Data           4  stepper_driver.o(.bss.s_position)
    [Anonymous Symbol]                       0x2020018c   Section        0  stepper_driver.o(.bss.s_position)
    s_prev_error                             0x20200190   Data           4  balance_controller.o(.bss.s_prev_error)
    [Anonymous Symbol]                       0x20200190   Section        0  balance_controller.o(.bss.s_prev_error)
    s_previous_heading_error                 0x20200194   Data           4  vehicle_controller.o(.bss.s_previous_heading_error)
    [Anonymous Symbol]                       0x20200194   Section        0  vehicle_controller.o(.bss.s_previous_heading_error)
    s_previous_line_error                    0x20200198   Data           4  vehicle_controller.o(.bss.s_previous_line_error)
    [Anonymous Symbol]                       0x20200198   Section        0  vehicle_controller.o(.bss.s_previous_line_error)
    s_right_distance                         0x2020019c   Data           4  vehicle_controller.o(.bss.s_right_distance)
    [Anonymous Symbol]                       0x2020019c   Section        0  vehicle_controller.o(.bss.s_right_distance)
    s_right_duty                             0x202001a0   Data           4  vehicle_controller.o(.bss.s_right_duty)
    [Anonymous Symbol]                       0x202001a0   Section        0  vehicle_controller.o(.bss.s_right_duty)
    s_right_integral                         0x202001a4   Data           4  vehicle_controller.o(.bss.s_right_integral)
    [Anonymous Symbol]                       0x202001a4   Section        0  vehicle_controller.o(.bss.s_right_integral)
    s_right_rpm                              0x202001a8   Data           4  vehicle_controller.o(.bss.s_right_rpm)
    [Anonymous Symbol]                       0x202001a8   Section        0  vehicle_controller.o(.bss.s_right_rpm)
    s_right_speed_counts                     0x202001ac   Data           4  vehicle_controller.o(.bss.s_right_speed_counts)
    [Anonymous Symbol]                       0x202001ac   Section        0  vehicle_controller.o(.bss.s_right_speed_counts)
    s_right_target_rpm                       0x202001b0   Data           4  vehicle_controller.o(.bss.s_right_target_rpm)
    [Anonymous Symbol]                       0x202001b0   Section        0  vehicle_controller.o(.bss.s_right_target_rpm)
    s_rx_idx                                 0x202001b4   Data           1  camera_uart.o(.bss.s_rx_idx)
    [Anonymous Symbol]                       0x202001b4   Section        0  camera_uart.o(.bss.s_rx_idx)
    s_speed_sample_ticks                     0x202001b5   Data           1  vehicle_controller.o(.bss.s_speed_sample_ticks)
    [Anonymous Symbol]                       0x202001b5   Section        0  vehicle_controller.o(.bss.s_speed_sample_ticks)
    s_start_ms                               0x202001b8   Data           4  competition_mode.o(.bss.s_start_ms)
    [Anonymous Symbol]                       0x202001b8   Section        0  competition_mode.o(.bss.s_start_ms)
    s_state                                  0x202001bc   Data           1  competition_mode.o(.bss.s_state)
    [Anonymous Symbol]                       0x202001bc   Section        0  competition_mode.o(.bss.s_state)
    s_step_interval                          0x202001c0   Data           4  stepper_driver.o(.bss.s_step_interval)
    [Anonymous Symbol]                       0x202001c0   Section        0  stepper_driver.o(.bss.s_step_interval)
    s_stop_line_seen                         0x202001c4   Data           1  line_follow_task.o(.bss.s_stop_line_seen)
    [Anonymous Symbol]                       0x202001c4   Section        0  line_follow_task.o(.bss.s_stop_line_seen)
    s_target_distance_cm                     0x202001c8   Data           4  line_follow_task.o(.bss.s_target_distance_cm)
    [Anonymous Symbol]                       0x202001c8   Section        0  line_follow_task.o(.bss.s_target_distance_cm)
    s_target_mm                              0x202001cc   Data           2  balance_controller.o(.bss.s_target_mm)
    [Anonymous Symbol]                       0x202001cc   Section        0  balance_controller.o(.bss.s_target_mm)
    s_target_speed                           0x202001d0   Data           4  stepper_driver.o(.bss.s_target_speed)
    [Anonymous Symbol]                       0x202001d0   Section        0  stepper_driver.o(.bss.s_target_speed)
    s_tick_counter                           0x202001d4   Data           4  stepper_driver.o(.bss.s_tick_counter)
    [Anonymous Symbol]                       0x202001d4   Section        0  stepper_driver.o(.bss.s_tick_counter)
    Heap_Mem                                 0x202001d8   Data           0  startup_mspm0g350x_uvision.o(HEAP)
    Stack_Mem                                0x202001d8   Data         256  startup_mspm0g350x_uvision.o(STACK)
    HEAP                                     0x202001d8   Section        0  startup_mspm0g350x_uvision.o(HEAP)
    STACK                                    0x202001d8   Section      256  startup_mspm0g350x_uvision.o(STACK)
    __initial_sp                             0x202002d8   Data           0  startup_mspm0g350x_uvision.o(STACK)

    Global Symbols

    Symbol Name                              Value     Ov Type        Size  Object(Section)

    BuildAttributes$$THM_ISAv3M$S$PE$A:L22$X:L11$S22$IEEE1$IW$~IW$USESV6$~STKCKD$USESV7$~SHL$OTIME$ROPI$EBA8$UX$STANDARDLIB$REQ8$PRES8$EABIv2 0x00000000   Number         0  anon$$obj.o ABSOLUTE
    __Vectors                                0x00000000   Data           4  startup_mspm0g350x_uvision.o(RESET)
    __ARM_exceptions_init                     - Undefined Weak Reference
    __alloca_initialize                       - Undefined Weak Reference
    __arm_preinit_                            - Undefined Weak Reference
    __arm_relocate_pie_                       - Undefined Weak Reference
    __cpp_initialize__aeabi_                  - Undefined Weak Reference
    __cxa_finalize                            - Undefined Weak Reference
    __rt_locale                               - Undefined Weak Reference
    __sigvec_lookup                           - Undefined Weak Reference
    _atexit_init                              - Undefined Weak Reference
    _call_atexit_fns                          - Undefined Weak Reference
    _clock_init                               - Undefined Weak Reference
    _fp_trap_init                             - Undefined Weak Reference
    _fp_trap_shutdown                         - Undefined Weak Reference
    _get_lc_collate                           - Undefined Weak Reference
    _get_lc_ctype                             - Undefined Weak Reference
    _get_lc_monetary                          - Undefined Weak Reference
    _get_lc_numeric                           - Undefined Weak Reference
    _get_lc_time                              - Undefined Weak Reference
    _getenv_init                              - Undefined Weak Reference
    _handle_redirection                       - Undefined Weak Reference
    _init_alloc                               - Undefined Weak Reference
    _init_user_alloc                          - Undefined Weak Reference
    _initio                                   - Undefined Weak Reference
    _rand_init                                - Undefined Weak Reference
    _signal_finish                            - Undefined Weak Reference
    _signal_init                              - Undefined Weak Reference
    _terminate_alloc                          - Undefined Weak Reference
    _terminate_user_alloc                     - Undefined Weak Reference
    _terminateio                              - Undefined Weak Reference
    __Vectors_End                            0x000000c0   Data           0  startup_mspm0g350x_uvision.o(RESET)
    __Vectors_Size                           0x000000c0   Number         0  startup_mspm0g350x_uvision.o ABSOLUTE
    __main                                   0x000000c1   Thumb Code     8  __main.o(!!!main)
    __scatterload                            0x000000c9   Thumb Code     0  __scatter.o(!!!scatter)
    __scatterload_rt2                        0x000000c9   Thumb Code    74  __scatter.o(!!!scatter)
    __scatterload_rt2_thumb_only             0x000000c9   Thumb Code     0  __scatter.o(!!!scatter)
    __scatterload_loop                       0x000000d3   Thumb Code     0  __scatter.o(!!!scatter)
    __scatterload_null                       0x00000121   Thumb Code     2  __scatter.o(!!handler_null)
    __scatterload_zeroinit                   0x00000129   Thumb Code    28  __scatter_zi.o(!!handler_zi)
    __rt_lib_init                            0x00000145   Thumb Code     0  libinit.o(.ARM.Collect$$libinit$$00000000)
    __rt_lib_init_alloca_1                   0x00000147   Thumb Code     0  libinit2.o(.ARM.Collect$$libinit$$00000030)
    __rt_lib_init_argv_1                     0x00000147   Thumb Code     0  libinit2.o(.ARM.Collect$$libinit$$0000002E)
    __rt_lib_init_atexit_1                   0x00000147   Thumb Code     0  libinit2.o(.ARM.Collect$$libinit$$0000001D)
    __rt_lib_init_clock_1                    0x00000147   Thumb Code     0  libinit2.o(.ARM.Collect$$libinit$$00000023)
    __rt_lib_init_cpp_1                      0x00000147   Thumb Code     0  libinit2.o(.ARM.Collect$$libinit$$00000034)
    __rt_lib_init_exceptions_1               0x00000147   Thumb Code     0  libinit2.o(.ARM.Collect$$libinit$$00000032)
    __rt_lib_init_fp_1                       0x00000147   Thumb Code     0  libinit2.o(.ARM.Collect$$libinit$$00000002)
    __rt_lib_init_fp_trap_1                  0x00000147   Thumb Code     0  libinit2.o(.ARM.Collect$$libinit$$00000021)
    __rt_lib_init_getenv_1                   0x00000147   Thumb Code     0  libinit2.o(.ARM.Collect$$libinit$$00000025)
    __rt_lib_init_heap_1                     0x00000147   Thumb Code     0  libinit2.o(.ARM.Collect$$libinit$$0000000C)
    __rt_lib_init_lc_collate_1               0x00000147   Thumb Code     0  libinit2.o(.ARM.Collect$$libinit$$00000013)
    __rt_lib_init_lc_ctype_1                 0x00000147   Thumb Code     0  libinit2.o(.ARM.Collect$$libinit$$00000015)
    __rt_lib_init_lc_monetary_1              0x00000147   Thumb Code     0  libinit2.o(.ARM.Collect$$libinit$$00000017)
    __rt_lib_init_lc_numeric_1               0x00000147   Thumb Code     0  libinit2.o(.ARM.Collect$$libinit$$00000019)
    __rt_lib_init_lc_time_1                  0x00000147   Thumb Code     0  libinit2.o(.ARM.Collect$$libinit$$0000001B)
    __rt_lib_init_preinit_1                  0x00000147   Thumb Code     0  libinit2.o(.ARM.Collect$$libinit$$00000006)
    __rt_lib_init_rand_1                     0x00000147   Thumb Code     0  libinit2.o(.ARM.Collect$$libinit$$00000010)
    __rt_lib_init_relocate_pie_1             0x00000147   Thumb Code     0  libinit2.o(.ARM.Collect$$libinit$$00000004)
    __rt_lib_init_return                     0x00000147   Thumb Code     0  libinit2.o(.ARM.Collect$$libinit$$00000035)
    __rt_lib_init_signal_1                   0x00000147   Thumb Code     0  libinit2.o(.ARM.Collect$$libinit$$0000001F)
    __rt_lib_init_stdio_1                    0x00000147   Thumb Code     0  libinit2.o(.ARM.Collect$$libinit$$00000027)
    __rt_lib_init_user_alloc_1               0x00000147   Thumb Code     0  libinit2.o(.ARM.Collect$$libinit$$0000000E)
    __rt_lib_shutdown                        0x00000149   Thumb Code     0  libshutdown.o(.ARM.Collect$$libshutdown$$00000000)
    __rt_lib_shutdown_cpp_1                  0x0000014b   Thumb Code     0  libshutdown2.o(.ARM.Collect$$libshutdown$$00000002)
    __rt_lib_shutdown_fp_trap_1              0x0000014b   Thumb Code     0  libshutdown2.o(.ARM.Collect$$libshutdown$$00000007)
    __rt_lib_shutdown_heap_1                 0x0000014b   Thumb Code     0  libshutdown2.o(.ARM.Collect$$libshutdown$$0000000F)
    __rt_lib_shutdown_return                 0x0000014b   Thumb Code     0  libshutdown2.o(.ARM.Collect$$libshutdown$$00000010)
    __rt_lib_shutdown_signal_1               0x0000014b   Thumb Code     0  libshutdown2.o(.ARM.Collect$$libshutdown$$0000000A)
    __rt_lib_shutdown_stdio_1                0x0000014b   Thumb Code     0  libshutdown2.o(.ARM.Collect$$libshutdown$$00000004)
    __rt_lib_shutdown_user_alloc_1           0x0000014b   Thumb Code     0  libshutdown2.o(.ARM.Collect$$libshutdown$$0000000C)
    __rt_entry                               0x0000014d   Thumb Code     0  __rtentry.o(.ARM.Collect$$rtentry$$00000000)
    __rt_entry_presh_1                       0x0000014d   Thumb Code     0  __rtentry2.o(.ARM.Collect$$rtentry$$00000002)
    __rt_entry_sh                            0x0000014d   Thumb Code     0  __rtentry4.o(.ARM.Collect$$rtentry$$00000004)
    __rt_entry_li                            0x00000153   Thumb Code     0  __rtentry2.o(.ARM.Collect$$rtentry$$0000000A)
    __rt_entry_postsh_1                      0x00000153   Thumb Code     0  __rtentry2.o(.ARM.Collect$$rtentry$$00000009)
    __rt_entry_main                          0x00000157   Thumb Code     0  __rtentry2.o(.ARM.Collect$$rtentry$$0000000D)
    __rt_entry_postli_1                      0x00000157   Thumb Code     0  __rtentry2.o(.ARM.Collect$$rtentry$$0000000C)
    __rt_exit                                0x0000015f   Thumb Code     0  rtexit.o(.ARM.Collect$$rtexit$$00000000)
    __rt_exit_ls                             0x00000161   Thumb Code     0  rtexit2.o(.ARM.Collect$$rtexit$$00000003)
    __rt_exit_prels_1                        0x00000161   Thumb Code     0  rtexit2.o(.ARM.Collect$$rtexit$$00000002)
    __rt_exit_exit                           0x00000165   Thumb Code     0  rtexit2.o(.ARM.Collect$$rtexit$$00000004)
    Reset_Handler                            0x0000016d   Thumb Code     4  startup_mspm0g350x_uvision.o(.text)
    NMI_Handler                              0x00000171   Thumb Code     2  startup_mspm0g350x_uvision.o(.text)
    HardFault_Handler                        0x00000173   Thumb Code     2  startup_mspm0g350x_uvision.o(.text)
    SVC_Handler                              0x00000175   Thumb Code     2  startup_mspm0g350x_uvision.o(.text)
    PendSV_Handler                           0x00000177   Thumb Code     2  startup_mspm0g350x_uvision.o(.text)
    SysTick_Handler                          0x00000179   Thumb Code     2  startup_mspm0g350x_uvision.o(.text)
    ADC0_IRQHandler                          0x0000017b   Thumb Code     0  startup_mspm0g350x_uvision.o(.text)
    ADC1_IRQHandler                          0x0000017b   Thumb Code     0  startup_mspm0g350x_uvision.o(.text)
    AES_IRQHandler                           0x0000017b   Thumb Code     0  startup_mspm0g350x_uvision.o(.text)
    CANFD0_IRQHandler                        0x0000017b   Thumb Code     0  startup_mspm0g350x_uvision.o(.text)
    DAC0_IRQHandler                          0x0000017b   Thumb Code     0  startup_mspm0g350x_uvision.o(.text)
    DMA_IRQHandler                           0x0000017b   Thumb Code     0  startup_mspm0g350x_uvision.o(.text)
    Default_Handler                          0x0000017b   Thumb Code     2  startup_mspm0g350x_uvision.o(.text)
    GROUP0_IRQHandler                        0x0000017b   Thumb Code     0  startup_mspm0g350x_uvision.o(.text)
    I2C0_IRQHandler                          0x0000017b   Thumb Code     0  startup_mspm0g350x_uvision.o(.text)
    I2C1_IRQHandler                          0x0000017b   Thumb Code     0  startup_mspm0g350x_uvision.o(.text)
    RTC_IRQHandler                           0x0000017b   Thumb Code     0  startup_mspm0g350x_uvision.o(.text)
    SPI0_IRQHandler                          0x0000017b   Thumb Code     0  startup_mspm0g350x_uvision.o(.text)
    SPI1_IRQHandler                          0x0000017b   Thumb Code     0  startup_mspm0g350x_uvision.o(.text)
    TIMA0_IRQHandler                         0x0000017b   Thumb Code     0  startup_mspm0g350x_uvision.o(.text)
    TIMA1_IRQHandler                         0x0000017b   Thumb Code     0  startup_mspm0g350x_uvision.o(.text)
    TIMG12_IRQHandler                        0x0000017b   Thumb Code     0  startup_mspm0g350x_uvision.o(.text)
    TIMG6_IRQHandler                         0x0000017b   Thumb Code     0  startup_mspm0g350x_uvision.o(.text)
    TIMG7_IRQHandler                         0x0000017b   Thumb Code     0  startup_mspm0g350x_uvision.o(.text)
    TIMG8_IRQHandler                         0x0000017b   Thumb Code     0  startup_mspm0g350x_uvision.o(.text)
    UART0_IRQHandler                         0x0000017b   Thumb Code     0  startup_mspm0g350x_uvision.o(.text)
    UART1_IRQHandler                         0x0000017b   Thumb Code     0  startup_mspm0g350x_uvision.o(.text)
    UART2_IRQHandler                         0x0000017b   Thumb Code     0  startup_mspm0g350x_uvision.o(.text)
    UART3_IRQHandler                         0x0000017b   Thumb Code     0  startup_mspm0g350x_uvision.o(.text)
    __user_initial_stackheap                 0x0000017d   Thumb Code    10  startup_mspm0g350x_uvision.o(.text)
    __aeabi_uidivmod                         0x00000199   Thumb Code    28  aeabi_sdivfast.o(.text)
    __aeabi_idivmod                          0x000001b5   Thumb Code   472  aeabi_sdivfast.o(.text)
    __use_two_region_memory                  0x00000391   Thumb Code     2  heapauxi.o(.text)
    __rt_heap_escrow$2region                 0x00000393   Thumb Code     2  heapauxi.o(.text)
    __rt_heap_expand$2region                 0x00000395   Thumb Code     2  heapauxi.o(.text)
    __aeabi_fdiv                             0x00000399   Thumb Code     0  fdiv.o(.text)
    _fdiv                                    0x00000399   Thumb Code   334  fdiv.o(.text)
    _frdiv                                   0x000004e7   Thumb Code     8  fdiv.o(.text)
    __aeabi_f2iz                             0x000004f9   Thumb Code     0  ffixi.o(.text)
    _ffix                                    0x000004f9   Thumb Code    76  ffixi.o(.text)
    __aeabi_i2f_normalise                    0x00000545   Thumb Code    72  fflti.o(.text)
    __aeabi_i2f                              0x0000058d   Thumb Code    16  fflti.o(.text)
    _fflt                                    0x0000058d   Thumb Code     0  fflti.o(.text)
    __aeabi_ui2f                             0x0000059d   Thumb Code     6  fflti.o(.text)
    _ffltu                                   0x0000059d   Thumb Code     0  fflti.o(.text)
    __fpl_fcmp_InfNaN                        0x000005a5   Thumb Code    96  fcmpin.o(.text)
    __user_setup_stackheap                   0x00000609   Thumb Code    62  sys_stackheap_outer.o(.text)
    exit                                     0x00000647   Thumb Code    16  exit.o(.text)
    __fpl_cmpreturn                          0x00000657   Thumb Code    46  cmpret.o(.text)
    __fpl_fcheck_NaN2                        0x00000685   Thumb Code    10  fnan2.o(.text)
    __user_libspace                          0x00000695   Thumb Code     8  libspace.o(.text)
    __user_perproc_libspace                  0x00000695   Thumb Code     0  libspace.o(.text)
    __user_perthread_libspace                0x00000695   Thumb Code     0  libspace.o(.text)
    __fpl_return_NaN                         0x0000069d   Thumb Code    94  retnan.o(.text)
    _sys_exit                                0x000006fd   Thumb Code     8  sys_exit.o(.text)
    __I$use$semihosting                      0x00000709   Thumb Code     0  use_no_semi.o(.text)
    __use_no_semihosting_swi                 0x00000709   Thumb Code     2  use_no_semi.o(.text)
    __semihosting_library_function           0x0000070b   Thumb Code     0  indicate_semi.o(.text)
    BalanceTask_Init                         0x0000070d   Thumb Code    20  balance_task.o(.text.BalanceTask_Init)
    BalanceTask_IsComplete                   0x00000721   Thumb Code    12  balance_task.o(.text.BalanceTask_IsComplete)
    BalanceTask_Start                        0x0000072d   Thumb Code    60  balance_task.o(.text.BalanceTask_Start)
    BalanceTask_Update                       0x0000076d   Thumb Code   172  balance_task.o(.text.BalanceTask_Update)
    Balance_Disable                          0x0000082d   Thumb Code    20  balance_controller.o(.text.Balance_Disable)
    Balance_Enable                           0x00000841   Thumb Code    24  balance_controller.o(.text.Balance_Enable)
    Balance_GetError                         0x00000859   Thumb Code     8  balance_controller.o(.text.Balance_GetError)
    Balance_Init                             0x00000861   Thumb Code    24  balance_controller.o(.text.Balance_Init)
    Balance_SetTarget                        0x00000879   Thumb Code     8  balance_controller.o(.text.Balance_SetTarget)
    Balance_Tick                             0x00000881   Thumb Code   200  balance_controller.o(.text.Balance_Tick)
    Button_GetEvent                          0x00000975   Thumb Code    20  button_input.o(.text.Button_GetEvent)
    Button_Init                              0x00000989   Thumb Code    28  button_input.o(.text.Button_Init)
    Button_Update                            0x000009a5   Thumb Code   124  button_input.o(.text.Button_Update)
    Camera_GetData                           0x00000a3d   Thumb Code     4  camera_uart.o(.text.Camera_GetData)
    Camera_Init                              0x00000a41   Thumb Code    16  camera_uart.o(.text.Camera_Init)
    Camera_IsDataFresh                       0x00000a55   Thumb Code    32  camera_uart.o(.text.Camera_IsDataFresh)
    Competition_GetElapsedMs                 0x00000a79   Thumb Code     8  competition_mode.o(.text.Competition_GetElapsedMs)
    Competition_GetMode                      0x00000a81   Thumb Code     8  competition_mode.o(.text.Competition_GetMode)
    Competition_GetState                     0x00000a89   Thumb Code     8  competition_mode.o(.text.Competition_GetState)
    Competition_Init                         0x00000a91   Thumb Code    20  competition_mode.o(.text.Competition_Init)
    Competition_Update                       0x00000aa5   Thumb Code   328  competition_mode.o(.text.Competition_Update)
    Control_GetLeftDistance                  0x00000c0d   Thumb Code     8  vehicle_controller.o(.text.Control_GetLeftDistance)
    Control_GetRightDistance                 0x00000c15   Thumb Code     8  vehicle_controller.o(.text.Control_GetRightDistance)
    Control_GetTickCount                     0x00000c1d   Thumb Code     8  vehicle_controller.o(.text.Control_GetTickCount)
    Control_Init                             0x00000c25   Thumb Code    92  vehicle_controller.o(.text.Control_Init)
    Control_ResetDistance                    0x00000cad   Thumb Code    20  vehicle_controller.o(.text.Control_ResetDistance)
    Control_SetBaseSpeed                     0x00000cc9   Thumb Code    24  vehicle_controller.o(.text.Control_SetBaseSpeed)
    Control_SetMode                          0x00000ce5   Thumb Code    48  vehicle_controller.o(.text.Control_SetMode)
    Control_Tick                             0x00000d2d   Thumb Code  1104  vehicle_controller.o(.text.Control_Tick)
    DL_ADC12_setClockConfig                  0x000011f1   Thumb Code    64  dl_adc12.o(.text.DL_ADC12_setClockConfig)
    DL_Common_delayCycles                    0x00001231   Thumb Code    10  dl_common.o(.text.DL_Common_delayCycles)
    DL_I2C_setClockConfig                    0x0000123b   Thumb Code    38  dl_i2c.o(.text.DL_I2C_setClockConfig)
    DL_TimerA_initPWMMode                    0x00001261   Thumb Code   116  dl_timer.o(.text.DL_TimerA_initPWMMode)
    DL_Timer_initPWMMode                     0x000012d5   Thumb Code   192  dl_timer.o(.text.DL_Timer_initPWMMode)
    DL_Timer_initTimerMode                   0x00001395   Thumb Code   240  dl_timer.o(.text.DL_Timer_initTimerMode)
    DL_Timer_setCaptCompUpdateMethod         0x00001485   Thumb Code    28  dl_timer.o(.text.DL_Timer_setCaptCompUpdateMethod)
    DL_Timer_setCaptureCompareOutCtl         0x000014a1   Thumb Code    24  dl_timer.o(.text.DL_Timer_setCaptureCompareOutCtl)
    DL_Timer_setCaptureCompareValue          0x000014b9   Thumb Code    16  dl_timer.o(.text.DL_Timer_setCaptureCompareValue)
    DL_Timer_setClockConfig                  0x000014c9   Thumb Code    28  dl_timer.o(.text.DL_Timer_setClockConfig)
    DL_UART_init                             0x000014e5   Thumb Code    72  dl_uart.o(.text.DL_UART_init)
    DL_UART_setClockConfig                   0x0000152d   Thumb Code    18  dl_uart.o(.text.DL_UART_setClockConfig)
    Encoder_CountsToRpm                      0x00001541   Thumb Code    48  encoder_driver.o(.text.Encoder_CountsToRpm)
    Encoder_Init                             0x00001579   Thumb Code    12  encoder_driver.o(.text.Encoder_Init)
    Encoder_TakeCounts                       0x00001585   Thumb Code    28  encoder_driver.o(.text.Encoder_TakeCounts)
    GROUP1_IRQHandler                        0x000015a1   Thumb Code   152  encoder_driver.o(.text.GROUP1_IRQHandler)
    LineFollow_Init                          0x0000164d   Thumb Code    20  line_follow_task.o(.text.LineFollow_Init)
    LineFollow_IsComplete                    0x00001661   Thumb Code    12  line_follow_task.o(.text.LineFollow_IsComplete)
    LineFollow_Start                         0x0000166d   Thumb Code    40  line_follow_task.o(.text.LineFollow_Start)
    LineFollow_Update                        0x0000169d   Thumb Code   204  line_follow_task.o(.text.LineFollow_Update)
    LineSensor_GetSteeringError              0x0000178d   Thumb Code   196  line_sensor.o(.text.LineSensor_GetSteeringError)
    LineSensor_Init                          0x00001851   Thumb Code    24  line_sensor.o(.text.LineSensor_Init)
    LineSensor_Read                          0x00001869   Thumb Code     8  line_sensor.o(.text.LineSensor_Read)
    LineSensor_Update                        0x00001871   Thumb Code   296  line_sensor.o(.text.LineSensor_Update)
    Motor_Init                               0x000019a9   Thumb Code    48  motor_driver.o(.text.Motor_Init)
    Motor_SetDuty                            0x000019d9   Thumb Code   132  motor_driver.o(.text.Motor_SetDuty)
    Motor_Stop                               0x00001a65   Thumb Code    48  motor_driver.o(.text.Motor_Stop)
    OLED_Clear                               0x00001a99   Thumb Code   380  oled_driver.o(.text.OLED_Clear)
    OLED_Init                                0x00001c1d   Thumb Code  5608  oled_driver.o(.text.OLED_Init)
    OLED_ShowChar                            0x00003209   Thumb Code   628  oled_driver.o(.text.OLED_ShowChar)
    OLED_ShowString                          0x000034b9   Thumb Code    50  oled_driver.o(.text.OLED_ShowString)
    OLED_ShowTenths                          0x000034ed   Thumb Code   844  oled_driver.o(.text.OLED_ShowTenths)
    SYSCFG_DL_BATTERY_ADC_init               0x00003841   Thumb Code    36  ti_msp_dl_config.o(.text.SYSCFG_DL_BATTERY_ADC_init)
    SYSCFG_DL_BLUETOOTH_init                 0x00003875   Thumb Code   108  ti_msp_dl_config.o(.text.SYSCFG_DL_BLUETOOTH_init)
    SYSCFG_DL_GPIO_init                      0x000038f1   Thumb Code   196  ti_msp_dl_config.o(.text.SYSCFG_DL_GPIO_init)
    SYSCFG_DL_I2C_MPU_init                   0x000039ed   Thumb Code    72  ti_msp_dl_config.o(.text.SYSCFG_DL_I2C_MPU_init)
    SYSCFG_DL_K230_init                      0x00003a41   Thumb Code   108  ti_msp_dl_config.o(.text.SYSCFG_DL_K230_init)
    SYSCFG_DL_PWM_0_init                     0x00003abd   Thumb Code   112  ti_msp_dl_config.o(.text.SYSCFG_DL_PWM_0_init)
    SYSCFG_DL_SYSCTL_init                    0x00003b3d   Thumb Code    56  ti_msp_dl_config.o(.text.SYSCFG_DL_SYSCTL_init)
    SYSCFG_DL_SYSTICK_init                   0x00003b7d   Thumb Code     2  ti_msp_dl_config.o(.text.SYSCFG_DL_SYSTICK_init)
    SYSCFG_DL_TIMER_0_init                   0x00003b81   Thumb Code    36  ti_msp_dl_config.o(.text.SYSCFG_DL_TIMER_0_init)
    SYSCFG_DL_USB_init                       0x00003bb9   Thumb Code    76  ti_msp_dl_config.o(.text.SYSCFG_DL_USB_init)
    SYSCFG_DL_init                           0x00003c19   Thumb Code    56  ti_msp_dl_config.o(.text.SYSCFG_DL_init)
    SYSCFG_DL_initPower                      0x00003c55   Thumb Code    80  ti_msp_dl_config.o(.text.SYSCFG_DL_initPower)
    Stepper_Disable                          0x00003cd1   Thumb Code     8  stepper_driver.o(.text.Stepper_Disable)
    Stepper_Enable                           0x00003cd9   Thumb Code     8  stepper_driver.o(.text.Stepper_Enable)
    Stepper_Init                             0x00003ce5   Thumb Code    28  stepper_driver.o(.text.Stepper_Init)
    Stepper_SetSpeed                         0x00003d05   Thumb Code    76  stepper_driver.o(.text.Stepper_SetSpeed)
    TIMG0_IRQHandler                         0x00003d65   Thumb Code    20  vehicle_controller.o(.text.TIMG0_IRQHandler)
    main                                     0x00003d7d   Thumb Code   352  app_main.o(.text.main)
    __aeabi_uidiv                            0x000041a1   Thumb Code    68  aeabi_sdivfast.o(.text_divfast)
    __aeabi_idiv                             0x000041e5   Thumb Code   434  aeabi_sdivfast.o(.text_divfast)
    __aeabi_fcmpge                           0x00004397   Thumb Code     0  fcmp.o(i._fgeq)
    _fgeq                                    0x00004397   Thumb Code    22  fcmp.o(i._fgeq)
    __aeabi_fcmpgt                           0x000043ad   Thumb Code     0  fcmp.o(i._fgr)
    _fgr                                     0x000043ad   Thumb Code    22  fcmp.o(i._fgr)
    __aeabi_fcmple                           0x000043c3   Thumb Code     0  fcmp.o(i._fleq)
    _fleq                                    0x000043c3   Thumb Code    26  fcmp.o(i._fleq)
    __aeabi_fcmplt                           0x000043dd   Thumb Code     0  fcmp.o(i._fls)
    _fls                                     0x000043dd   Thumb Code    22  fcmp.o(i._fls)
    __aeabi_fadd                             0x000043f5   Thumb Code     0  faddsub.o(x$fpl$fadd)
    _fadd                                    0x000043f5   Thumb Code   134  faddsub.o(x$fpl$fadd)
    _fcmpge                                  0x00004481   Thumb Code    78  fgef.o(x$fpl$fgeqf)
    __aeabi_cfcmple                          0x000044d5   Thumb Code     0  flef.o(x$fpl$fleqf)
    _fcmple                                  0x000044d5   Thumb Code    78  flef.o(x$fpl$fleqf)
    __aeabi_fmul                             0x00004529   Thumb Code     0  fmul.o(x$fpl$fmul)
    _fmul                                    0x00004529   Thumb Code   172  fmul.o(x$fpl$fmul)
    __aeabi_fsub                             0x000045d9   Thumb Code     0  faddsub.o(x$fpl$fsub)
    _fsub                                    0x000045d9   Thumb Code   204  faddsub.o(x$fpl$fsub)
    __I$use$fp                               0x000046a8   Number         0  usenofp.o(x$fpl$usenofp)
    Region$$Table$$Base                      0x00004848   Number         0  anon$$obj.o(Region$$Table)
    Region$$Table$$Limit                     0x00004858   Number         0  anon$$obj.o(Region$$Table)
    __libspace_start                         0x20200000   Data          96  libspace.o(.bss)
    __temporary_stack_top$libspace           0x20200060   Data           0  libspace.o(.bss)
    gPWM_0Backup                             0x20200060   Data         188  ti_msp_dl_config.o(.bss.gPWM_0Backup)
    g_encoder_a_count                        0x2020011c   Data           4  encoder_driver.o(.bss.g_encoder_a_count)
    g_encoder_b_count                        0x20200120   Data           4  encoder_driver.o(.bss.g_encoder_b_count)



==============================================================================

Memory Map of the image

  Image Entry point : 0x000000c1

  Load Region LR_IROM1 (Base: 0x00000000, Size: 0x00004858, Max: 0x00020000, ABSOLUTE)

    Execution Region ER_IROM1 (Exec base: 0x00000000, Load base: 0x00000000, Size: 0x00004858, Max: 0x00020000, ABSOLUTE)

    Exec Addr    Load Addr    Size         Type   Attr      Idx    E Section Name        Object

    0x00000000   0x00000000   0x000000c0   Data   RO          381    RESET               startup_mspm0g350x_uvision.o
    0x000000c0   0x000000c0   0x00000008   Code   RO          592  * !!!main             c_p.l(__main.o)
    0x000000c8   0x000000c8   0x00000054   Code   RO          811    !!!scatter          c_p.l(__scatter.o)
    0x0000011c   0x0000011c   0x00000004   PAD
    0x00000120   0x00000120   0x00000002   Code   RO          812    !!handler_null      c_p.l(__scatter.o)
    0x00000122   0x00000122   0x00000006   PAD
    0x00000128   0x00000128   0x0000001c   Code   RO          815    !!handler_zi        c_p.l(__scatter_zi.o)
    0x00000144   0x00000144   0x00000002   Code   RO          666    .ARM.Collect$$libinit$$00000000  c_p.l(libinit.o)
    0x00000146   0x00000146   0x00000000   Code   RO          684    .ARM.Collect$$libinit$$00000002  c_p.l(libinit2.o)
    0x00000146   0x00000146   0x00000000   Code   RO          686    .ARM.Collect$$libinit$$00000004  c_p.l(libinit2.o)
    0x00000146   0x00000146   0x00000000   Code   RO          688    .ARM.Collect$$libinit$$00000006  c_p.l(libinit2.o)
    0x00000146   0x00000146   0x00000000   Code   RO          691    .ARM.Collect$$libinit$$0000000C  c_p.l(libinit2.o)
    0x00000146   0x00000146   0x00000000   Code   RO          693    .ARM.Collect$$libinit$$0000000E  c_p.l(libinit2.o)
    0x00000146   0x00000146   0x00000000   Code   RO          695    .ARM.Collect$$libinit$$00000010  c_p.l(libinit2.o)
    0x00000146   0x00000146   0x00000000   Code   RO          698    .ARM.Collect$$libinit$$00000013  c_p.l(libinit2.o)
    0x00000146   0x00000146   0x00000000   Code   RO          700    .ARM.Collect$$libinit$$00000015  c_p.l(libinit2.o)
    0x00000146   0x00000146   0x00000000   Code   RO          702    .ARM.Collect$$libinit$$00000017  c_p.l(libinit2.o)
    0x00000146   0x00000146   0x00000000   Code   RO          704    .ARM.Collect$$libinit$$00000019  c_p.l(libinit2.o)
    0x00000146   0x00000146   0x00000000   Code   RO          706    .ARM.Collect$$libinit$$0000001B  c_p.l(libinit2.o)
    0x00000146   0x00000146   0x00000000   Code   RO          708    .ARM.Collect$$libinit$$0000001D  c_p.l(libinit2.o)
    0x00000146   0x00000146   0x00000000   Code   RO          710    .ARM.Collect$$libinit$$0000001F  c_p.l(libinit2.o)
    0x00000146   0x00000146   0x00000000   Code   RO          712    .ARM.Collect$$libinit$$00000021  c_p.l(libinit2.o)
    0x00000146   0x00000146   0x00000000   Code   RO          714    .ARM.Collect$$libinit$$00000023  c_p.l(libinit2.o)
    0x00000146   0x00000146   0x00000000   Code   RO          716    .ARM.Collect$$libinit$$00000025  c_p.l(libinit2.o)
    0x00000146   0x00000146   0x00000000   Code   RO          718    .ARM.Collect$$libinit$$00000027  c_p.l(libinit2.o)
    0x00000146   0x00000146   0x00000000   Code   RO          722    .ARM.Collect$$libinit$$0000002E  c_p.l(libinit2.o)
    0x00000146   0x00000146   0x00000000   Code   RO          724    .ARM.Collect$$libinit$$00000030  c_p.l(libinit2.o)
    0x00000146   0x00000146   0x00000000   Code   RO          726    .ARM.Collect$$libinit$$00000032  c_p.l(libinit2.o)
    0x00000146   0x00000146   0x00000000   Code   RO          728    .ARM.Collect$$libinit$$00000034  c_p.l(libinit2.o)
    0x00000146   0x00000146   0x00000002   Code   RO          729    .ARM.Collect$$libinit$$00000035  c_p.l(libinit2.o)
    0x00000148   0x00000148   0x00000002   Code   RO          766    .ARM.Collect$$libshutdown$$00000000  c_p.l(libshutdown.o)
    0x0000014a   0x0000014a   0x00000000   Code   RO          794    .ARM.Collect$$libshutdown$$00000002  c_p.l(libshutdown2.o)
    0x0000014a   0x0000014a   0x00000000   Code   RO          796    .ARM.Collect$$libshutdown$$00000004  c_p.l(libshutdown2.o)
    0x0000014a   0x0000014a   0x00000000   Code   RO          799    .ARM.Collect$$libshutdown$$00000007  c_p.l(libshutdown2.o)
    0x0000014a   0x0000014a   0x00000000   Code   RO          802    .ARM.Collect$$libshutdown$$0000000A  c_p.l(libshutdown2.o)
    0x0000014a   0x0000014a   0x00000000   Code   RO          804    .ARM.Collect$$libshutdown$$0000000C  c_p.l(libshutdown2.o)
    0x0000014a   0x0000014a   0x00000000   Code   RO          807    .ARM.Collect$$libshutdown$$0000000F  c_p.l(libshutdown2.o)
    0x0000014a   0x0000014a   0x00000002   Code   RO          808    .ARM.Collect$$libshutdown$$00000010  c_p.l(libshutdown2.o)
    0x0000014c   0x0000014c   0x00000000   Code   RO          621    .ARM.Collect$$rtentry$$00000000  c_p.l(__rtentry.o)
    0x0000014c   0x0000014c   0x00000000   Code   RO          634    .ARM.Collect$$rtentry$$00000002  c_p.l(__rtentry2.o)
    0x0000014c   0x0000014c   0x00000006   Code   RO          646    .ARM.Collect$$rtentry$$00000004  c_p.l(__rtentry4.o)
    0x00000152   0x00000152   0x00000000   Code   RO          636    .ARM.Collect$$rtentry$$00000009  c_p.l(__rtentry2.o)
    0x00000152   0x00000152   0x00000004   Code   RO          637    .ARM.Collect$$rtentry$$0000000A  c_p.l(__rtentry2.o)
    0x00000156   0x00000156   0x00000000   Code   RO          639    .ARM.Collect$$rtentry$$0000000C  c_p.l(__rtentry2.o)
    0x00000156   0x00000156   0x00000008   Code   RO          640    .ARM.Collect$$rtentry$$0000000D  c_p.l(__rtentry2.o)
    0x0000015e   0x0000015e   0x00000002   Code   RO          675    .ARM.Collect$$rtexit$$00000000  c_p.l(rtexit.o)
    0x00000160   0x00000160   0x00000000   Code   RO          737    .ARM.Collect$$rtexit$$00000002  c_p.l(rtexit2.o)
    0x00000160   0x00000160   0x00000004   Code   RO          738    .ARM.Collect$$rtexit$$00000003  c_p.l(rtexit2.o)
    0x00000164   0x00000164   0x00000006   Code   RO          739    .ARM.Collect$$rtexit$$00000004  c_p.l(rtexit2.o)
    0x0000016a   0x0000016a   0x00000002   PAD
    0x0000016c   0x0000016c   0x0000002c   Code   RO          382    .text               startup_mspm0g350x_uvision.o
    0x00000198   0x00000198   0x000001f8   Code   RO          582    .text               c_p.l(aeabi_sdivfast.o)
    0x00000390   0x00000390   0x00000006   Code   RO          590    .text               c_p.l(heapauxi.o)
    0x00000396   0x00000396   0x00000002   PAD
    0x00000398   0x00000398   0x00000160   Code   RO          612    .text               fz_ps.l(fdiv.o)
    0x000004f8   0x000004f8   0x0000004c   Code   RO          615    .text               fz_ps.l(ffixi.o)
    0x00000544   0x00000544   0x0000005e   Code   RO          617    .text               fz_ps.l(fflti.o)
    0x000005a2   0x000005a2   0x00000002   PAD
    0x000005a4   0x000005a4   0x00000064   Code   RO          650    .text               fz_ps.l(fcmpin.o)
    0x00000608   0x00000608   0x0000003e   Code   RO          652    .text               c_p.l(sys_stackheap_outer.o)
    0x00000646   0x00000646   0x00000010   Code   RO          655    .text               c_p.l(exit.o)
    0x00000656   0x00000656   0x0000002e   Code   RO          667    .text               fz_ps.l(cmpret.o)
    0x00000684   0x00000684   0x00000010   Code   RO          669    .text               fz_ps.l(fnan2.o)
    0x00000694   0x00000694   0x00000008   Code   RO          671    .text               c_p.l(libspace.o)
    0x0000069c   0x0000069c   0x0000005e   Code   RO          730    .text               fz_ps.l(retnan.o)
    0x000006fa   0x000006fa   0x00000002   PAD
    0x000006fc   0x000006fc   0x0000000c   Code   RO          732    .text               c_p.l(sys_exit.o)
    0x00000708   0x00000708   0x00000002   Code   RO          755    .text               c_p.l(use_no_semi.o)
    0x0000070a   0x0000070a   0x00000000   Code   RO          757    .text               c_p.l(indicate_semi.o)
    0x0000070a   0x0000070a   0x00000002   PAD
    0x0000070c   0x0000070c   0x00000014   Code   RO           62    .text.BalanceTask_Init  balance_task.o
    0x00000720   0x00000720   0x0000000c   Code   RO           68    .text.BalanceTask_IsComplete  balance_task.o
    0x0000072c   0x0000072c   0x00000040   Code   RO           66    .text.BalanceTask_Start  balance_task.o
    0x0000076c   0x0000076c   0x000000c0   Code   RO           70    .text.BalanceTask_Update  balance_task.o
    0x0000082c   0x0000082c   0x00000014   Code   RO          158    .text.Balance_Disable  balance_controller.o
    0x00000840   0x00000840   0x00000018   Code   RO          156    .text.Balance_Enable  balance_controller.o
    0x00000858   0x00000858   0x00000008   Code   RO          152    .text.Balance_GetError  balance_controller.o
    0x00000860   0x00000860   0x00000018   Code   RO          146    .text.Balance_Init  balance_controller.o
    0x00000878   0x00000878   0x00000008   Code   RO          148    .text.Balance_SetTarget  balance_controller.o
    0x00000880   0x00000880   0x000000f4   Code   RO          160    .text.Balance_Tick  balance_controller.o
    0x00000974   0x00000974   0x00000014   Code   RO          270    .text.Button_GetEvent  button_input.o
    0x00000988   0x00000988   0x0000001c   Code   RO          266    .text.Button_Init   button_input.o
    0x000009a4   0x000009a4   0x00000098   Code   RO          268    .text.Button_Update  button_input.o
    0x00000a3c   0x00000a3c   0x00000004   Code   RO          316    .text.Camera_GetData  camera_uart.o
    0x00000a40   0x00000a40   0x00000014   Code   RO          312    .text.Camera_Init   camera_uart.o
    0x00000a54   0x00000a54   0x00000024   Code   RO          318    .text.Camera_IsDataFresh  camera_uart.o
    0x00000a78   0x00000a78   0x00000008   Code   RO           22    .text.Competition_GetElapsedMs  competition_mode.o
    0x00000a80   0x00000a80   0x00000008   Code   RO           18    .text.Competition_GetMode  competition_mode.o
    0x00000a88   0x00000a88   0x00000008   Code   RO           20    .text.Competition_GetState  competition_mode.o
    0x00000a90   0x00000a90   0x00000014   Code   RO           16    .text.Competition_Init  competition_mode.o
    0x00000aa4   0x00000aa4   0x00000168   Code   RO           26    .text.Competition_Update  competition_mode.o
    0x00000c0c   0x00000c0c   0x00000008   Code   RO          108    .text.Control_GetLeftDistance  vehicle_controller.o
    0x00000c14   0x00000c14   0x00000008   Code   RO          110    .text.Control_GetRightDistance  vehicle_controller.o
    0x00000c1c   0x00000c1c   0x00000008   Code   RO          106    .text.Control_GetTickCount  vehicle_controller.o
    0x00000c24   0x00000c24   0x00000088   Code   RO           84    .text.Control_Init  vehicle_controller.o
    0x00000cac   0x00000cac   0x0000001c   Code   RO          112    .text.Control_ResetDistance  vehicle_controller.o
    0x00000cc8   0x00000cc8   0x0000001c   Code   RO           90    .text.Control_SetBaseSpeed  vehicle_controller.o
    0x00000ce4   0x00000ce4   0x00000048   Code   RO           86    .text.Control_SetMode  vehicle_controller.o
    0x00000d2c   0x00000d2c   0x000004c4   Code   RO          114    .text.Control_Tick  vehicle_controller.o
    0x000011f0   0x000011f0   0x00000040   Code   RO          389    .text.DL_ADC12_setClockConfig  driverlib.a(dl_adc12.o)
    0x00001230   0x00001230   0x0000000a   Code   RO          401    .text.DL_Common_delayCycles  driverlib.a(dl_common.o)
    0x0000123a   0x0000123a   0x00000026   Code   RO          410    .text.DL_I2C_setClockConfig  driverlib.a(dl_i2c.o)
    0x00001260   0x00001260   0x00000074   Code   RO          520    .text.DL_TimerA_initPWMMode  driverlib.a(dl_timer.o)
    0x000012d4   0x000012d4   0x000000c0   Code   RO          464    .text.DL_Timer_initPWMMode  driverlib.a(dl_timer.o)
    0x00001394   0x00001394   0x000000f0   Code   RO          446    .text.DL_Timer_initTimerMode  driverlib.a(dl_timer.o)
    0x00001484   0x00001484   0x0000001c   Code   RO          494    .text.DL_Timer_setCaptCompUpdateMethod  driverlib.a(dl_timer.o)
    0x000014a0   0x000014a0   0x00000018   Code   RO          468    .text.DL_Timer_setCaptureCompareOutCtl  driverlib.a(dl_timer.o)
    0x000014b8   0x000014b8   0x00000010   Code   RO          448    .text.DL_Timer_setCaptureCompareValue  driverlib.a(dl_timer.o)
    0x000014c8   0x000014c8   0x0000001c   Code   RO          442    .text.DL_Timer_setClockConfig  driverlib.a(dl_timer.o)
    0x000014e4   0x000014e4   0x00000048   Code   RO          541    .text.DL_UART_init  driverlib.a(dl_uart.o)
    0x0000152c   0x0000152c   0x00000012   Code   RO          543    .text.DL_UART_setClockConfig  driverlib.a(dl_uart.o)
    0x0000153e   0x0000153e   0x00000002   PAD
    0x00001540   0x00001540   0x00000038   Code   RO          195    .text.Encoder_CountsToRpm  encoder_driver.o
    0x00001578   0x00001578   0x0000000c   Code   RO          189    .text.Encoder_Init  encoder_driver.o
    0x00001584   0x00001584   0x0000001c   Code   RO          193    .text.Encoder_TakeCounts  encoder_driver.o
    0x000015a0   0x000015a0   0x000000ac   Code   RO          191    .text.GROUP1_IRQHandler  encoder_driver.o
    0x0000164c   0x0000164c   0x00000014   Code   RO           40    .text.LineFollow_Init  line_follow_task.o
    0x00001660   0x00001660   0x0000000c   Code   RO           46    .text.LineFollow_IsComplete  line_follow_task.o
    0x0000166c   0x0000166c   0x00000030   Code   RO           42    .text.LineFollow_Start  line_follow_task.o
    0x0000169c   0x0000169c   0x000000f0   Code   RO           48    .text.LineFollow_Update  line_follow_task.o
    0x0000178c   0x0000178c   0x000000c4   Code   RO          215    .text.LineSensor_GetSteeringError  line_sensor.o
    0x00001850   0x00001850   0x00000018   Code   RO          207    .text.LineSensor_Init  line_sensor.o
    0x00001868   0x00001868   0x00000008   Code   RO          213    .text.LineSensor_Read  line_sensor.o
    0x00001870   0x00001870   0x00000138   Code   RO          211    .text.LineSensor_Update  line_sensor.o
    0x000019a8   0x000019a8   0x00000030   Code   RO          175    .text.Motor_Init    motor_driver.o
    0x000019d8   0x000019d8   0x0000008c   Code   RO          179    .text.Motor_SetDuty  motor_driver.o
    0x00001a64   0x00001a64   0x00000034   Code   RO          177    .text.Motor_Stop    motor_driver.o
    0x00001a98   0x00001a98   0x00000184   Code   RO          233    .text.OLED_Clear    oled_driver.o
    0x00001c1c   0x00001c1c   0x000015ec   Code   RO          241    .text.OLED_Init     oled_driver.o
    0x00003208   0x00003208   0x000002b0   Code   RO          227    .text.OLED_ShowChar  oled_driver.o
    0x000034b8   0x000034b8   0x00000032   Code   RO          231    .text.OLED_ShowString  oled_driver.o
    0x000034ea   0x000034ea   0x00000002   PAD
    0x000034ec   0x000034ec   0x00000354   Code   RO          235    .text.OLED_ShowTenths  oled_driver.o
    0x00003840   0x00003840   0x00000034   Code   RO          351    .text.SYSCFG_DL_BATTERY_ADC_init  ti_msp_dl_config.o
    0x00003874   0x00003874   0x0000007c   Code   RO          347    .text.SYSCFG_DL_BLUETOOTH_init  ti_msp_dl_config.o
    0x000038f0   0x000038f0   0x000000fc   Code   RO          335    .text.SYSCFG_DL_GPIO_init  ti_msp_dl_config.o
    0x000039ec   0x000039ec   0x00000054   Code   RO          343    .text.SYSCFG_DL_I2C_MPU_init  ti_msp_dl_config.o
    0x00003a40   0x00003a40   0x0000007c   Code   RO          349    .text.SYSCFG_DL_K230_init  ti_msp_dl_config.o
    0x00003abc   0x00003abc   0x00000080   Code   RO          339    .text.SYSCFG_DL_PWM_0_init  ti_msp_dl_config.o
    0x00003b3c   0x00003b3c   0x00000040   Code   RO          337    .text.SYSCFG_DL_SYSCTL_init  ti_msp_dl_config.o
    0x00003b7c   0x00003b7c   0x00000002   Code   RO          353    .text.SYSCFG_DL_SYSTICK_init  ti_msp_dl_config.o
    0x00003b7e   0x00003b7e   0x00000002   PAD
    0x00003b80   0x00003b80   0x00000038   Code   RO          341    .text.SYSCFG_DL_TIMER_0_init  ti_msp_dl_config.o
    0x00003bb8   0x00003bb8   0x00000060   Code   RO          345    .text.SYSCFG_DL_USB_init  ti_msp_dl_config.o
    0x00003c18   0x00003c18   0x0000003c   Code   RO          331    .text.SYSCFG_DL_init  ti_msp_dl_config.o
    0x00003c54   0x00003c54   0x0000007c   Code   RO          333    .text.SYSCFG_DL_initPower  ti_msp_dl_config.o
    0x00003cd0   0x00003cd0   0x00000008   Code   RO          288    .text.Stepper_Disable  stepper_driver.o
    0x00003cd8   0x00003cd8   0x0000000c   Code   RO          290    .text.Stepper_Enable  stepper_driver.o
    0x00003ce4   0x00003ce4   0x00000020   Code   RO          286    .text.Stepper_Init  stepper_driver.o
    0x00003d04   0x00003d04   0x00000060   Code   RO          292    .text.Stepper_SetSpeed  stepper_driver.o
    0x00003d64   0x00003d64   0x00000018   Code   RO          116    .text.TIMG0_IRQHandler  vehicle_controller.o
    0x00003d7c   0x00003d7c   0x000001d8   Code   RO            4    .text.main          app_main.o
    0x00003f54   0x00003f54   0x0000024c   Code   RO          229    .text.oled_cursor   oled_driver.o
    0x000041a0   0x000041a0   0x000001f6   Code   RO          583    .text_divfast       c_p.l(aeabi_sdivfast.o)
    0x00004396   0x00004396   0x00000016   Code   RO          601    i._fgeq             fz_ps.l(fcmp.o)
    0x000043ac   0x000043ac   0x00000016   Code   RO          602    i._fgr              fz_ps.l(fcmp.o)
    0x000043c2   0x000043c2   0x0000001a   Code   RO          603    i._fleq             fz_ps.l(fcmp.o)
    0x000043dc   0x000043dc   0x00000016   Code   RO          604    i._fls              fz_ps.l(fcmp.o)
    0x000043f2   0x000043f2   0x00000002   PAD
    0x000043f4   0x000043f4   0x0000008c   Code   RO          594    x$fpl$fadd          fz_ps.l(faddsub.o)
    0x00004480   0x00004480   0x00000054   Code   RO          628    x$fpl$fgeqf         fz_ps.l(fgef.o)
    0x000044d4   0x000044d4   0x00000054   Code   RO          630    x$fpl$fleqf         fz_ps.l(flef.o)
    0x00004528   0x00004528   0x000000b0   Code   RO          619    x$fpl$fmul          fz_ps.l(fmul.o)
    0x000045d8   0x000045d8   0x000000d0   Code   RO          596    x$fpl$fsub          fz_ps.l(faddsub.o)
    0x000046a8   0x000046a8   0x00000000   Code   RO          632    x$fpl$usenofp       fz_ps.l(usenofp.o)
    0x000046a8   0x000046a8   0x00000040   Data   RO          613    .constdata          fz_ps.l(fdiv.o)
    0x000046e8   0x000046e8   0x00000005   Data   RO          243    .rodata.font_for.blank  oled_driver.o
    0x000046ed   0x000046ed   0x00000032   Data   RO          244    .rodata.font_for.digits  oled_driver.o
    0x0000471f   0x0000471f   0x00000082   Data   RO          245    .rodata.font_for.upper  oled_driver.o
    0x000047a1   0x000047a1   0x00000003   PAD
    0x000047a4   0x000047a4   0x00000008   Data   RO          371    .rodata.gBATTERY_ADCClockConfig  ti_msp_dl_config.o
    0x000047ac   0x000047ac   0x00000002   Data   RO          367    .rodata.gBLUETOOTHClockConfig  ti_msp_dl_config.o
    0x000047ae   0x000047ae   0x0000000a   Data   RO          368    .rodata.gBLUETOOTHConfig  ti_msp_dl_config.o
    0x000047b8   0x000047b8   0x00000002   Data   RO          364    .rodata.gI2C_MPUClockConfig  ti_msp_dl_config.o
    0x000047ba   0x000047ba   0x00000002   Data   RO          369    .rodata.gK230ClockConfig  ti_msp_dl_config.o
    0x000047bc   0x000047bc   0x0000000a   Data   RO          370    .rodata.gK230Config  ti_msp_dl_config.o
    0x000047c6   0x000047c6   0x00000003   Data   RO          360    .rodata.gPWM_0ClockConfig  ti_msp_dl_config.o
    0x000047c9   0x000047c9   0x00000003   PAD
    0x000047cc   0x000047cc   0x00000008   Data   RO          361    .rodata.gPWM_0Config  ti_msp_dl_config.o
    0x000047d4   0x000047d4   0x00000003   Data   RO          362    .rodata.gTIMER_0ClockConfig  ti_msp_dl_config.o
    0x000047d7   0x000047d7   0x00000001   PAD
    0x000047d8   0x000047d8   0x00000014   Data   RO          363    .rodata.gTIMER_0TimerConfig  ti_msp_dl_config.o
    0x000047ec   0x000047ec   0x00000002   Data   RO          365    .rodata.gUSBClockConfig  ti_msp_dl_config.o
    0x000047ee   0x000047ee   0x0000000a   Data   RO          366    .rodata.gUSBConfig  ti_msp_dl_config.o
    0x000047f8   0x000047f8   0x0000004b   Data   RO            6    .rodata.str1.1      app_main.o
    0x00004843   0x00004843   0x00000005   PAD
    0x00004848   0x00004848   0x00000010   Data   RO          810    Region$$Table       anon$$obj.o


    Execution Region RW_IRAM2 (Exec base: 0x20200000, Load base: 0x00004858, Size: 0x000002d8, Max: 0x00008000, ABSOLUTE)

    Exec Addr    Load Addr    Size         Type   Attr      Idx    E Section Name        Object

    0x20200000        -       0x00000060   Zero   RW          672    .bss                c_p.l(libspace.o)
    0x20200060        -       0x000000bc   Zero   RW          359    .bss.gPWM_0Backup   ti_msp_dl_config.o
    0x2020011c        -       0x00000004   Zero   RW          197    .bss.g_encoder_a_count  encoder_driver.o
    0x20200120        -       0x00000004   Zero   RW          198    .bss.g_encoder_b_count  encoder_driver.o
    0x20200124        -       0x00000004   Zero   RW          119    .bss.s_base_rpm     vehicle_controller.o
    0x20200128        -       0x00000001   Zero   RW           73    .bss.s_bt_state     balance_task.o
    0x20200129   0x00004858   0x00000003   PAD
    0x2020012c        -       0x00000001   Zero   RW          272    .bss.s_buttons.1    button_input.o
    0x2020012d   0x00004858   0x00000001   PAD
    0x2020012e        -       0x00000001   Zero   RW          273    .bss.s_buttons.2    button_input.o
    0x2020012f   0x00004858   0x00000001   PAD
    0x20200130        -       0x00000002   Zero   RW          274    .bss.s_buttons.3    button_input.o
    0x20200132        -       0x00000001   Zero   RW          275    .bss.s_buttons.4    button_input.o
    0x20200133   0x00004858   0x00000001   PAD
    0x20200134        -       0x00000004   Zero   RW          276    .bss.s_buttons.5    button_input.o
    0x20200138        -       0x00000001   Zero   RW          277    .bss.s_buttons.6    button_input.o
    0x20200139   0x00004858   0x00000003   PAD
    0x2020013c        -       0x00000004   Zero   RW          137    .bss.s_control_ticks  vehicle_controller.o
    0x20200140        -       0x00000008   Zero   RW          320    .bss.s_data         camera_uart.o
    0x20200148        -       0x00000002   Zero   RW           75    .bss.s_designated_pos  balance_task.o
    0x2020014a   0x00004858   0x00000002   PAD
    0x2020014c        -       0x00000004   Zero   RW           31    .bss.s_elapsed_ms   competition_mode.o
    0x20200150        -       0x00000001   Zero   RW          166    .bss.s_enabled      balance_controller.o
    0x20200151   0x00004858   0x00000001   PAD
    0x20200152        -       0x00000002   Zero   RW          163    .bss.s_error        balance_controller.o
    0x20200154        -       0x00000006   Zero   RW          217    .bss.s_filter_count  line_sensor.o
    0x2020015a        -       0x00000001   Zero   RW          218    .bss.s_filtered     line_sensor.o
    0x2020015b   0x00004858   0x00000001   PAD
    0x2020015c        -       0x00000004   Zero   RW          164    .bss.s_integral     balance_controller.o
    0x20200160        -       0x00000004   Zero   RW          136    .bss.s_last_line_correction  vehicle_controller.o
    0x20200164        -       0x00000004   Zero   RW          122    .bss.s_left_distance  vehicle_controller.o
    0x20200168        -       0x00000004   Zero   RW          131    .bss.s_left_duty    vehicle_controller.o
    0x2020016c        -       0x00000004   Zero   RW          120    .bss.s_left_integral  vehicle_controller.o
    0x20200170        -       0x00000004   Zero   RW          124    .bss.s_left_rpm     vehicle_controller.o
    0x20200174        -       0x00000004   Zero   RW          126    .bss.s_left_speed_counts  vehicle_controller.o
    0x20200178        -       0x00000004   Zero   RW          129    .bss.s_left_target_rpm  vehicle_controller.o
    0x2020017c        -       0x00000001   Zero   RW           51    .bss.s_lf_state     line_follow_task.o
    0x2020017d   0x00004858   0x00000003   PAD
    0x20200180        -       0x00000004   Zero   RW          133    .bss.s_line_error   vehicle_controller.o
    0x20200184        -       0x00000001   Zero   RW           28    .bss.s_mode         competition_mode.o
    0x20200185        -       0x00000001   Zero   RW           50    .bss.s_mode         line_follow_task.o
    0x20200186        -       0x00000001   Zero   RW           72    .bss.s_mode         balance_task.o
    0x20200187        -       0x00000001   Zero   RW          118    .bss.s_mode         vehicle_controller.o
    0x20200188        -       0x00000004   Zero   RW           74    .bss.s_phase_start_ms  balance_task.o
    0x2020018c        -       0x00000004   Zero   RW          300    .bss.s_position     stepper_driver.o
    0x20200190        -       0x00000004   Zero   RW          165    .bss.s_prev_error   balance_controller.o
    0x20200194        -       0x00000004   Zero   RW          135    .bss.s_previous_heading_error  vehicle_controller.o
    0x20200198        -       0x00000004   Zero   RW          134    .bss.s_previous_line_error  vehicle_controller.o
    0x2020019c        -       0x00000004   Zero   RW          123    .bss.s_right_distance  vehicle_controller.o
    0x202001a0        -       0x00000004   Zero   RW          132    .bss.s_right_duty   vehicle_controller.o
    0x202001a4        -       0x00000004   Zero   RW          121    .bss.s_right_integral  vehicle_controller.o
    0x202001a8        -       0x00000004   Zero   RW          125    .bss.s_right_rpm    vehicle_controller.o
    0x202001ac        -       0x00000004   Zero   RW          127    .bss.s_right_speed_counts  vehicle_controller.o
    0x202001b0        -       0x00000004   Zero   RW          130    .bss.s_right_target_rpm  vehicle_controller.o
    0x202001b4        -       0x00000001   Zero   RW          321    .bss.s_rx_idx       camera_uart.o
    0x202001b5        -       0x00000001   Zero   RW          128    .bss.s_speed_sample_ticks  vehicle_controller.o
    0x202001b6   0x00004858   0x00000002   PAD
    0x202001b8        -       0x00000004   Zero   RW           30    .bss.s_start_ms     competition_mode.o
    0x202001bc        -       0x00000001   Zero   RW           29    .bss.s_state        competition_mode.o
    0x202001bd   0x00004858   0x00000003   PAD
    0x202001c0        -       0x00000004   Zero   RW          302    .bss.s_step_interval  stepper_driver.o
    0x202001c4        -       0x00000001   Zero   RW           53    .bss.s_stop_line_seen  line_follow_task.o
    0x202001c5   0x00004858   0x00000003   PAD
    0x202001c8        -       0x00000004   Zero   RW           52    .bss.s_target_distance_cm  line_follow_task.o
    0x202001cc        -       0x00000002   Zero   RW          162    .bss.s_target_mm    balance_controller.o
    0x202001ce   0x00004858   0x00000002   PAD
    0x202001d0        -       0x00000004   Zero   RW          301    .bss.s_target_speed  stepper_driver.o
    0x202001d4        -       0x00000004   Zero   RW          303    .bss.s_tick_counter  stepper_driver.o
    0x202001d8        -       0x00000000   Zero   RW          380    HEAP                startup_mspm0g350x_uvision.o
    0x202001d8        -       0x00000100   Zero   RW          379    STACK               startup_mspm0g350x_uvision.o



  Load Region LR_BCR (Base: 0x41c00000, Size: 0x00000000, Max: 0x00000100, ABSOLUTE)

    Execution Region BCR_CONFIG (Exec base: 0x41c00000, Load base: 0x41c00000, Size: 0x00000000, Max: 0x00000080, ABSOLUTE)

    **** No section assigned to this execution region ****



  Load Region LR_BSL (Base: 0x41c00100, Size: 0x00000000, Max: 0x00000100, ABSOLUTE)

    Execution Region BSL_CONFIG (Exec base: 0x41c00100, Load base: 0x41c00100, Size: 0x00000000, Max: 0x00000080, ABSOLUTE)

    **** No section assigned to this execution region ****


==============================================================================

Image component sizes


      Code (inc. data)   RO Data    RW Data    ZI Data      Debug   Object Name

       472        124         75          0          0       9049   app_main.o
       328         44          0          0         13       2162   balance_controller.o
       288         24          0          0          8       1842   balance_task.o
       200         28          0          0         10       4918   button_input.o
        60          8          0          0          9       1784   camera_uart.o
       404         42          0          0         10       2908   competition_mode.o
       268         28          0          0          8       5380   encoder_driver.o
       320         44          0          0          7       2295   line_follow_task.o
       540         16          0          0          7       7970   line_sensor.o
       240         12          0          0          0       7054   motor_driver.o
      8178        128        185          0          0      50302   oled_driver.o
        44         18        192          0        256        680   startup_mspm0g350x_uvision.o
       148         28          0          0         16       4819   stepper_driver.o
      1166        228         80          0        188      39377   ti_msp_dl_config.o
      1532        232          0          0         74       8944   vehicle_controller.o

    ----------------------------------------------------------------------
     14192       1004        560          0        632     149484   Object Totals
         0          0         16          0          0          0   (incl. Generated)
         4          0         12          0         26          0   (incl. Padding)

    ----------------------------------------------------------------------

      Code (inc. data)   RO Data    RW Data    ZI Data      Debug   Library Member Name

         8          0          0          0          0         68   __main.o
         0          0          0          0          0          0   __rtentry.o
        12          0          0          0          0          0   __rtentry2.o
         6          0          0          0          0          0   __rtentry4.o
        86         10          0          0          0          0   __scatter.o
        28          0          0          0          0          0   __scatter_zi.o
      1006          4          0          0          0        184   aeabi_sdivfast.o
        16          0          0          0          0         68   exit.o
         6          0          0          0          0        136   heapauxi.o
         0          0          0          0          0          0   indicate_semi.o
         2          0          0          0          0          0   libinit.o
         2          0          0          0          0          0   libinit2.o
         2          0          0          0          0          0   libshutdown.o
         2          0          0          0          0          0   libshutdown2.o
         8          4          0          0         96         68   libspace.o
         2          0          0          0          0          0   rtexit.o
        10          0          0          0          0          0   rtexit2.o
        12          4          0          0          0         60   sys_exit.o
        62          0          0          0          0         80   sys_stackheap_outer.o
         2          0          0          0          0         68   use_no_semi.o
        64          8          0          0          0       4701   dl_adc12.o
        10          0          0          0          0        802   dl_common.o
        38          0          0          0          0       8590   dl_i2c.o
       644        196          0          0          0      40185   dl_timer.o
        90          8          0          0          0      14128   dl_uart.o
        46          0          0          0          0         60   cmpret.o
       348          8          0          0          0        160   faddsub.o
        92          0          0          0          0        272   fcmp.o
       100          4          0          0          0         68   fcmpin.o
       352         10         64          0          0         92   fdiv.o
        76          0          0          0          0         68   ffixi.o
        94          0          0          0          0         92   fflti.o
        84          4          0          0          0         76   fgef.o
        84          4          0          0          0         76   flef.o
       176          4          0          0          0         80   fmul.o
        16          6          0          0          0         68   fnan2.o
        94          0          0          0          0         68   retnan.o
         0          0          0          0          0          0   usenofp.o

    ----------------------------------------------------------------------
      3704        278         64          0         96      70318   Library Totals
        24          4          0          0          0          0   (incl. Padding)

    ----------------------------------------------------------------------

      Code (inc. data)   RO Data    RW Data    ZI Data      Debug   Library Name

      1272         22          0          0         96        732   c_p.l
       846        212          0          0          0      68406   driverlib.a
      1562         40         64          0          0       1180   fz_ps.l

    ----------------------------------------------------------------------
      3704        278         64          0         96      70318   Library Totals

    ----------------------------------------------------------------------

==============================================================================


      Code (inc. data)   RO Data    RW Data    ZI Data      Debug   

     17896       1282        624          0        728     218502   Grand Totals
     17896       1282        624          0        728     218502   ELF Image Totals
     17896       1282        624          0          0          0   ROM Totals

==============================================================================

    Total RO  Size (Code + RO Data)                18520 (  18.09kB)
    Total RW  Size (RW Data + ZI Data)               728 (   0.71kB)
    Total ROM Size (Code + RO Data + RW Data)      18520 (  18.09kB)

==============================================================================

