<html>
<body>
<pre>
<h1>µVision Build Log</h1>
<h2>Tool Versions:</h2>
IDE-Version: ¦ÌVision V5.43.1.0
Copyright (C) 2025 ARM Ltd and ARM Germany GmbH. All rights reserved.
License Information: sgod asus, sustc, LIC=WHYH9-4RSJM-NNDAF-6YW09-5FI84-CHISQ
 
Tool Versions:
Toolchain:       MDK-ARM Plus  Version: 5.43.0.0
Toolchain Path:  E:\Keil_v5\ARM\ARMCLANG\Bin
C Compiler:      ArmClang.exe V6.24
Assembler:       Armasm.exe V6.24
Linker/Locator:  ArmLink.exe V6.24
Library Manager: ArmAr.exe V6.24
Hex Converter:   FromElf.exe V6.24
CPU DLL:         SARMCM3.DLL V5.43.0.0
Dialog DLL:      DARMCM1.DLL V1.19.6.0
Target DLL:      CMSIS_AGDI.dll V1.33.24.0
Dialog DLL:      TARMCM1.DLL V1.14.6.0
 
<h2>Project:</h2>
E:\µçÈü\project\bluetooth test\demo1.uvprojx
Project File Date:  07/28/2026

<h2>Output:</h2>
*** Using Compiler 'V6.24', folder: 'E:\Keil_v5\ARM\ARMCLANG\Bin'
Rebuild target 'Target_1'
assembling startup_mspm0g350x_uvision.s...
compiling dl_interrupt.c...
ti_msp_dl_config.c(1): warning: In file included from...
.\ti_msp_dl_config.h(7): warning: In file included from...
./source\ti/driverlib/driverlib.h(45): warning: In file included from...
./source\ti/driverlib/dl_flashctl.h(961): warning: unused parameter 'flashctl' [-Wunused-parameter]
  961 |     FLASHCTL_Regs *flashctl, uint32_t addr)
      |                    ^
ti_msp_dl_config.c(1): warning: In file included from...
.\ti_msp_dl_config.h(7): warning: In file included from...
./source\ti/driverlib/driverlib.h(60): warning: In file included from...
./source\ti/driverlib/dl_spi.h(878): warning: unused parameter 'mode' [-Wunused-parameter]
  878 | __STATIC_INLINE void DL_SPI_setMode(SPI_Regs *spi, DL_SPI_MODE mode)
      |                                                                ^
2 warnings generated.
compiling ti_msp_dl_config.c...
main.c(2): warning: In file included from...
.\ti_msp_dl_config.h(7): warning: In file included from...
./source\ti/driverlib/driverlib.h(45): warning: In file included from...
./source\ti/driverlib/dl_flashctl.h(961): warning: unused parameter 'flashctl' [-Wunused-parameter]
  961 |     FLASHCTL_Regs *flashctl, uint32_t addr)
      |                    ^
main.c(2): warning: In file included from...
.\ti_msp_dl_config.h(7): warning: In file included from...
./source\ti/driverlib/driverlib.h(60): warning: In file included from...
./source\ti/driverlib/dl_spi.h(878): warning: unused parameter 'mode' [-Wunused-parameter]
  878 | __STATIC_INLINE void DL_SPI_setMode(SPI_Regs *spi, DL_SPI_MODE mode)
      |                                                                ^
2 warnings generated.
compiling main.c...
linking...
Program Size: Code=1924 RO-data=388 RW-data=0 ZI-data=4104  
FromELF: creating hex file...
".\Objects\demo1.axf" - 0 Error(s), 4 Warning(s).

<h2>Software Packages used:</h2>

Package Vendor: TexasInstruments
                https://software-dl.ti.com/msp430/esd/MSPM0-CMSIS/MSPM0G1X0X_G3X0X/latest/exports/TexasInstruments.MSPM0G1X0X_G3X0X_DFP.1.3.1.pack
                TexasInstruments::MSPM0G1X0X_G3X0X_DFP@1.3.1
                Device Family Pack for Texas Instruments MSPM0G1X0X_G3X0X Series

<h2>Collection of Component include folders:</h2>

<h2>Collection of Component Files used:</h2>
Build Time Elapsed:  00:00:01
</pre>
</body>
</html>
