<!doctype html public "-//w3c//dtd html 4.0 transitional//en">
<html><head>
<title>Static Call Graph - [..\build\keil\Objects\h_balance_car.axf]</title></head>
<body><HR>
<H1>Static Call Graph for image ..\build\keil\Objects\h_balance_car.axf</H1><HR>
<BR><P>#&#060CALLGRAPH&#062# ARM Linker, 6240002: Last Updated: Sat Aug  1 07:57:41 2026
<BR><P>
<H3>Maximum Stack Usage =        244 bytes + Unknown(Cycles, Untraceable Function Pointers)</H3><H3>
Call chain for Maximum Stack Depth:</H3>
__rt_entry_main &rArr; main &rArr; oled_show_mode_select &rArr; OLED_ShowTenths &rArr; OLED_ShowChar &rArr; oled_cursor
<P>
<H3>
Mutually Recursive functions
</H3> <LI><a href="#[1]">NMI_Handler</a>&nbsp;&nbsp;&nbsp;&rArr;&nbsp;&nbsp;&nbsp;<a href="#[1]">NMI_Handler</a><BR>
 <LI><a href="#[2]">HardFault_Handler</a>&nbsp;&nbsp;&nbsp;&rArr;&nbsp;&nbsp;&nbsp;<a href="#[2]">HardFault_Handler</a><BR>
 <LI><a href="#[3]">SVC_Handler</a>&nbsp;&nbsp;&nbsp;&rArr;&nbsp;&nbsp;&nbsp;<a href="#[3]">SVC_Handler</a><BR>
 <LI><a href="#[4]">PendSV_Handler</a>&nbsp;&nbsp;&nbsp;&rArr;&nbsp;&nbsp;&nbsp;<a href="#[4]">PendSV_Handler</a><BR>
 <LI><a href="#[5]">SysTick_Handler</a>&nbsp;&nbsp;&nbsp;&rArr;&nbsp;&nbsp;&nbsp;<a href="#[5]">SysTick_Handler</a><BR>
</UL>
<P>
<H3>
Function Pointers
</H3><UL>
 <LI><a href="#[a]">ADC0_IRQHandler</a> from startup_mspm0g350x_uvision.o(.text) referenced from startup_mspm0g350x_uvision.o(RESET)
 <LI><a href="#[b]">ADC1_IRQHandler</a> from startup_mspm0g350x_uvision.o(.text) referenced from startup_mspm0g350x_uvision.o(RESET)
 <LI><a href="#[1b]">AES_IRQHandler</a> from startup_mspm0g350x_uvision.o(.text) referenced from startup_mspm0g350x_uvision.o(RESET)
 <LI><a href="#[c]">CANFD0_IRQHandler</a> from startup_mspm0g350x_uvision.o(.text) referenced from startup_mspm0g350x_uvision.o(RESET)
 <LI><a href="#[d]">DAC0_IRQHandler</a> from startup_mspm0g350x_uvision.o(.text) referenced from startup_mspm0g350x_uvision.o(RESET)
 <LI><a href="#[1d]">DMA_IRQHandler</a> from startup_mspm0g350x_uvision.o(.text) referenced from startup_mspm0g350x_uvision.o(RESET)
 <LI><a href="#[6]">GROUP0_IRQHandler</a> from startup_mspm0g350x_uvision.o(.text) referenced from startup_mspm0g350x_uvision.o(RESET)
 <LI><a href="#[7]">GROUP1_IRQHandler</a> from encoder_driver.o(.text.GROUP1_IRQHandler) referenced from startup_mspm0g350x_uvision.o(RESET)
 <LI><a href="#[2]">HardFault_Handler</a> from startup_mspm0g350x_uvision.o(.text) referenced from startup_mspm0g350x_uvision.o(RESET)
 <LI><a href="#[19]">I2C0_IRQHandler</a> from startup_mspm0g350x_uvision.o(.text) referenced from startup_mspm0g350x_uvision.o(RESET)
 <LI><a href="#[1a]">I2C1_IRQHandler</a> from startup_mspm0g350x_uvision.o(.text) referenced from startup_mspm0g350x_uvision.o(RESET)
 <LI><a href="#[1]">NMI_Handler</a> from startup_mspm0g350x_uvision.o(.text) referenced from startup_mspm0g350x_uvision.o(RESET)
 <LI><a href="#[4]">PendSV_Handler</a> from startup_mspm0g350x_uvision.o(.text) referenced from startup_mspm0g350x_uvision.o(RESET)
 <LI><a href="#[1c]">RTC_IRQHandler</a> from startup_mspm0g350x_uvision.o(.text) referenced from startup_mspm0g350x_uvision.o(RESET)
 <LI><a href="#[0]">Reset_Handler</a> from startup_mspm0g350x_uvision.o(.text) referenced from startup_mspm0g350x_uvision.o(RESET)
 <LI><a href="#[e]">SPI0_IRQHandler</a> from startup_mspm0g350x_uvision.o(.text) referenced from startup_mspm0g350x_uvision.o(RESET)
 <LI><a href="#[f]">SPI1_IRQHandler</a> from startup_mspm0g350x_uvision.o(.text) referenced from startup_mspm0g350x_uvision.o(RESET)
 <LI><a href="#[3]">SVC_Handler</a> from startup_mspm0g350x_uvision.o(.text) referenced from startup_mspm0g350x_uvision.o(RESET)
 <LI><a href="#[5]">SysTick_Handler</a> from startup_mspm0g350x_uvision.o(.text) referenced from startup_mspm0g350x_uvision.o(RESET)
 <LI><a href="#[15]">TIMA0_IRQHandler</a> from startup_mspm0g350x_uvision.o(.text) referenced from startup_mspm0g350x_uvision.o(RESET)
 <LI><a href="#[16]">TIMA1_IRQHandler</a> from startup_mspm0g350x_uvision.o(.text) referenced from startup_mspm0g350x_uvision.o(RESET)
 <LI><a href="#[13]">TIMG0_IRQHandler</a> from vehicle_controller.o(.text.TIMG0_IRQHandler) referenced from startup_mspm0g350x_uvision.o(RESET)
 <LI><a href="#[18]">TIMG12_IRQHandler</a> from startup_mspm0g350x_uvision.o(.text) referenced from startup_mspm0g350x_uvision.o(RESET)
 <LI><a href="#[14]">TIMG6_IRQHandler</a> from startup_mspm0g350x_uvision.o(.text) referenced from startup_mspm0g350x_uvision.o(RESET)
 <LI><a href="#[17]">TIMG7_IRQHandler</a> from stepper_driver.o(.text.TIMG7_IRQHandler) referenced from startup_mspm0g350x_uvision.o(RESET)
 <LI><a href="#[8]">TIMG8_IRQHandler</a> from stepper_feedback.o(.text.TIMG8_IRQHandler) referenced from startup_mspm0g350x_uvision.o(RESET)
 <LI><a href="#[12]">UART0_IRQHandler</a> from startup_mspm0g350x_uvision.o(.text) referenced from startup_mspm0g350x_uvision.o(RESET)
 <LI><a href="#[10]">UART1_IRQHandler</a> from app_main.o(.text.UART1_IRQHandler) referenced from startup_mspm0g350x_uvision.o(RESET)
 <LI><a href="#[11]">UART2_IRQHandler</a> from startup_mspm0g350x_uvision.o(.text) referenced from startup_mspm0g350x_uvision.o(RESET)
 <LI><a href="#[9]">UART3_IRQHandler</a> from startup_mspm0g350x_uvision.o(.text) referenced from startup_mspm0g350x_uvision.o(RESET)
 <LI><a href="#[1e]">__main</a> from __main.o(!!!main) referenced from startup_mspm0g350x_uvision.o(.text)
</UL>
<P>
<H3>
Global Symbols
</H3>
<P><STRONG><a name="[1e]"></a>__main</STRONG> (Thumb, 8 bytes, Stack size 0 bytes, __main.o(!!!main))
<BR><BR>[Calls]<UL><LI><a href="#[20]">&gt;&gt;</a>&nbsp;&nbsp;&nbsp;__rt_entry
<LI><a href="#[1f]">&gt;&gt;</a>&nbsp;&nbsp;&nbsp;__scatterload
</UL>
<BR>[Address Reference Count : 1]<UL><LI> startup_mspm0g350x_uvision.o(.text)
</UL>
<P><STRONG><a name="[1f]"></a>__scatterload</STRONG> (Thumb, 0 bytes, Stack size unknown bytes, __scatter.o(!!!scatter))
<BR><BR>[Called By]<UL><LI><a href="#[1e]">&gt;&gt;</a>&nbsp;&nbsp;&nbsp;__main
</UL>

<P><STRONG><a name="[21]"></a>__scatterload_rt2</STRONG> (Thumb, 74 bytes, Stack size unknown bytes, __scatter.o(!!!scatter), UNUSED)
<BR><BR>[Calls]<UL><LI><a href="#[20]">&gt;&gt;</a>&nbsp;&nbsp;&nbsp;__rt_entry
</UL>

<P><STRONG><a name="[c1]"></a>__scatterload_rt2_thumb_only</STRONG> (Thumb, 0 bytes, Stack size unknown bytes, __scatter.o(!!!scatter), UNUSED)

<P><STRONG><a name="[c2]"></a>__scatterload_loop</STRONG> (Thumb, 0 bytes, Stack size unknown bytes, __scatter.o(!!!scatter), UNUSED)

<P><STRONG><a name="[c3]"></a>__scatterload_null</STRONG> (Thumb, 2 bytes, Stack size unknown bytes, __scatter.o(!!handler_null), UNUSED)

<P><STRONG><a name="[c4]"></a>__scatterload_zeroinit</STRONG> (Thumb, 28 bytes, Stack size unknown bytes, __scatter_zi.o(!!handler_zi), UNUSED)

<P><STRONG><a name="[25]"></a>__rt_lib_init</STRONG> (Thumb, 0 bytes, Stack size unknown bytes, libinit.o(.ARM.Collect$$libinit$$00000000))
<BR><BR>[Called By]<UL><LI><a href="#[24]">&gt;&gt;</a>&nbsp;&nbsp;&nbsp;__rt_entry_li
</UL>

<P><STRONG><a name="[c5]"></a>__rt_lib_init_alloca_1</STRONG> (Thumb, 0 bytes, Stack size unknown bytes, libinit2.o(.ARM.Collect$$libinit$$00000030))

<P><STRONG><a name="[c6]"></a>__rt_lib_init_argv_1</STRONG> (Thumb, 0 bytes, Stack size unknown bytes, libinit2.o(.ARM.Collect$$libinit$$0000002E))

<P><STRONG><a name="[c7]"></a>__rt_lib_init_atexit_1</STRONG> (Thumb, 0 bytes, Stack size unknown bytes, libinit2.o(.ARM.Collect$$libinit$$0000001D))

<P><STRONG><a name="[c8]"></a>__rt_lib_init_clock_1</STRONG> (Thumb, 0 bytes, Stack size unknown bytes, libinit2.o(.ARM.Collect$$libinit$$00000023))

<P><STRONG><a name="[c9]"></a>__rt_lib_init_cpp_1</STRONG> (Thumb, 0 bytes, Stack size unknown bytes, libinit2.o(.ARM.Collect$$libinit$$00000034))

<P><STRONG><a name="[ca]"></a>__rt_lib_init_exceptions_1</STRONG> (Thumb, 0 bytes, Stack size unknown bytes, libinit2.o(.ARM.Collect$$libinit$$00000032))

<P><STRONG><a name="[cb]"></a>__rt_lib_init_fp_1</STRONG> (Thumb, 0 bytes, Stack size unknown bytes, libinit2.o(.ARM.Collect$$libinit$$00000002))

<P><STRONG><a name="[cc]"></a>__rt_lib_init_fp_trap_1</STRONG> (Thumb, 0 bytes, Stack size unknown bytes, libinit2.o(.ARM.Collect$$libinit$$00000021))

<P><STRONG><a name="[cd]"></a>__rt_lib_init_getenv_1</STRONG> (Thumb, 0 bytes, Stack size unknown bytes, libinit2.o(.ARM.Collect$$libinit$$00000025))

<P><STRONG><a name="[ce]"></a>__rt_lib_init_heap_1</STRONG> (Thumb, 0 bytes, Stack size unknown bytes, libinit2.o(.ARM.Collect$$libinit$$0000000C))

<P><STRONG><a name="[cf]"></a>__rt_lib_init_lc_collate_1</STRONG> (Thumb, 0 bytes, Stack size unknown bytes, libinit2.o(.ARM.Collect$$libinit$$00000013))

<P><STRONG><a name="[d0]"></a>__rt_lib_init_lc_ctype_1</STRONG> (Thumb, 0 bytes, Stack size unknown bytes, libinit2.o(.ARM.Collect$$libinit$$00000015))

<P><STRONG><a name="[d1]"></a>__rt_lib_init_lc_monetary_1</STRONG> (Thumb, 0 bytes, Stack size unknown bytes, libinit2.o(.ARM.Collect$$libinit$$00000017))

<P><STRONG><a name="[d2]"></a>__rt_lib_init_lc_numeric_1</STRONG> (Thumb, 0 bytes, Stack size unknown bytes, libinit2.o(.ARM.Collect$$libinit$$00000019))

<P><STRONG><a name="[d3]"></a>__rt_lib_init_lc_time_1</STRONG> (Thumb, 0 bytes, Stack size unknown bytes, libinit2.o(.ARM.Collect$$libinit$$0000001B))

<P><STRONG><a name="[d4]"></a>__rt_lib_init_preinit_1</STRONG> (Thumb, 0 bytes, Stack size unknown bytes, libinit2.o(.ARM.Collect$$libinit$$00000006))

<P><STRONG><a name="[d5]"></a>__rt_lib_init_rand_1</STRONG> (Thumb, 0 bytes, Stack size unknown bytes, libinit2.o(.ARM.Collect$$libinit$$00000010))

<P><STRONG><a name="[d6]"></a>__rt_lib_init_relocate_pie_1</STRONG> (Thumb, 0 bytes, Stack size unknown bytes, libinit2.o(.ARM.Collect$$libinit$$00000004))

<P><STRONG><a name="[d7]"></a>__rt_lib_init_return</STRONG> (Thumb, 0 bytes, Stack size unknown bytes, libinit2.o(.ARM.Collect$$libinit$$00000035))

<P><STRONG><a name="[d8]"></a>__rt_lib_init_signal_1</STRONG> (Thumb, 0 bytes, Stack size unknown bytes, libinit2.o(.ARM.Collect$$libinit$$0000001F))

<P><STRONG><a name="[d9]"></a>__rt_lib_init_stdio_1</STRONG> (Thumb, 0 bytes, Stack size unknown bytes, libinit2.o(.ARM.Collect$$libinit$$00000027))

<P><STRONG><a name="[da]"></a>__rt_lib_init_user_alloc_1</STRONG> (Thumb, 0 bytes, Stack size unknown bytes, libinit2.o(.ARM.Collect$$libinit$$0000000E))

<P><STRONG><a name="[2a]"></a>__rt_lib_shutdown</STRONG> (Thumb, 0 bytes, Stack size unknown bytes, libshutdown.o(.ARM.Collect$$libshutdown$$00000000))
<BR><BR>[Called By]<UL><LI><a href="#[29]">&gt;&gt;</a>&nbsp;&nbsp;&nbsp;__rt_exit_ls
</UL>

<P><STRONG><a name="[db]"></a>__rt_lib_shutdown_cpp_1</STRONG> (Thumb, 0 bytes, Stack size unknown bytes, libshutdown2.o(.ARM.Collect$$libshutdown$$00000002))

<P><STRONG><a name="[dc]"></a>__rt_lib_shutdown_fp_trap_1</STRONG> (Thumb, 0 bytes, Stack size unknown bytes, libshutdown2.o(.ARM.Collect$$libshutdown$$00000007))

<P><STRONG><a name="[dd]"></a>__rt_lib_shutdown_heap_1</STRONG> (Thumb, 0 bytes, Stack size unknown bytes, libshutdown2.o(.ARM.Collect$$libshutdown$$0000000F))

<P><STRONG><a name="[de]"></a>__rt_lib_shutdown_return</STRONG> (Thumb, 0 bytes, Stack size unknown bytes, libshutdown2.o(.ARM.Collect$$libshutdown$$00000010))

<P><STRONG><a name="[df]"></a>__rt_lib_shutdown_signal_1</STRONG> (Thumb, 0 bytes, Stack size unknown bytes, libshutdown2.o(.ARM.Collect$$libshutdown$$0000000A))

<P><STRONG><a name="[e0]"></a>__rt_lib_shutdown_stdio_1</STRONG> (Thumb, 0 bytes, Stack size unknown bytes, libshutdown2.o(.ARM.Collect$$libshutdown$$00000004))

<P><STRONG><a name="[e1]"></a>__rt_lib_shutdown_user_alloc_1</STRONG> (Thumb, 0 bytes, Stack size unknown bytes, libshutdown2.o(.ARM.Collect$$libshutdown$$0000000C))

<P><STRONG><a name="[20]"></a>__rt_entry</STRONG> (Thumb, 0 bytes, Stack size unknown bytes, __rtentry.o(.ARM.Collect$$rtentry$$00000000))
<BR><BR>[Called By]<UL><LI><a href="#[1e]">&gt;&gt;</a>&nbsp;&nbsp;&nbsp;__main
<LI><a href="#[21]">&gt;&gt;</a>&nbsp;&nbsp;&nbsp;__scatterload_rt2
</UL>

<P><STRONG><a name="[e2]"></a>__rt_entry_presh_1</STRONG> (Thumb, 0 bytes, Stack size unknown bytes, __rtentry2.o(.ARM.Collect$$rtentry$$00000002))

<P><STRONG><a name="[22]"></a>__rt_entry_sh</STRONG> (Thumb, 0 bytes, Stack size unknown bytes, __rtentry4.o(.ARM.Collect$$rtentry$$00000004))
<BR><BR>[Stack]<UL><LI>Max Depth = 8 + Unknown Stack Size
<LI>Call Chain = __rt_entry_sh &rArr; __user_setup_stackheap
</UL>
<BR>[Calls]<UL><LI><a href="#[23]">&gt;&gt;</a>&nbsp;&nbsp;&nbsp;__user_setup_stackheap
</UL>

<P><STRONG><a name="[24]"></a>__rt_entry_li</STRONG> (Thumb, 0 bytes, Stack size unknown bytes, __rtentry2.o(.ARM.Collect$$rtentry$$0000000A))
<BR><BR>[Calls]<UL><LI><a href="#[25]">&gt;&gt;</a>&nbsp;&nbsp;&nbsp;__rt_lib_init
</UL>

<P><STRONG><a name="[e3]"></a>__rt_entry_postsh_1</STRONG> (Thumb, 0 bytes, Stack size unknown bytes, __rtentry2.o(.ARM.Collect$$rtentry$$00000009))

<P><STRONG><a name="[26]"></a>__rt_entry_main</STRONG> (Thumb, 0 bytes, Stack size unknown bytes, __rtentry2.o(.ARM.Collect$$rtentry$$0000000D))
<BR><BR>[Stack]<UL><LI>Max Depth = 244 + Unknown Stack Size
<LI>Call Chain = __rt_entry_main &rArr; main &rArr; oled_show_mode_select &rArr; OLED_ShowTenths &rArr; OLED_ShowChar &rArr; oled_cursor
</UL>
<BR>[Calls]<UL><LI><a href="#[27]">&gt;&gt;</a>&nbsp;&nbsp;&nbsp;main
<LI><a href="#[28]">&gt;&gt;</a>&nbsp;&nbsp;&nbsp;exit
</UL>

<P><STRONG><a name="[e4]"></a>__rt_entry_postli_1</STRONG> (Thumb, 0 bytes, Stack size unknown bytes, __rtentry2.o(.ARM.Collect$$rtentry$$0000000C))

<P><STRONG><a name="[39]"></a>__rt_exit</STRONG> (Thumb, 0 bytes, Stack size unknown bytes, rtexit.o(.ARM.Collect$$rtexit$$00000000))
<BR><BR>[Called By]<UL><LI><a href="#[28]">&gt;&gt;</a>&nbsp;&nbsp;&nbsp;exit
</UL>

<P><STRONG><a name="[29]"></a>__rt_exit_ls</STRONG> (Thumb, 0 bytes, Stack size unknown bytes, rtexit2.o(.ARM.Collect$$rtexit$$00000003))
<BR><BR>[Calls]<UL><LI><a href="#[2a]">&gt;&gt;</a>&nbsp;&nbsp;&nbsp;__rt_lib_shutdown
</UL>

<P><STRONG><a name="[e5]"></a>__rt_exit_prels_1</STRONG> (Thumb, 0 bytes, Stack size unknown bytes, rtexit2.o(.ARM.Collect$$rtexit$$00000002))

<P><STRONG><a name="[2b]"></a>__rt_exit_exit</STRONG> (Thumb, 0 bytes, Stack size unknown bytes, rtexit2.o(.ARM.Collect$$rtexit$$00000004))
<BR><BR>[Calls]<UL><LI><a href="#[2c]">&gt;&gt;</a>&nbsp;&nbsp;&nbsp;_sys_exit
</UL>

<P><STRONG><a name="[0]"></a>Reset_Handler</STRONG> (Thumb, 4 bytes, Stack size 0 bytes, startup_mspm0g350x_uvision.o(.text))
<BR>[Address Reference Count : 1]<UL><LI> startup_mspm0g350x_uvision.o(RESET)
</UL>
<P><STRONG><a name="[1]"></a>NMI_Handler</STRONG> (Thumb, 2 bytes, Stack size 0 bytes, startup_mspm0g350x_uvision.o(.text))
<BR><BR>[Calls]<UL><LI><a href="#[1]">&gt;&gt;</a>&nbsp;&nbsp;&nbsp;NMI_Handler
</UL>
<BR>[Called By]<UL><LI><a href="#[1]">&gt;&gt;</a>&nbsp;&nbsp;&nbsp;NMI_Handler
</UL>
<BR>[Address Reference Count : 1]<UL><LI> startup_mspm0g350x_uvision.o(RESET)
</UL>
<P><STRONG><a name="[2]"></a>HardFault_Handler</STRONG> (Thumb, 2 bytes, Stack size 0 bytes, startup_mspm0g350x_uvision.o(.text))
<BR><BR>[Calls]<UL><LI><a href="#[2]">&gt;&gt;</a>&nbsp;&nbsp;&nbsp;HardFault_Handler
</UL>
<BR>[Called By]<UL><LI><a href="#[2]">&gt;&gt;</a>&nbsp;&nbsp;&nbsp;HardFault_Handler
</UL>
<BR>[Address Reference Count : 1]<UL><LI> startup_mspm0g350x_uvision.o(RESET)
</UL>
<P><STRONG><a name="[3]"></a>SVC_Handler</STRONG> (Thumb, 2 bytes, Stack size 0 bytes, startup_mspm0g350x_uvision.o(.text))
<BR><BR>[Calls]<UL><LI><a href="#[3]">&gt;&gt;</a>&nbsp;&nbsp;&nbsp;SVC_Handler
</UL>
<BR>[Called By]<UL><LI><a href="#[3]">&gt;&gt;</a>&nbsp;&nbsp;&nbsp;SVC_Handler
</UL>
<BR>[Address Reference Count : 1]<UL><LI> startup_mspm0g350x_uvision.o(RESET)
</UL>
<P><STRONG><a name="[4]"></a>PendSV_Handler</STRONG> (Thumb, 2 bytes, Stack size 0 bytes, startup_mspm0g350x_uvision.o(.text))
<BR><BR>[Calls]<UL><LI><a href="#[4]">&gt;&gt;</a>&nbsp;&nbsp;&nbsp;PendSV_Handler
</UL>
<BR>[Called By]<UL><LI><a href="#[4]">&gt;&gt;</a>&nbsp;&nbsp;&nbsp;PendSV_Handler
</UL>
<BR>[Address Reference Count : 1]<UL><LI> startup_mspm0g350x_uvision.o(RESET)
</UL>
<P><STRONG><a name="[5]"></a>SysTick_Handler</STRONG> (Thumb, 2 bytes, Stack size 0 bytes, startup_mspm0g350x_uvision.o(.text))
<BR><BR>[Calls]<UL><LI><a href="#[5]">&gt;&gt;</a>&nbsp;&nbsp;&nbsp;SysTick_Handler
</UL>
<BR>[Called By]<UL><LI><a href="#[5]">&gt;&gt;</a>&nbsp;&nbsp;&nbsp;SysTick_Handler
</UL>
<BR>[Address Reference Count : 1]<UL><LI> startup_mspm0g350x_uvision.o(RESET)
</UL>
<P><STRONG><a name="[a]"></a>ADC0_IRQHandler</STRONG> (Thumb, 0 bytes, Stack size 0 bytes, startup_mspm0g350x_uvision.o(.text))
<BR>[Address Reference Count : 1]<UL><LI> startup_mspm0g350x_uvision.o(RESET)
</UL>
<P><STRONG><a name="[b]"></a>ADC1_IRQHandler</STRONG> (Thumb, 0 bytes, Stack size 0 bytes, startup_mspm0g350x_uvision.o(.text))
<BR>[Address Reference Count : 1]<UL><LI> startup_mspm0g350x_uvision.o(RESET)
</UL>
<P><STRONG><a name="[1b]"></a>AES_IRQHandler</STRONG> (Thumb, 0 bytes, Stack size 0 bytes, startup_mspm0g350x_uvision.o(.text))
<BR>[Address Reference Count : 1]<UL><LI> startup_mspm0g350x_uvision.o(RESET)
</UL>
<P><STRONG><a name="[c]"></a>CANFD0_IRQHandler</STRONG> (Thumb, 0 bytes, Stack size 0 bytes, startup_mspm0g350x_uvision.o(.text))
<BR>[Address Reference Count : 1]<UL><LI> startup_mspm0g350x_uvision.o(RESET)
</UL>
<P><STRONG><a name="[d]"></a>DAC0_IRQHandler</STRONG> (Thumb, 0 bytes, Stack size 0 bytes, startup_mspm0g350x_uvision.o(.text))
<BR>[Address Reference Count : 1]<UL><LI> startup_mspm0g350x_uvision.o(RESET)
</UL>
<P><STRONG><a name="[1d]"></a>DMA_IRQHandler</STRONG> (Thumb, 0 bytes, Stack size 0 bytes, startup_mspm0g350x_uvision.o(.text))
<BR>[Address Reference Count : 1]<UL><LI> startup_mspm0g350x_uvision.o(RESET)
</UL>
<P><STRONG><a name="[2d]"></a>Default_Handler</STRONG> (Thumb, 2 bytes, Stack size 0 bytes, startup_mspm0g350x_uvision.o(.text), UNUSED)
<BR><BR>[Calls]<UL><LI><a href="#[2d]">&gt;&gt;</a>&nbsp;&nbsp;&nbsp;Default_Handler
</UL>
<BR>[Called By]<UL><LI><a href="#[2d]">&gt;&gt;</a>&nbsp;&nbsp;&nbsp;Default_Handler
</UL>

<P><STRONG><a name="[6]"></a>GROUP0_IRQHandler</STRONG> (Thumb, 0 bytes, Stack size 0 bytes, startup_mspm0g350x_uvision.o(.text))
<BR>[Address Reference Count : 1]<UL><LI> startup_mspm0g350x_uvision.o(RESET)
</UL>
<P><STRONG><a name="[19]"></a>I2C0_IRQHandler</STRONG> (Thumb, 0 bytes, Stack size 0 bytes, startup_mspm0g350x_uvision.o(.text))
<BR>[Address Reference Count : 1]<UL><LI> startup_mspm0g350x_uvision.o(RESET)
</UL>
<P><STRONG><a name="[1a]"></a>I2C1_IRQHandler</STRONG> (Thumb, 0 bytes, Stack size 0 bytes, startup_mspm0g350x_uvision.o(.text))
<BR>[Address Reference Count : 1]<UL><LI> startup_mspm0g350x_uvision.o(RESET)
</UL>
<P><STRONG><a name="[1c]"></a>RTC_IRQHandler</STRONG> (Thumb, 0 bytes, Stack size 0 bytes, startup_mspm0g350x_uvision.o(.text))
<BR>[Address Reference Count : 1]<UL><LI> startup_mspm0g350x_uvision.o(RESET)
</UL>
<P><STRONG><a name="[e]"></a>SPI0_IRQHandler</STRONG> (Thumb, 0 bytes, Stack size 0 bytes, startup_mspm0g350x_uvision.o(.text))
<BR>[Address Reference Count : 1]<UL><LI> startup_mspm0g350x_uvision.o(RESET)
</UL>
<P><STRONG><a name="[f]"></a>SPI1_IRQHandler</STRONG> (Thumb, 0 bytes, Stack size 0 bytes, startup_mspm0g350x_uvision.o(.text))
<BR>[Address Reference Count : 1]<UL><LI> startup_mspm0g350x_uvision.o(RESET)
</UL>
<P><STRONG><a name="[15]"></a>TIMA0_IRQHandler</STRONG> (Thumb, 0 bytes, Stack size 0 bytes, startup_mspm0g350x_uvision.o(.text))
<BR>[Address Reference Count : 1]<UL><LI> startup_mspm0g350x_uvision.o(RESET)
</UL>
<P><STRONG><a name="[16]"></a>TIMA1_IRQHandler</STRONG> (Thumb, 0 bytes, Stack size 0 bytes, startup_mspm0g350x_uvision.o(.text))
<BR>[Address Reference Count : 1]<UL><LI> startup_mspm0g350x_uvision.o(RESET)
</UL>
<P><STRONG><a name="[18]"></a>TIMG12_IRQHandler</STRONG> (Thumb, 0 bytes, Stack size 0 bytes, startup_mspm0g350x_uvision.o(.text))
<BR>[Address Reference Count : 1]<UL><LI> startup_mspm0g350x_uvision.o(RESET)
</UL>
<P><STRONG><a name="[14]"></a>TIMG6_IRQHandler</STRONG> (Thumb, 0 bytes, Stack size 0 bytes, startup_mspm0g350x_uvision.o(.text))
<BR>[Address Reference Count : 1]<UL><LI> startup_mspm0g350x_uvision.o(RESET)
</UL>
<P><STRONG><a name="[12]"></a>UART0_IRQHandler</STRONG> (Thumb, 0 bytes, Stack size 0 bytes, startup_mspm0g350x_uvision.o(.text))
<BR>[Address Reference Count : 1]<UL><LI> startup_mspm0g350x_uvision.o(RESET)
</UL>
<P><STRONG><a name="[11]"></a>UART2_IRQHandler</STRONG> (Thumb, 0 bytes, Stack size 0 bytes, startup_mspm0g350x_uvision.o(.text))
<BR>[Address Reference Count : 1]<UL><LI> startup_mspm0g350x_uvision.o(RESET)
</UL>
<P><STRONG><a name="[9]"></a>UART3_IRQHandler</STRONG> (Thumb, 0 bytes, Stack size 0 bytes, startup_mspm0g350x_uvision.o(.text))
<BR>[Address Reference Count : 1]<UL><LI> startup_mspm0g350x_uvision.o(RESET)
</UL>
<P><STRONG><a name="[37]"></a>__user_initial_stackheap</STRONG> (Thumb, 10 bytes, Stack size 0 bytes, startup_mspm0g350x_uvision.o(.text))
<BR><BR>[Called By]<UL><LI><a href="#[23]">&gt;&gt;</a>&nbsp;&nbsp;&nbsp;__user_setup_stackheap
</UL>

<P><STRONG><a name="[7f]"></a>__aeabi_uidivmod</STRONG> (Thumb, 28 bytes, Stack size 0 bytes, aeabi_sdivfast.o(.text))
<BR><BR>[Called By]<UL><LI><a href="#[80]">&gt;&gt;</a>&nbsp;&nbsp;&nbsp;OLED_ShowSignedInt
<LI><a href="#[7d]">&gt;&gt;</a>&nbsp;&nbsp;&nbsp;OLED_ShowNum
<LI><a href="#[82]">&gt;&gt;</a>&nbsp;&nbsp;&nbsp;OLED_ShowTenths
</UL>

<P><STRONG><a name="[e6]"></a>__aeabi_idivmod</STRONG> (Thumb, 472 bytes, Stack size 8 bytes, aeabi_sdivfast.o(.text), UNUSED)

<P><STRONG><a name="[e7]"></a>__use_two_region_memory</STRONG> (Thumb, 2 bytes, Stack size 0 bytes, heapauxi.o(.text), UNUSED)

<P><STRONG><a name="[e8]"></a>__rt_heap_escrow$2region</STRONG> (Thumb, 2 bytes, Stack size 0 bytes, heapauxi.o(.text), UNUSED)

<P><STRONG><a name="[e9]"></a>__rt_heap_expand$2region</STRONG> (Thumb, 2 bytes, Stack size 0 bytes, heapauxi.o(.text), UNUSED)

<P><STRONG><a name="[66]"></a>__aeabi_fdiv</STRONG> (Thumb, 0 bytes, Stack size 20 bytes, fdiv.o(.text))
<BR><BR>[Stack]<UL><LI>Max Depth = 20<LI>Call Chain = __aeabi_fdiv
</UL>
<BR>[Called By]<UL><LI><a href="#[65]">&gt;&gt;</a>&nbsp;&nbsp;&nbsp;LineSensor_GetSteeringError
<LI><a href="#[63]">&gt;&gt;</a>&nbsp;&nbsp;&nbsp;Encoder_CountsToRpm
<LI><a href="#[60]">&gt;&gt;</a>&nbsp;&nbsp;&nbsp;Control_Tick
<LI><a href="#[6b]">&gt;&gt;</a>&nbsp;&nbsp;&nbsp;Encoder_CountsToDistanceCm
</UL>

<P><STRONG><a name="[ea]"></a>__divsf3</STRONG> (Thumb, 0 bytes, Stack size 20 bytes, fdiv.o(.text), UNUSED)

<P><STRONG><a name="[2f]"></a>_fdiv</STRONG> (Thumb, 334 bytes, Stack size 20 bytes, fdiv.o(.text), UNUSED)
<BR><BR>[Called By]<UL><LI><a href="#[2e]">&gt;&gt;</a>&nbsp;&nbsp;&nbsp;_frdiv
</UL>

<P><STRONG><a name="[2e]"></a>_frdiv</STRONG> (Thumb, 8 bytes, Stack size 0 bytes, fdiv.o(.text), UNUSED)
<BR><BR>[Calls]<UL><LI><a href="#[2f]">&gt;&gt;</a>&nbsp;&nbsp;&nbsp;_fdiv
</UL>

<P><STRONG><a name="[4e]"></a>__aeabi_f2iz</STRONG> (Thumb, 0 bytes, Stack size 8 bytes, ffixi.o(.text))
<BR><BR>[Stack]<UL><LI>Max Depth = 8<LI>Call Chain = __aeabi_f2iz
</UL>
<BR>[Called By]<UL><LI><a href="#[60]">&gt;&gt;</a>&nbsp;&nbsp;&nbsp;Control_Tick
<LI><a href="#[3f]">&gt;&gt;</a>&nbsp;&nbsp;&nbsp;Balance_Tick
</UL>

<P><STRONG><a name="[eb]"></a>_ffix</STRONG> (Thumb, 76 bytes, Stack size 8 bytes, ffixi.o(.text), UNUSED)

<P><STRONG><a name="[31]"></a>__aeabi_i2f_normalise</STRONG> (Thumb, 72 bytes, Stack size 0 bytes, fflti.o(.text))
<BR><BR>[Called By]<UL><LI><a href="#[32]">&gt;&gt;</a>&nbsp;&nbsp;&nbsp;__aeabi_ui2f
<LI><a href="#[30]">&gt;&gt;</a>&nbsp;&nbsp;&nbsp;__aeabi_i2f
</UL>

<P><STRONG><a name="[30]"></a>__aeabi_i2f</STRONG> (Thumb, 16 bytes, Stack size 0 bytes, fflti.o(.text))
<BR><BR>[Calls]<UL><LI><a href="#[31]">&gt;&gt;</a>&nbsp;&nbsp;&nbsp;__aeabi_i2f_normalise
</UL>
<BR>[Called By]<UL><LI><a href="#[63]">&gt;&gt;</a>&nbsp;&nbsp;&nbsp;Encoder_CountsToRpm
<LI><a href="#[60]">&gt;&gt;</a>&nbsp;&nbsp;&nbsp;Control_Tick
<LI><a href="#[3f]">&gt;&gt;</a>&nbsp;&nbsp;&nbsp;Balance_Tick
<LI><a href="#[6b]">&gt;&gt;</a>&nbsp;&nbsp;&nbsp;Encoder_CountsToDistanceCm
</UL>

<P><STRONG><a name="[ec]"></a>_fflt</STRONG> (Thumb, 0 bytes, Stack size 0 bytes, fflti.o(.text), UNUSED)

<P><STRONG><a name="[32]"></a>__aeabi_ui2f</STRONG> (Thumb, 6 bytes, Stack size 0 bytes, fflti.o(.text))
<BR><BR>[Calls]<UL><LI><a href="#[31]">&gt;&gt;</a>&nbsp;&nbsp;&nbsp;__aeabi_i2f_normalise
</UL>
<BR>[Called By]<UL><LI><a href="#[65]">&gt;&gt;</a>&nbsp;&nbsp;&nbsp;LineSensor_GetSteeringError
<LI><a href="#[63]">&gt;&gt;</a>&nbsp;&nbsp;&nbsp;Encoder_CountsToRpm
<LI><a href="#[60]">&gt;&gt;</a>&nbsp;&nbsp;&nbsp;Control_Tick
</UL>

<P><STRONG><a name="[ed]"></a>_ffltu</STRONG> (Thumb, 0 bytes, Stack size 0 bytes, fflti.o(.text), UNUSED)

<P><STRONG><a name="[33]"></a>__fpl_fcmp_InfNaN</STRONG> (Thumb, 96 bytes, Stack size 8 bytes, fcmpin.o(.text), UNUSED)
<BR><BR>[Calls]<UL><LI><a href="#[35]">&gt;&gt;</a>&nbsp;&nbsp;&nbsp;__fpl_fcheck_NaN2
<LI><a href="#[34]">&gt;&gt;</a>&nbsp;&nbsp;&nbsp;__fpl_cmpreturn
</UL>
<BR>[Called By]<UL><LI><a href="#[bb]">&gt;&gt;</a>&nbsp;&nbsp;&nbsp;_fcmple
<LI><a href="#[b8]">&gt;&gt;</a>&nbsp;&nbsp;&nbsp;_fcmpge
</UL>

<P><STRONG><a name="[23]"></a>__user_setup_stackheap</STRONG> (Thumb, 62 bytes, Stack size 8 bytes, sys_stackheap_outer.o(.text))
<BR><BR>[Stack]<UL><LI>Max Depth = 8<LI>Call Chain = __user_setup_stackheap
</UL>
<BR>[Calls]<UL><LI><a href="#[37]">&gt;&gt;</a>&nbsp;&nbsp;&nbsp;__user_initial_stackheap
<LI><a href="#[36]">&gt;&gt;</a>&nbsp;&nbsp;&nbsp;__user_perproc_libspace
</UL>
<BR>[Called By]<UL><LI><a href="#[22]">&gt;&gt;</a>&nbsp;&nbsp;&nbsp;__rt_entry_sh
</UL>

<P><STRONG><a name="[28]"></a>exit</STRONG> (Thumb, 16 bytes, Stack size 8 bytes, exit.o(.text))
<BR><BR>[Stack]<UL><LI>Max Depth = 8 + Unknown Stack Size
<LI>Call Chain = exit
</UL>
<BR>[Calls]<UL><LI><a href="#[39]">&gt;&gt;</a>&nbsp;&nbsp;&nbsp;__rt_exit
<LI><a href="#[38]">&gt;&gt;</a>&nbsp;&nbsp;&nbsp;_call_atexit_fns (Weak Reference)
</UL>
<BR>[Called By]<UL><LI><a href="#[26]">&gt;&gt;</a>&nbsp;&nbsp;&nbsp;__rt_entry_main
</UL>

<P><STRONG><a name="[34]"></a>__fpl_cmpreturn</STRONG> (Thumb, 46 bytes, Stack size 0 bytes, cmpret.o(.text), UNUSED)
<BR><BR>[Called By]<UL><LI><a href="#[33]">&gt;&gt;</a>&nbsp;&nbsp;&nbsp;__fpl_fcmp_InfNaN
<LI><a href="#[3a]">&gt;&gt;</a>&nbsp;&nbsp;&nbsp;__fpl_return_NaN
</UL>

<P><STRONG><a name="[35]"></a>__fpl_fcheck_NaN2</STRONG> (Thumb, 10 bytes, Stack size 8 bytes, fnan2.o(.text), UNUSED)
<BR><BR>[Calls]<UL><LI><a href="#[3a]">&gt;&gt;</a>&nbsp;&nbsp;&nbsp;__fpl_return_NaN
</UL>
<BR>[Called By]<UL><LI><a href="#[33]">&gt;&gt;</a>&nbsp;&nbsp;&nbsp;__fpl_fcmp_InfNaN
</UL>

<P><STRONG><a name="[ee]"></a>__user_libspace</STRONG> (Thumb, 8 bytes, Stack size 0 bytes, libspace.o(.text), UNUSED)

<P><STRONG><a name="[36]"></a>__user_perproc_libspace</STRONG> (Thumb, 0 bytes, Stack size 0 bytes, libspace.o(.text))
<BR><BR>[Called By]<UL><LI><a href="#[23]">&gt;&gt;</a>&nbsp;&nbsp;&nbsp;__user_setup_stackheap
</UL>

<P><STRONG><a name="[ef]"></a>__user_perthread_libspace</STRONG> (Thumb, 0 bytes, Stack size 0 bytes, libspace.o(.text), UNUSED)

<P><STRONG><a name="[3a]"></a>__fpl_return_NaN</STRONG> (Thumb, 94 bytes, Stack size 8 bytes, retnan.o(.text), UNUSED)
<BR><BR>[Calls]<UL><LI><a href="#[34]">&gt;&gt;</a>&nbsp;&nbsp;&nbsp;__fpl_cmpreturn
</UL>
<BR>[Called By]<UL><LI><a href="#[35]">&gt;&gt;</a>&nbsp;&nbsp;&nbsp;__fpl_fcheck_NaN2
</UL>

<P><STRONG><a name="[2c]"></a>_sys_exit</STRONG> (Thumb, 8 bytes, Stack size 0 bytes, sys_exit.o(.text))
<BR><BR>[Called By]<UL><LI><a href="#[2b]">&gt;&gt;</a>&nbsp;&nbsp;&nbsp;__rt_exit_exit
</UL>

<P><STRONG><a name="[f0]"></a>__I$use$semihosting</STRONG> (Thumb, 0 bytes, Stack size 0 bytes, use_no_semi.o(.text), UNUSED)

<P><STRONG><a name="[f1]"></a>__use_no_semihosting_swi</STRONG> (Thumb, 2 bytes, Stack size 0 bytes, use_no_semi.o(.text), UNUSED)

<P><STRONG><a name="[f2]"></a>__semihosting_library_function</STRONG> (Thumb, 0 bytes, Stack size unknown bytes, indicate_semi.o(.text), UNUSED)

<P><STRONG><a name="[a5]"></a>BalanceTask_Init</STRONG> (Thumb, 24 bytes, Stack size 0 bytes, balance_task.o(.text.BalanceTask_Init))
<BR><BR>[Called By]<UL><LI><a href="#[27]">&gt;&gt;</a>&nbsp;&nbsp;&nbsp;main
</UL>

<P><STRONG><a name="[54]"></a>BalanceTask_IsComplete</STRONG> (Thumb, 12 bytes, Stack size 0 bytes, balance_task.o(.text.BalanceTask_IsComplete))
<BR><BR>[Called By]<UL><LI><a href="#[51]">&gt;&gt;</a>&nbsp;&nbsp;&nbsp;Competition_Update
</UL>

<P><STRONG><a name="[3b]"></a>BalanceTask_Start</STRONG> (Thumb, 64 bytes, Stack size 16 bytes, balance_task.o(.text.BalanceTask_Start))
<BR><BR>[Stack]<UL><LI>Max Depth = 24<LI>Call Chain = BalanceTask_Start &rArr; Balance_Enable
</UL>
<BR>[Calls]<UL><LI><a href="#[3d]">&gt;&gt;</a>&nbsp;&nbsp;&nbsp;Balance_SetTarget
<LI><a href="#[3c]">&gt;&gt;</a>&nbsp;&nbsp;&nbsp;Balance_Enable
</UL>
<BR>[Called By]<UL><LI><a href="#[53]">&gt;&gt;</a>&nbsp;&nbsp;&nbsp;start_task
</UL>

<P><STRONG><a name="[3e]"></a>BalanceTask_Update</STRONG> (Thumb, 256 bytes, Stack size 24 bytes, balance_task.o(.text.BalanceTask_Update))
<BR><BR>[Stack]<UL><LI>Max Depth = 128<LI>Call Chain = BalanceTask_Update &rArr; Balance_Tick &rArr; Stepper_SetSpeed &rArr; DL_Timer_setCaptCompUpdateMethod
</UL>
<BR>[Calls]<UL><LI><a href="#[42]">&gt;&gt;</a>&nbsp;&nbsp;&nbsp;Balance_GetBallVelocity
<LI><a href="#[41]">&gt;&gt;</a>&nbsp;&nbsp;&nbsp;Balance_GetError
<LI><a href="#[40]">&gt;&gt;</a>&nbsp;&nbsp;&nbsp;Balance_IsTracking
<LI><a href="#[3f]">&gt;&gt;</a>&nbsp;&nbsp;&nbsp;Balance_Tick
<LI><a href="#[3d]">&gt;&gt;</a>&nbsp;&nbsp;&nbsp;Balance_SetTarget
</UL>
<BR>[Called By]<UL><LI><a href="#[51]">&gt;&gt;</a>&nbsp;&nbsp;&nbsp;Competition_Update
</UL>

<P><STRONG><a name="[43]"></a>Balance_Disable</STRONG> (Thumb, 44 bytes, Stack size 8 bytes, balance_controller.o(.text.Balance_Disable))
<BR><BR>[Stack]<UL><LI>Max Depth = 48<LI>Call Chain = Balance_Disable &rArr; Stepper_SetSpeed &rArr; DL_Timer_setCaptCompUpdateMethod
</UL>
<BR>[Calls]<UL><LI><a href="#[45]">&gt;&gt;</a>&nbsp;&nbsp;&nbsp;Stepper_Disable
<LI><a href="#[44]">&gt;&gt;</a>&nbsp;&nbsp;&nbsp;Stepper_SetSpeed
</UL>
<BR>[Called By]<UL><LI><a href="#[53]">&gt;&gt;</a>&nbsp;&nbsp;&nbsp;start_task
<LI><a href="#[51]">&gt;&gt;</a>&nbsp;&nbsp;&nbsp;Competition_Update
</UL>

<P><STRONG><a name="[3c]"></a>Balance_Enable</STRONG> (Thumb, 48 bytes, Stack size 8 bytes, balance_controller.o(.text.Balance_Enable))
<BR><BR>[Stack]<UL><LI>Max Depth = 8<LI>Call Chain = Balance_Enable
</UL>
<BR>[Calls]<UL><LI><a href="#[46]">&gt;&gt;</a>&nbsp;&nbsp;&nbsp;Stepper_Enable
</UL>
<BR>[Called By]<UL><LI><a href="#[3b]">&gt;&gt;</a>&nbsp;&nbsp;&nbsp;BalanceTask_Start
</UL>

<P><STRONG><a name="[42]"></a>Balance_GetBallVelocity</STRONG> (Thumb, 8 bytes, Stack size 0 bytes, balance_controller.o(.text.Balance_GetBallVelocity))
<BR><BR>[Called By]<UL><LI><a href="#[3e]">&gt;&gt;</a>&nbsp;&nbsp;&nbsp;BalanceTask_Update
</UL>

<P><STRONG><a name="[41]"></a>Balance_GetError</STRONG> (Thumb, 8 bytes, Stack size 0 bytes, balance_controller.o(.text.Balance_GetError))
<BR><BR>[Called By]<UL><LI><a href="#[3e]">&gt;&gt;</a>&nbsp;&nbsp;&nbsp;BalanceTask_Update
</UL>

<P><STRONG><a name="[b2]"></a>Balance_GetOutput</STRONG> (Thumb, 8 bytes, Stack size 0 bytes, balance_controller.o(.text.Balance_GetOutput))
<BR><BR>[Called By]<UL><LI><a href="#[a7]">&gt;&gt;</a>&nbsp;&nbsp;&nbsp;oled_show_mode_select
</UL>

<P><STRONG><a name="[b1]"></a>Balance_GetTarget</STRONG> (Thumb, 8 bytes, Stack size 0 bytes, balance_controller.o(.text.Balance_GetTarget))
<BR><BR>[Called By]<UL><LI><a href="#[a7]">&gt;&gt;</a>&nbsp;&nbsp;&nbsp;oled_show_mode_select
</UL>

<P><STRONG><a name="[af]"></a>Balance_GetTargetAb</STRONG> (Thumb, 8 bytes, Stack size 0 bytes, balance_controller.o(.text.Balance_GetTargetAb))
<BR><BR>[Called By]<UL><LI><a href="#[a7]">&gt;&gt;</a>&nbsp;&nbsp;&nbsp;oled_show_mode_select
</UL>

<P><STRONG><a name="[a2]"></a>Balance_Init</STRONG> (Thumb, 72 bytes, Stack size 0 bytes, balance_controller.o(.text.Balance_Init))
<BR><BR>[Called By]<UL><LI><a href="#[27]">&gt;&gt;</a>&nbsp;&nbsp;&nbsp;main
</UL>

<P><STRONG><a name="[40]"></a>Balance_IsTracking</STRONG> (Thumb, 8 bytes, Stack size 0 bytes, balance_controller.o(.text.Balance_IsTracking))
<BR><BR>[Called By]<UL><LI><a href="#[3e]">&gt;&gt;</a>&nbsp;&nbsp;&nbsp;BalanceTask_Update
</UL>

<P><STRONG><a name="[b6]"></a>Balance_SelectPidProfile</STRONG> (Thumb, 36 bytes, Stack size 0 bytes, balance_controller.o(.text.Balance_SelectPidProfile))
<BR><BR>[Called By]<UL><LI><a href="#[53]">&gt;&gt;</a>&nbsp;&nbsp;&nbsp;start_task
</UL>

<P><STRONG><a name="[3d]"></a>Balance_SetTarget</STRONG> (Thumb, 20 bytes, Stack size 0 bytes, balance_controller.o(.text.Balance_SetTarget))
<BR><BR>[Called By]<UL><LI><a href="#[3b]">&gt;&gt;</a>&nbsp;&nbsp;&nbsp;BalanceTask_Start
<LI><a href="#[3e]">&gt;&gt;</a>&nbsp;&nbsp;&nbsp;BalanceTask_Update
</UL>

<P><STRONG><a name="[3f]"></a>Balance_Tick</STRONG> (Thumb, 404 bytes, Stack size 64 bytes, balance_controller.o(.text.Balance_Tick))
<BR><BR>[Stack]<UL><LI>Max Depth = 104<LI>Call Chain = Balance_Tick &rArr; Stepper_SetSpeed &rArr; DL_Timer_setCaptCompUpdateMethod
</UL>
<BR>[Calls]<UL><LI><a href="#[48]">&gt;&gt;</a>&nbsp;&nbsp;&nbsp;Camera_IsBallUsable
<LI><a href="#[50]">&gt;&gt;</a>&nbsp;&nbsp;&nbsp;StepperFeedback_IsTravelCommandAllowed
<LI><a href="#[44]">&gt;&gt;</a>&nbsp;&nbsp;&nbsp;Stepper_SetSpeed
<LI><a href="#[4f]">&gt;&gt;</a>&nbsp;&nbsp;&nbsp;StepperFeedback_GetSnapshot
<LI><a href="#[47]">&gt;&gt;</a>&nbsp;&nbsp;&nbsp;Camera_GetData
<LI><a href="#[49]">&gt;&gt;</a>&nbsp;&nbsp;&nbsp;__aeabi_fmul
<LI><a href="#[30]">&gt;&gt;</a>&nbsp;&nbsp;&nbsp;__aeabi_i2f
<LI><a href="#[4e]">&gt;&gt;</a>&nbsp;&nbsp;&nbsp;__aeabi_f2iz
<LI><a href="#[4c]">&gt;&gt;</a>&nbsp;&nbsp;&nbsp;__aeabi_fcmplt
<LI><a href="#[4b]">&gt;&gt;</a>&nbsp;&nbsp;&nbsp;__aeabi_fcmpgt
<LI><a href="#[4d]">&gt;&gt;</a>&nbsp;&nbsp;&nbsp;__aeabi_fsub
<LI><a href="#[4a]">&gt;&gt;</a>&nbsp;&nbsp;&nbsp;__aeabi_fadd
</UL>
<BR>[Called By]<UL><LI><a href="#[3e]">&gt;&gt;</a>&nbsp;&nbsp;&nbsp;BalanceTask_Update
</UL>

<P><STRONG><a name="[52]"></a>Button_GetEvent</STRONG> (Thumb, 20 bytes, Stack size 0 bytes, button_input.o(.text.Button_GetEvent))
<BR><BR>[Called By]<UL><LI><a href="#[51]">&gt;&gt;</a>&nbsp;&nbsp;&nbsp;Competition_Update
</UL>

<P><STRONG><a name="[a3]"></a>Button_Init</STRONG> (Thumb, 48 bytes, Stack size 0 bytes, button_input.o(.text.Button_Init))
<BR><BR>[Called By]<UL><LI><a href="#[27]">&gt;&gt;</a>&nbsp;&nbsp;&nbsp;main
</UL>

<P><STRONG><a name="[a9]"></a>Button_Update</STRONG> (Thumb, 200 bytes, Stack size 8 bytes, button_input.o(.text.Button_Update))
<BR><BR>[Stack]<UL><LI>Max Depth = 8<LI>Call Chain = Button_Update
</UL>
<BR>[Called By]<UL><LI><a href="#[27]">&gt;&gt;</a>&nbsp;&nbsp;&nbsp;main
</UL>

<P><STRONG><a name="[9e]"></a>Camera_FeedByte</STRONG> (Thumb, 680 bytes, Stack size 32 bytes, camera_uart.o(.text.Camera_FeedByte))
<BR><BR>[Stack]<UL><LI>Max Depth = 32<LI>Call Chain = Camera_FeedByte
</UL>
<BR>[Called By]<UL><LI><a href="#[10]">&gt;&gt;</a>&nbsp;&nbsp;&nbsp;UART1_IRQHandler
</UL>

<P><STRONG><a name="[47]"></a>Camera_GetData</STRONG> (Thumb, 4 bytes, Stack size 0 bytes, camera_uart.o(.text.Camera_GetData))
<BR><BR>[Called By]<UL><LI><a href="#[3f]">&gt;&gt;</a>&nbsp;&nbsp;&nbsp;Balance_Tick
<LI><a href="#[a7]">&gt;&gt;</a>&nbsp;&nbsp;&nbsp;oled_show_mode_select
</UL>

<P><STRONG><a name="[a1]"></a>Camera_Init</STRONG> (Thumb, 44 bytes, Stack size 0 bytes, camera_uart.o(.text.Camera_Init))
<BR><BR>[Called By]<UL><LI><a href="#[27]">&gt;&gt;</a>&nbsp;&nbsp;&nbsp;main
</UL>

<P><STRONG><a name="[48]"></a>Camera_IsBallUsable</STRONG> (Thumb, 32 bytes, Stack size 0 bytes, camera_uart.o(.text.Camera_IsBallUsable))
<BR><BR>[Called By]<UL><LI><a href="#[3f]">&gt;&gt;</a>&nbsp;&nbsp;&nbsp;Balance_Tick
</UL>

<P><STRONG><a name="[ad]"></a>Camera_IsDataFresh</STRONG> (Thumb, 32 bytes, Stack size 8 bytes, camera_uart.o(.text.Camera_IsDataFresh))
<BR><BR>[Stack]<UL><LI>Max Depth = 8<LI>Call Chain = Camera_IsDataFresh
</UL>
<BR>[Called By]<UL><LI><a href="#[a7]">&gt;&gt;</a>&nbsp;&nbsp;&nbsp;oled_show_mode_select
</UL>

<P><STRONG><a name="[ac]"></a>Competition_GetElapsedMs</STRONG> (Thumb, 8 bytes, Stack size 0 bytes, competition_mode.o(.text.Competition_GetElapsedMs))
<BR><BR>[Called By]<UL><LI><a href="#[a7]">&gt;&gt;</a>&nbsp;&nbsp;&nbsp;oled_show_mode_select
</UL>

<P><STRONG><a name="[aa]"></a>Competition_GetMode</STRONG> (Thumb, 8 bytes, Stack size 0 bytes, competition_mode.o(.text.Competition_GetMode))
<BR><BR>[Called By]<UL><LI><a href="#[a7]">&gt;&gt;</a>&nbsp;&nbsp;&nbsp;oled_show_mode_select
</UL>

<P><STRONG><a name="[ab]"></a>Competition_GetState</STRONG> (Thumb, 8 bytes, Stack size 0 bytes, competition_mode.o(.text.Competition_GetState))
<BR><BR>[Called By]<UL><LI><a href="#[a7]">&gt;&gt;</a>&nbsp;&nbsp;&nbsp;oled_show_mode_select
</UL>

<P><STRONG><a name="[a6]"></a>Competition_Init</STRONG> (Thumb, 40 bytes, Stack size 0 bytes, competition_mode.o(.text.Competition_Init))
<BR><BR>[Called By]<UL><LI><a href="#[27]">&gt;&gt;</a>&nbsp;&nbsp;&nbsp;main
</UL>

<P><STRONG><a name="[51]"></a>Competition_Update</STRONG> (Thumb, 480 bytes, Stack size 48 bytes, competition_mode.o(.text.Competition_Update))
<BR><BR>[Stack]<UL><LI>Max Depth = 176<LI>Call Chain = Competition_Update &rArr; BalanceTask_Update &rArr; Balance_Tick &rArr; Stepper_SetSpeed &rArr; DL_Timer_setCaptCompUpdateMethod
</UL>
<BR>[Calls]<UL><LI><a href="#[50]">&gt;&gt;</a>&nbsp;&nbsp;&nbsp;StepperFeedback_IsTravelCommandAllowed
<LI><a href="#[5b]">&gt;&gt;</a>&nbsp;&nbsp;&nbsp;StepperFeedback_ResetCountsAt
<LI><a href="#[46]">&gt;&gt;</a>&nbsp;&nbsp;&nbsp;Stepper_Enable
<LI><a href="#[5a]">&gt;&gt;</a>&nbsp;&nbsp;&nbsp;Stepper_ResetPosition
<LI><a href="#[59]">&gt;&gt;</a>&nbsp;&nbsp;&nbsp;StepperFeedback_SetTravelLimits
<LI><a href="#[57]">&gt;&gt;</a>&nbsp;&nbsp;&nbsp;LineFollow_IsComplete
<LI><a href="#[56]">&gt;&gt;</a>&nbsp;&nbsp;&nbsp;LineFollow_Update
<LI><a href="#[55]">&gt;&gt;</a>&nbsp;&nbsp;&nbsp;StepperFeedback_ClearTravelLimits
<LI><a href="#[45]">&gt;&gt;</a>&nbsp;&nbsp;&nbsp;Stepper_Disable
<LI><a href="#[44]">&gt;&gt;</a>&nbsp;&nbsp;&nbsp;Stepper_SetSpeed
<LI><a href="#[54]">&gt;&gt;</a>&nbsp;&nbsp;&nbsp;BalanceTask_IsComplete
<LI><a href="#[3e]">&gt;&gt;</a>&nbsp;&nbsp;&nbsp;BalanceTask_Update
<LI><a href="#[52]">&gt;&gt;</a>&nbsp;&nbsp;&nbsp;Button_GetEvent
<LI><a href="#[43]">&gt;&gt;</a>&nbsp;&nbsp;&nbsp;Balance_Disable
<LI><a href="#[58]">&gt;&gt;</a>&nbsp;&nbsp;&nbsp;Control_SetMode
<LI><a href="#[53]">&gt;&gt;</a>&nbsp;&nbsp;&nbsp;start_task
<LI><a href="#[4f]">&gt;&gt;</a>&nbsp;&nbsp;&nbsp;StepperFeedback_GetSnapshot
</UL>
<BR>[Called By]<UL><LI><a href="#[27]">&gt;&gt;</a>&nbsp;&nbsp;&nbsp;main
</UL>

<P><STRONG><a name="[70]"></a>Control_GetLeftDistance</STRONG> (Thumb, 8 bytes, Stack size 0 bytes, vehicle_controller.o(.text.Control_GetLeftDistance))
<BR><BR>[Called By]<UL><LI><a href="#[56]">&gt;&gt;</a>&nbsp;&nbsp;&nbsp;LineFollow_Update
</UL>

<P><STRONG><a name="[b3]"></a>Control_GetLineError</STRONG> (Thumb, 8 bytes, Stack size 0 bytes, vehicle_controller.o(.text.Control_GetLineError))
<BR><BR>[Called By]<UL><LI><a href="#[a7]">&gt;&gt;</a>&nbsp;&nbsp;&nbsp;oled_show_mode_select
</UL>

<P><STRONG><a name="[71]"></a>Control_GetRightDistance</STRONG> (Thumb, 8 bytes, Stack size 0 bytes, vehicle_controller.o(.text.Control_GetRightDistance))
<BR><BR>[Called By]<UL><LI><a href="#[56]">&gt;&gt;</a>&nbsp;&nbsp;&nbsp;LineFollow_Update
</UL>

<P><STRONG><a name="[9d]"></a>Control_GetTickCount</STRONG> (Thumb, 8 bytes, Stack size 0 bytes, vehicle_controller.o(.text.Control_GetTickCount))
<BR><BR>[Called By]<UL><LI><a href="#[27]">&gt;&gt;</a>&nbsp;&nbsp;&nbsp;main
<LI><a href="#[10]">&gt;&gt;</a>&nbsp;&nbsp;&nbsp;UART1_IRQHandler
<LI><a href="#[a7]">&gt;&gt;</a>&nbsp;&nbsp;&nbsp;oled_show_mode_select
</UL>

<P><STRONG><a name="[5c]"></a>Control_Init</STRONG> (Thumb, 112 bytes, Stack size 8 bytes, vehicle_controller.o(.text.Control_Init))
<BR><BR>[Stack]<UL><LI>Max Depth = 24<LI>Call Chain = Control_Init &rArr; Motor_Stop
</UL>
<BR>[Calls]<UL><LI><a href="#[5d]">&gt;&gt;</a>&nbsp;&nbsp;&nbsp;Motor_Stop
</UL>
<BR>[Called By]<UL><LI><a href="#[27]">&gt;&gt;</a>&nbsp;&nbsp;&nbsp;main
</UL>

<P><STRONG><a name="[6f]"></a>Control_ResetDistance</STRONG> (Thumb, 20 bytes, Stack size 0 bytes, vehicle_controller.o(.text.Control_ResetDistance))
<BR><BR>[Called By]<UL><LI><a href="#[6d]">&gt;&gt;</a>&nbsp;&nbsp;&nbsp;LineFollow_Start
<LI><a href="#[53]">&gt;&gt;</a>&nbsp;&nbsp;&nbsp;start_task
</UL>

<P><STRONG><a name="[5e]"></a>Control_SetBaseSpeed</STRONG> (Thumb, 24 bytes, Stack size 8 bytes, vehicle_controller.o(.text.Control_SetBaseSpeed))
<BR><BR>[Stack]<UL><LI>Max Depth = 16<LI>Call Chain = Control_SetBaseSpeed &rArr; __aeabi_fcmpgt
</UL>
<BR>[Calls]<UL><LI><a href="#[4b]">&gt;&gt;</a>&nbsp;&nbsp;&nbsp;__aeabi_fcmpgt
</UL>
<BR>[Called By]<UL><LI><a href="#[53]">&gt;&gt;</a>&nbsp;&nbsp;&nbsp;start_task
</UL>

<P><STRONG><a name="[b4]"></a>Control_SetLineProfile</STRONG> (Thumb, 48 bytes, Stack size 0 bytes, vehicle_controller.o(.text.Control_SetLineProfile))
<BR><BR>[Called By]<UL><LI><a href="#[53]">&gt;&gt;</a>&nbsp;&nbsp;&nbsp;start_task
</UL>

<P><STRONG><a name="[58]"></a>Control_SetMode</STRONG> (Thumb, 80 bytes, Stack size 8 bytes, vehicle_controller.o(.text.Control_SetMode))
<BR><BR>[Stack]<UL><LI>Max Depth = 24<LI>Call Chain = Control_SetMode &rArr; Motor_Brake
</UL>
<BR>[Calls]<UL><LI><a href="#[5f]">&gt;&gt;</a>&nbsp;&nbsp;&nbsp;Motor_Brake
</UL>
<BR>[Called By]<UL><LI><a href="#[56]">&gt;&gt;</a>&nbsp;&nbsp;&nbsp;LineFollow_Update
<LI><a href="#[53]">&gt;&gt;</a>&nbsp;&nbsp;&nbsp;start_task
<LI><a href="#[51]">&gt;&gt;</a>&nbsp;&nbsp;&nbsp;Competition_Update
</UL>

<P><STRONG><a name="[b5]"></a>Control_SetStartRamp</STRONG> (Thumb, 32 bytes, Stack size 0 bytes, vehicle_controller.o(.text.Control_SetStartRamp))
<BR><BR>[Called By]<UL><LI><a href="#[53]">&gt;&gt;</a>&nbsp;&nbsp;&nbsp;start_task
</UL>

<P><STRONG><a name="[60]"></a>Control_Tick</STRONG> (Thumb, 1624 bytes, Stack size 48 bytes, vehicle_controller.o(.text.Control_Tick))
<BR><BR>[Stack]<UL><LI>Max Depth = 92<LI>Call Chain = Control_Tick &rArr; LineSensor_GetSteeringError &rArr; __aeabi_fdiv
</UL>
<BR>[Calls]<UL><LI><a href="#[68]">&gt;&gt;</a>&nbsp;&nbsp;&nbsp;Motor_SetDuty
<LI><a href="#[65]">&gt;&gt;</a>&nbsp;&nbsp;&nbsp;LineSensor_GetSteeringError
<LI><a href="#[63]">&gt;&gt;</a>&nbsp;&nbsp;&nbsp;Encoder_CountsToRpm
<LI><a href="#[62]">&gt;&gt;</a>&nbsp;&nbsp;&nbsp;Encoder_TakeCounts
<LI><a href="#[61]">&gt;&gt;</a>&nbsp;&nbsp;&nbsp;LineSensor_Update
<LI><a href="#[5f]">&gt;&gt;</a>&nbsp;&nbsp;&nbsp;Motor_Brake
<LI><a href="#[49]">&gt;&gt;</a>&nbsp;&nbsp;&nbsp;__aeabi_fmul
<LI><a href="#[32]">&gt;&gt;</a>&nbsp;&nbsp;&nbsp;__aeabi_ui2f
<LI><a href="#[30]">&gt;&gt;</a>&nbsp;&nbsp;&nbsp;__aeabi_i2f
<LI><a href="#[4e]">&gt;&gt;</a>&nbsp;&nbsp;&nbsp;__aeabi_f2iz
<LI><a href="#[66]">&gt;&gt;</a>&nbsp;&nbsp;&nbsp;__aeabi_fdiv
<LI><a href="#[4c]">&gt;&gt;</a>&nbsp;&nbsp;&nbsp;__aeabi_fcmplt
<LI><a href="#[67]">&gt;&gt;</a>&nbsp;&nbsp;&nbsp;__aeabi_fcmple
<LI><a href="#[4b]">&gt;&gt;</a>&nbsp;&nbsp;&nbsp;__aeabi_fcmpgt
<LI><a href="#[64]">&gt;&gt;</a>&nbsp;&nbsp;&nbsp;__aeabi_fcmpge
<LI><a href="#[4d]">&gt;&gt;</a>&nbsp;&nbsp;&nbsp;__aeabi_fsub
<LI><a href="#[4a]">&gt;&gt;</a>&nbsp;&nbsp;&nbsp;__aeabi_fadd
</UL>
<BR>[Called By]<UL><LI><a href="#[13]">&gt;&gt;</a>&nbsp;&nbsp;&nbsp;TIMG0_IRQHandler
</UL>

<P><STRONG><a name="[84]"></a>DL_ADC12_setClockConfig</STRONG> (Thumb, 64 bytes, Stack size 16 bytes, dl_adc12.o(.text.DL_ADC12_setClockConfig))
<BR><BR>[Stack]<UL><LI>Max Depth = 16<LI>Call Chain = DL_ADC12_setClockConfig
</UL>
<BR>[Called By]<UL><LI><a href="#[83]">&gt;&gt;</a>&nbsp;&nbsp;&nbsp;SYSCFG_DL_BATTERY_ADC_init
</UL>

<P><STRONG><a name="[7b]"></a>DL_Common_delayCycles</STRONG> (Thumb, 10 bytes, Stack size 0 bytes, dl_common.o(.text.DL_Common_delayCycles))
<BR><BR>[Called By]<UL><LI><a href="#[7a]">&gt;&gt;</a>&nbsp;&nbsp;&nbsp;OLED_Init
<LI><a href="#[98]">&gt;&gt;</a>&nbsp;&nbsp;&nbsp;SYSCFG_DL_initPower
</UL>

<P><STRONG><a name="[75]"></a>DL_I2C_fillControllerTXFIFO</STRONG> (Thumb, 44 bytes, Stack size 8 bytes, dl_i2c.o(.text.DL_I2C_fillControllerTXFIFO))
<BR><BR>[Stack]<UL><LI>Max Depth = 8<LI>Call Chain = DL_I2C_fillControllerTXFIFO
</UL>
<BR>[Called By]<UL><LI><a href="#[73]">&gt;&gt;</a>&nbsp;&nbsp;&nbsp;LineSensor_Poll
</UL>

<P><STRONG><a name="[74]"></a>DL_I2C_flushControllerTXFIFO</STRONG> (Thumb, 40 bytes, Stack size 0 bytes, dl_i2c.o(.text.DL_I2C_flushControllerTXFIFO))
<BR><BR>[Called By]<UL><LI><a href="#[73]">&gt;&gt;</a>&nbsp;&nbsp;&nbsp;LineSensor_Poll
</UL>

<P><STRONG><a name="[89]"></a>DL_I2C_setClockConfig</STRONG> (Thumb, 38 bytes, Stack size 16 bytes, dl_i2c.o(.text.DL_I2C_setClockConfig))
<BR><BR>[Stack]<UL><LI>Max Depth = 16<LI>Call Chain = DL_I2C_setClockConfig
</UL>
<BR>[Called By]<UL><LI><a href="#[88]">&gt;&gt;</a>&nbsp;&nbsp;&nbsp;SYSCFG_DL_LINE_I2C_init
</UL>

<P><STRONG><a name="[92]"></a>DL_SYSCTL_configSYSPLL</STRONG> (Thumb, 196 bytes, Stack size 36 bytes, dl_sysctl_mspm0g1x0x_g3x0x.o(.text.DL_SYSCTL_configSYSPLL))
<BR><BR>[Stack]<UL><LI>Max Depth = 36<LI>Call Chain = DL_SYSCTL_configSYSPLL
</UL>
<BR>[Called By]<UL><LI><a href="#[91]">&gt;&gt;</a>&nbsp;&nbsp;&nbsp;SYSCFG_DL_SYSCTL_init
</UL>

<P><STRONG><a name="[93]"></a>DL_SYSCTL_switchMCLKfromSYSOSCtoHSCLK</STRONG> (Thumb, 40 bytes, Stack size 0 bytes, dl_sysctl_mspm0g1x0x_g3x0x.o(.text.DL_SYSCTL_switchMCLKfromSYSOSCtoHSCLK))
<BR><BR>[Called By]<UL><LI><a href="#[91]">&gt;&gt;</a>&nbsp;&nbsp;&nbsp;SYSCFG_DL_SYSCTL_init
</UL>

<P><STRONG><a name="[69]"></a>DL_TimerA_initPWMMode</STRONG> (Thumb, 116 bytes, Stack size 24 bytes, dl_timer.o(.text.DL_TimerA_initPWMMode))
<BR><BR>[Stack]<UL><LI>Max Depth = 44<LI>Call Chain = DL_TimerA_initPWMMode &rArr; DL_Timer_initPWMMode
</UL>
<BR>[Calls]<UL><LI><a href="#[6a]">&gt;&gt;</a>&nbsp;&nbsp;&nbsp;DL_Timer_initPWMMode
</UL>
<BR>[Called By]<UL><LI><a href="#[8a]">&gt;&gt;</a>&nbsp;&nbsp;&nbsp;SYSCFG_DL_PWM_0_init
</UL>

<P><STRONG><a name="[9c]"></a>DL_Timer_getCaptureCompareValue</STRONG> (Thumb, 12 bytes, Stack size 0 bytes, dl_timer.o(.text.DL_Timer_getCaptureCompareValue))
<BR><BR>[Called By]<UL><LI><a href="#[8]">&gt;&gt;</a>&nbsp;&nbsp;&nbsp;TIMG8_IRQHandler
</UL>

<P><STRONG><a name="[90]"></a>DL_Timer_initCaptureCombinedMode</STRONG> (Thumb, 220 bytes, Stack size 40 bytes, dl_timer.o(.text.DL_Timer_initCaptureCombinedMode))
<BR><BR>[Stack]<UL><LI>Max Depth = 40<LI>Call Chain = DL_Timer_initCaptureCombinedMode
</UL>
<BR>[Called By]<UL><LI><a href="#[8f]">&gt;&gt;</a>&nbsp;&nbsp;&nbsp;SYSCFG_DL_STEPPER_POS_CAP_init
</UL>

<P><STRONG><a name="[6a]"></a>DL_Timer_initPWMMode</STRONG> (Thumb, 192 bytes, Stack size 20 bytes, dl_timer.o(.text.DL_Timer_initPWMMode))
<BR><BR>[Stack]<UL><LI>Max Depth = 20<LI>Call Chain = DL_Timer_initPWMMode
</UL>
<BR>[Called By]<UL><LI><a href="#[69]">&gt;&gt;</a>&nbsp;&nbsp;&nbsp;DL_TimerA_initPWMMode
<LI><a href="#[8e]">&gt;&gt;</a>&nbsp;&nbsp;&nbsp;SYSCFG_DL_PWM_STEPPER_init
</UL>

<P><STRONG><a name="[95]"></a>DL_Timer_initTimerMode</STRONG> (Thumb, 240 bytes, Stack size 16 bytes, dl_timer.o(.text.DL_Timer_initTimerMode))
<BR><BR>[Stack]<UL><LI>Max Depth = 16<LI>Call Chain = DL_Timer_initTimerMode
</UL>
<BR>[Called By]<UL><LI><a href="#[94]">&gt;&gt;</a>&nbsp;&nbsp;&nbsp;SYSCFG_DL_TIMER_0_init
</UL>

<P><STRONG><a name="[8d]"></a>DL_Timer_setCaptCompUpdateMethod</STRONG> (Thumb, 28 bytes, Stack size 8 bytes, dl_timer.o(.text.DL_Timer_setCaptCompUpdateMethod))
<BR><BR>[Stack]<UL><LI>Max Depth = 8<LI>Call Chain = DL_Timer_setCaptCompUpdateMethod
</UL>
<BR>[Called By]<UL><LI><a href="#[17]">&gt;&gt;</a>&nbsp;&nbsp;&nbsp;TIMG7_IRQHandler
<LI><a href="#[45]">&gt;&gt;</a>&nbsp;&nbsp;&nbsp;Stepper_Disable
<LI><a href="#[44]">&gt;&gt;</a>&nbsp;&nbsp;&nbsp;Stepper_SetSpeed
<LI><a href="#[9b]">&gt;&gt;</a>&nbsp;&nbsp;&nbsp;Stepper_Init
<LI><a href="#[8e]">&gt;&gt;</a>&nbsp;&nbsp;&nbsp;SYSCFG_DL_PWM_STEPPER_init
<LI><a href="#[8a]">&gt;&gt;</a>&nbsp;&nbsp;&nbsp;SYSCFG_DL_PWM_0_init
</UL>

<P><STRONG><a name="[8c]"></a>DL_Timer_setCaptureCompareOutCtl</STRONG> (Thumb, 24 bytes, Stack size 8 bytes, dl_timer.o(.text.DL_Timer_setCaptureCompareOutCtl))
<BR><BR>[Stack]<UL><LI>Max Depth = 8<LI>Call Chain = DL_Timer_setCaptureCompareOutCtl
</UL>
<BR>[Called By]<UL><LI><a href="#[8e]">&gt;&gt;</a>&nbsp;&nbsp;&nbsp;SYSCFG_DL_PWM_STEPPER_init
<LI><a href="#[8a]">&gt;&gt;</a>&nbsp;&nbsp;&nbsp;SYSCFG_DL_PWM_0_init
</UL>

<P><STRONG><a name="[76]"></a>DL_Timer_setCaptureCompareValue</STRONG> (Thumb, 16 bytes, Stack size 0 bytes, dl_timer.o(.text.DL_Timer_setCaptureCompareValue))
<BR><BR>[Called By]<UL><LI><a href="#[17]">&gt;&gt;</a>&nbsp;&nbsp;&nbsp;TIMG7_IRQHandler
<LI><a href="#[68]">&gt;&gt;</a>&nbsp;&nbsp;&nbsp;Motor_SetDuty
<LI><a href="#[5f]">&gt;&gt;</a>&nbsp;&nbsp;&nbsp;Motor_Brake
<LI><a href="#[5d]">&gt;&gt;</a>&nbsp;&nbsp;&nbsp;Motor_Stop
<LI><a href="#[45]">&gt;&gt;</a>&nbsp;&nbsp;&nbsp;Stepper_Disable
<LI><a href="#[44]">&gt;&gt;</a>&nbsp;&nbsp;&nbsp;Stepper_SetSpeed
<LI><a href="#[9b]">&gt;&gt;</a>&nbsp;&nbsp;&nbsp;Stepper_Init
<LI><a href="#[77]">&gt;&gt;</a>&nbsp;&nbsp;&nbsp;Motor_Init
<LI><a href="#[8e]">&gt;&gt;</a>&nbsp;&nbsp;&nbsp;SYSCFG_DL_PWM_STEPPER_init
<LI><a href="#[8a]">&gt;&gt;</a>&nbsp;&nbsp;&nbsp;SYSCFG_DL_PWM_0_init
</UL>

<P><STRONG><a name="[8b]"></a>DL_Timer_setClockConfig</STRONG> (Thumb, 28 bytes, Stack size 8 bytes, dl_timer.o(.text.DL_Timer_setClockConfig))
<BR><BR>[Stack]<UL><LI>Max Depth = 8<LI>Call Chain = DL_Timer_setClockConfig
</UL>
<BR>[Called By]<UL><LI><a href="#[94]">&gt;&gt;</a>&nbsp;&nbsp;&nbsp;SYSCFG_DL_TIMER_0_init
<LI><a href="#[8f]">&gt;&gt;</a>&nbsp;&nbsp;&nbsp;SYSCFG_DL_STEPPER_POS_CAP_init
<LI><a href="#[8e]">&gt;&gt;</a>&nbsp;&nbsp;&nbsp;SYSCFG_DL_PWM_STEPPER_init
<LI><a href="#[8a]">&gt;&gt;</a>&nbsp;&nbsp;&nbsp;SYSCFG_DL_PWM_0_init
</UL>

<P><STRONG><a name="[87]"></a>DL_UART_init</STRONG> (Thumb, 72 bytes, Stack size 16 bytes, dl_uart.o(.text.DL_UART_init))
<BR><BR>[Stack]<UL><LI>Max Depth = 16<LI>Call Chain = DL_UART_init
</UL>
<BR>[Called By]<UL><LI><a href="#[85]">&gt;&gt;</a>&nbsp;&nbsp;&nbsp;SYSCFG_DL_K230_init
<LI><a href="#[96]">&gt;&gt;</a>&nbsp;&nbsp;&nbsp;SYSCFG_DL_USB_init
</UL>

<P><STRONG><a name="[86]"></a>DL_UART_setClockConfig</STRONG> (Thumb, 18 bytes, Stack size 8 bytes, dl_uart.o(.text.DL_UART_setClockConfig))
<BR><BR>[Stack]<UL><LI>Max Depth = 8<LI>Call Chain = DL_UART_setClockConfig
</UL>
<BR>[Called By]<UL><LI><a href="#[85]">&gt;&gt;</a>&nbsp;&nbsp;&nbsp;SYSCFG_DL_K230_init
<LI><a href="#[96]">&gt;&gt;</a>&nbsp;&nbsp;&nbsp;SYSCFG_DL_USB_init
</UL>

<P><STRONG><a name="[6b]"></a>Encoder_CountsToDistanceCm</STRONG> (Thumb, 24 bytes, Stack size 8 bytes, encoder_driver.o(.text.Encoder_CountsToDistanceCm))
<BR><BR>[Stack]<UL><LI>Max Depth = 28<LI>Call Chain = Encoder_CountsToDistanceCm &rArr; __aeabi_fdiv
</UL>
<BR>[Calls]<UL><LI><a href="#[49]">&gt;&gt;</a>&nbsp;&nbsp;&nbsp;__aeabi_fmul
<LI><a href="#[30]">&gt;&gt;</a>&nbsp;&nbsp;&nbsp;__aeabi_i2f
<LI><a href="#[66]">&gt;&gt;</a>&nbsp;&nbsp;&nbsp;__aeabi_fdiv
</UL>
<BR>[Called By]<UL><LI><a href="#[56]">&gt;&gt;</a>&nbsp;&nbsp;&nbsp;LineFollow_Update
</UL>

<P><STRONG><a name="[63]"></a>Encoder_CountsToRpm</STRONG> (Thumb, 48 bytes, Stack size 16 bytes, encoder_driver.o(.text.Encoder_CountsToRpm))
<BR><BR>[Stack]<UL><LI>Max Depth = 36<LI>Call Chain = Encoder_CountsToRpm &rArr; __aeabi_fdiv
</UL>
<BR>[Calls]<UL><LI><a href="#[49]">&gt;&gt;</a>&nbsp;&nbsp;&nbsp;__aeabi_fmul
<LI><a href="#[32]">&gt;&gt;</a>&nbsp;&nbsp;&nbsp;__aeabi_ui2f
<LI><a href="#[30]">&gt;&gt;</a>&nbsp;&nbsp;&nbsp;__aeabi_i2f
<LI><a href="#[66]">&gt;&gt;</a>&nbsp;&nbsp;&nbsp;__aeabi_fdiv
</UL>
<BR>[Called By]<UL><LI><a href="#[60]">&gt;&gt;</a>&nbsp;&nbsp;&nbsp;Control_Tick
</UL>

<P><STRONG><a name="[a0]"></a>Encoder_Init</STRONG> (Thumb, 12 bytes, Stack size 0 bytes, encoder_driver.o(.text.Encoder_Init))
<BR><BR>[Called By]<UL><LI><a href="#[27]">&gt;&gt;</a>&nbsp;&nbsp;&nbsp;main
</UL>

<P><STRONG><a name="[62]"></a>Encoder_TakeCounts</STRONG> (Thumb, 28 bytes, Stack size 0 bytes, encoder_driver.o(.text.Encoder_TakeCounts))
<BR><BR>[Called By]<UL><LI><a href="#[60]">&gt;&gt;</a>&nbsp;&nbsp;&nbsp;Control_Tick
</UL>

<P><STRONG><a name="[7]"></a>GROUP1_IRQHandler</STRONG> (Thumb, 168 bytes, Stack size 24 bytes, encoder_driver.o(.text.GROUP1_IRQHandler))
<BR><BR>[Stack]<UL><LI>Max Depth = 80<LI>Call Chain = GROUP1_IRQHandler &rArr; StepperFeedback_HandleGpioInterrupt &rArr; Stepper_SetSpeed &rArr; DL_Timer_setCaptCompUpdateMethod
</UL>
<BR>[Calls]<UL><LI><a href="#[6c]">&gt;&gt;</a>&nbsp;&nbsp;&nbsp;StepperFeedback_HandleGpioInterrupt
</UL>
<BR>[Address Reference Count : 1]<UL><LI> startup_mspm0g350x_uvision.o(RESET)
</UL>
<P><STRONG><a name="[a4]"></a>LineFollow_Init</STRONG> (Thumb, 28 bytes, Stack size 0 bytes, line_follow_task.o(.text.LineFollow_Init))
<BR><BR>[Called By]<UL><LI><a href="#[27]">&gt;&gt;</a>&nbsp;&nbsp;&nbsp;main
</UL>

<P><STRONG><a name="[57]"></a>LineFollow_IsComplete</STRONG> (Thumb, 12 bytes, Stack size 0 bytes, line_follow_task.o(.text.LineFollow_IsComplete))
<BR><BR>[Called By]<UL><LI><a href="#[51]">&gt;&gt;</a>&nbsp;&nbsp;&nbsp;Competition_Update
</UL>

<P><STRONG><a name="[6d]"></a>LineFollow_Start</STRONG> (Thumb, 48 bytes, Stack size 8 bytes, line_follow_task.o(.text.LineFollow_Start))
<BR><BR>[Stack]<UL><LI>Max Depth = 8<LI>Call Chain = LineFollow_Start
</UL>
<BR>[Calls]<UL><LI><a href="#[6e]">&gt;&gt;</a>&nbsp;&nbsp;&nbsp;LineSensor_GetSampleSequence
<LI><a href="#[6f]">&gt;&gt;</a>&nbsp;&nbsp;&nbsp;Control_ResetDistance
</UL>
<BR>[Called By]<UL><LI><a href="#[53]">&gt;&gt;</a>&nbsp;&nbsp;&nbsp;start_task
</UL>

<P><STRONG><a name="[56]"></a>LineFollow_Update</STRONG> (Thumb, 356 bytes, Stack size 24 bytes, line_follow_task.o(.text.LineFollow_Update))
<BR><BR>[Stack]<UL><LI>Max Depth = 52<LI>Call Chain = LineFollow_Update &rArr; Encoder_CountsToDistanceCm &rArr; __aeabi_fdiv
</UL>
<BR>[Calls]<UL><LI><a href="#[71]">&gt;&gt;</a>&nbsp;&nbsp;&nbsp;Control_GetRightDistance
<LI><a href="#[6b]">&gt;&gt;</a>&nbsp;&nbsp;&nbsp;Encoder_CountsToDistanceCm
<LI><a href="#[70]">&gt;&gt;</a>&nbsp;&nbsp;&nbsp;Control_GetLeftDistance
<LI><a href="#[6e]">&gt;&gt;</a>&nbsp;&nbsp;&nbsp;LineSensor_GetSampleSequence
<LI><a href="#[58]">&gt;&gt;</a>&nbsp;&nbsp;&nbsp;Control_SetMode
<LI><a href="#[72]">&gt;&gt;</a>&nbsp;&nbsp;&nbsp;LineSensor_ReadRaw
<LI><a href="#[49]">&gt;&gt;</a>&nbsp;&nbsp;&nbsp;__aeabi_fmul
<LI><a href="#[4c]">&gt;&gt;</a>&nbsp;&nbsp;&nbsp;__aeabi_fcmplt
<LI><a href="#[67]">&gt;&gt;</a>&nbsp;&nbsp;&nbsp;__aeabi_fcmple
<LI><a href="#[4a]">&gt;&gt;</a>&nbsp;&nbsp;&nbsp;__aeabi_fadd
</UL>
<BR>[Called By]<UL><LI><a href="#[51]">&gt;&gt;</a>&nbsp;&nbsp;&nbsp;Competition_Update
</UL>

<P><STRONG><a name="[6e]"></a>LineSensor_GetSampleSequence</STRONG> (Thumb, 8 bytes, Stack size 0 bytes, line_sensor.o(.text.LineSensor_GetSampleSequence))
<BR><BR>[Called By]<UL><LI><a href="#[6d]">&gt;&gt;</a>&nbsp;&nbsp;&nbsp;LineFollow_Start
<LI><a href="#[56]">&gt;&gt;</a>&nbsp;&nbsp;&nbsp;LineFollow_Update
</UL>

<P><STRONG><a name="[65]"></a>LineSensor_GetSteeringError</STRONG> (Thumb, 260 bytes, Stack size 24 bytes, line_sensor.o(.text.LineSensor_GetSteeringError))
<BR><BR>[Stack]<UL><LI>Max Depth = 44<LI>Call Chain = LineSensor_GetSteeringError &rArr; __aeabi_fdiv
</UL>
<BR>[Calls]<UL><LI><a href="#[32]">&gt;&gt;</a>&nbsp;&nbsp;&nbsp;__aeabi_ui2f
<LI><a href="#[66]">&gt;&gt;</a>&nbsp;&nbsp;&nbsp;__aeabi_fdiv
<LI><a href="#[4a]">&gt;&gt;</a>&nbsp;&nbsp;&nbsp;__aeabi_fadd
</UL>
<BR>[Called By]<UL><LI><a href="#[60]">&gt;&gt;</a>&nbsp;&nbsp;&nbsp;Control_Tick
</UL>

<P><STRONG><a name="[9f]"></a>LineSensor_Init</STRONG> (Thumb, 28 bytes, Stack size 0 bytes, line_sensor.o(.text.LineSensor_Init))
<BR><BR>[Called By]<UL><LI><a href="#[27]">&gt;&gt;</a>&nbsp;&nbsp;&nbsp;main
</UL>

<P><STRONG><a name="[b0]"></a>LineSensor_IsOnline</STRONG> (Thumb, 16 bytes, Stack size 0 bytes, line_sensor.o(.text.LineSensor_IsOnline))
<BR><BR>[Called By]<UL><LI><a href="#[a7]">&gt;&gt;</a>&nbsp;&nbsp;&nbsp;oled_show_mode_select
</UL>

<P><STRONG><a name="[73]"></a>LineSensor_Poll</STRONG> (Thumb, 668 bytes, Stack size 24 bytes, line_sensor.o(.text.LineSensor_Poll))
<BR><BR>[Stack]<UL><LI>Max Depth = 32<LI>Call Chain = LineSensor_Poll &rArr; DL_I2C_fillControllerTXFIFO
</UL>
<BR>[Calls]<UL><LI><a href="#[75]">&gt;&gt;</a>&nbsp;&nbsp;&nbsp;DL_I2C_fillControllerTXFIFO
<LI><a href="#[74]">&gt;&gt;</a>&nbsp;&nbsp;&nbsp;DL_I2C_flushControllerTXFIFO
</UL>
<BR>[Called By]<UL><LI><a href="#[27]">&gt;&gt;</a>&nbsp;&nbsp;&nbsp;main
</UL>

<P><STRONG><a name="[72]"></a>LineSensor_ReadRaw</STRONG> (Thumb, 8 bytes, Stack size 0 bytes, line_sensor.o(.text.LineSensor_ReadRaw))
<BR><BR>[Called By]<UL><LI><a href="#[56]">&gt;&gt;</a>&nbsp;&nbsp;&nbsp;LineFollow_Update
<LI><a href="#[a7]">&gt;&gt;</a>&nbsp;&nbsp;&nbsp;oled_show_mode_select
</UL>

<P><STRONG><a name="[61]"></a>LineSensor_Update</STRONG> (Thumb, 360 bytes, Stack size 16 bytes, line_sensor.o(.text.LineSensor_Update))
<BR><BR>[Stack]<UL><LI>Max Depth = 16<LI>Call Chain = LineSensor_Update
</UL>
<BR>[Called By]<UL><LI><a href="#[60]">&gt;&gt;</a>&nbsp;&nbsp;&nbsp;Control_Tick
</UL>

<P><STRONG><a name="[5f]"></a>Motor_Brake</STRONG> (Thumb, 48 bytes, Stack size 16 bytes, motor_driver.o(.text.Motor_Brake))
<BR><BR>[Stack]<UL><LI>Max Depth = 16<LI>Call Chain = Motor_Brake
</UL>
<BR>[Calls]<UL><LI><a href="#[76]">&gt;&gt;</a>&nbsp;&nbsp;&nbsp;DL_Timer_setCaptureCompareValue
</UL>
<BR>[Called By]<UL><LI><a href="#[60]">&gt;&gt;</a>&nbsp;&nbsp;&nbsp;Control_Tick
<LI><a href="#[58]">&gt;&gt;</a>&nbsp;&nbsp;&nbsp;Control_SetMode
</UL>

<P><STRONG><a name="[77]"></a>Motor_Init</STRONG> (Thumb, 48 bytes, Stack size 16 bytes, motor_driver.o(.text.Motor_Init))
<BR><BR>[Stack]<UL><LI>Max Depth = 16<LI>Call Chain = Motor_Init
</UL>
<BR>[Calls]<UL><LI><a href="#[76]">&gt;&gt;</a>&nbsp;&nbsp;&nbsp;DL_Timer_setCaptureCompareValue
</UL>
<BR>[Called By]<UL><LI><a href="#[27]">&gt;&gt;</a>&nbsp;&nbsp;&nbsp;main
</UL>

<P><STRONG><a name="[68]"></a>Motor_SetDuty</STRONG> (Thumb, 128 bytes, Stack size 24 bytes, motor_driver.o(.text.Motor_SetDuty))
<BR><BR>[Stack]<UL><LI>Max Depth = 24<LI>Call Chain = Motor_SetDuty
</UL>
<BR>[Calls]<UL><LI><a href="#[76]">&gt;&gt;</a>&nbsp;&nbsp;&nbsp;DL_Timer_setCaptureCompareValue
</UL>
<BR>[Called By]<UL><LI><a href="#[60]">&gt;&gt;</a>&nbsp;&nbsp;&nbsp;Control_Tick
</UL>

<P><STRONG><a name="[5d]"></a>Motor_Stop</STRONG> (Thumb, 48 bytes, Stack size 16 bytes, motor_driver.o(.text.Motor_Stop))
<BR><BR>[Stack]<UL><LI>Max Depth = 16<LI>Call Chain = Motor_Stop
</UL>
<BR>[Calls]<UL><LI><a href="#[76]">&gt;&gt;</a>&nbsp;&nbsp;&nbsp;DL_Timer_setCaptureCompareValue
</UL>
<BR>[Called By]<UL><LI><a href="#[5c]">&gt;&gt;</a>&nbsp;&nbsp;&nbsp;Control_Init
</UL>

<P><STRONG><a name="[78]"></a>OLED_Clear</STRONG> (Thumb, 380 bytes, Stack size 48 bytes, oled_driver.o(.text.OLED_Clear))
<BR><BR>[Stack]<UL><LI>Max Depth = 76<LI>Call Chain = OLED_Clear &rArr; oled_cursor
</UL>
<BR>[Calls]<UL><LI><a href="#[79]">&gt;&gt;</a>&nbsp;&nbsp;&nbsp;oled_cursor
</UL>
<BR>[Called By]<UL><LI><a href="#[27]">&gt;&gt;</a>&nbsp;&nbsp;&nbsp;main
</UL>

<P><STRONG><a name="[7a]"></a>OLED_Init</STRONG> (Thumb, 5856 bytes, Stack size 32 bytes, oled_driver.o(.text.OLED_Init))
<BR><BR>[Stack]<UL><LI>Max Depth = 32<LI>Call Chain = OLED_Init
</UL>
<BR>[Calls]<UL><LI><a href="#[7b]">&gt;&gt;</a>&nbsp;&nbsp;&nbsp;DL_Common_delayCycles
</UL>
<BR>[Called By]<UL><LI><a href="#[27]">&gt;&gt;</a>&nbsp;&nbsp;&nbsp;main
</UL>

<P><STRONG><a name="[7c]"></a>OLED_ShowChar</STRONG> (Thumb, 632 bytes, Stack size 40 bytes, oled_driver.o(.text.OLED_ShowChar))
<BR><BR>[Stack]<UL><LI>Max Depth = 68<LI>Call Chain = OLED_ShowChar &rArr; oled_cursor
</UL>
<BR>[Calls]<UL><LI><a href="#[79]">&gt;&gt;</a>&nbsp;&nbsp;&nbsp;oled_cursor
</UL>
<BR>[Called By]<UL><LI><a href="#[80]">&gt;&gt;</a>&nbsp;&nbsp;&nbsp;OLED_ShowSignedInt
<LI><a href="#[7d]">&gt;&gt;</a>&nbsp;&nbsp;&nbsp;OLED_ShowNum
<LI><a href="#[82]">&gt;&gt;</a>&nbsp;&nbsp;&nbsp;OLED_ShowTenths
<LI><a href="#[81]">&gt;&gt;</a>&nbsp;&nbsp;&nbsp;OLED_ShowString
<LI><a href="#[a7]">&gt;&gt;</a>&nbsp;&nbsp;&nbsp;oled_show_mode_select
</UL>

<P><STRONG><a name="[7d]"></a>OLED_ShowNum</STRONG> (Thumb, 888 bytes, Stack size 80 bytes, oled_driver.o(.text.OLED_ShowNum))
<BR><BR>[Stack]<UL><LI>Max Depth = 148<LI>Call Chain = OLED_ShowNum &rArr; OLED_ShowChar &rArr; oled_cursor
</UL>
<BR>[Calls]<UL><LI><a href="#[7c]">&gt;&gt;</a>&nbsp;&nbsp;&nbsp;OLED_ShowChar
<LI><a href="#[7e]">&gt;&gt;</a>&nbsp;&nbsp;&nbsp;__aeabi_uidiv
<LI><a href="#[7f]">&gt;&gt;</a>&nbsp;&nbsp;&nbsp;__aeabi_uidivmod
</UL>
<BR>[Called By]<UL><LI><a href="#[a7]">&gt;&gt;</a>&nbsp;&nbsp;&nbsp;oled_show_mode_select
</UL>

<P><STRONG><a name="[80]"></a>OLED_ShowSignedInt</STRONG> (Thumb, 868 bytes, Stack size 88 bytes, oled_driver.o(.text.OLED_ShowSignedInt))
<BR><BR>[Stack]<UL><LI>Max Depth = 156<LI>Call Chain = OLED_ShowSignedInt &rArr; OLED_ShowChar &rArr; oled_cursor
</UL>
<BR>[Calls]<UL><LI><a href="#[7c]">&gt;&gt;</a>&nbsp;&nbsp;&nbsp;OLED_ShowChar
<LI><a href="#[7e]">&gt;&gt;</a>&nbsp;&nbsp;&nbsp;__aeabi_uidiv
<LI><a href="#[7f]">&gt;&gt;</a>&nbsp;&nbsp;&nbsp;__aeabi_uidivmod
</UL>
<BR>[Called By]<UL><LI><a href="#[a7]">&gt;&gt;</a>&nbsp;&nbsp;&nbsp;oled_show_mode_select
</UL>

<P><STRONG><a name="[81]"></a>OLED_ShowString</STRONG> (Thumb, 50 bytes, Stack size 24 bytes, oled_driver.o(.text.OLED_ShowString))
<BR><BR>[Stack]<UL><LI>Max Depth = 92<LI>Call Chain = OLED_ShowString &rArr; OLED_ShowChar &rArr; oled_cursor
</UL>
<BR>[Calls]<UL><LI><a href="#[7c]">&gt;&gt;</a>&nbsp;&nbsp;&nbsp;OLED_ShowChar
</UL>
<BR>[Called By]<UL><LI><a href="#[a7]">&gt;&gt;</a>&nbsp;&nbsp;&nbsp;oled_show_mode_select
</UL>

<P><STRONG><a name="[82]"></a>OLED_ShowTenths</STRONG> (Thumb, 868 bytes, Stack size 104 bytes, oled_driver.o(.text.OLED_ShowTenths))
<BR><BR>[Stack]<UL><LI>Max Depth = 172<LI>Call Chain = OLED_ShowTenths &rArr; OLED_ShowChar &rArr; oled_cursor
</UL>
<BR>[Calls]<UL><LI><a href="#[7c]">&gt;&gt;</a>&nbsp;&nbsp;&nbsp;OLED_ShowChar
<LI><a href="#[7e]">&gt;&gt;</a>&nbsp;&nbsp;&nbsp;__aeabi_uidiv
<LI><a href="#[7f]">&gt;&gt;</a>&nbsp;&nbsp;&nbsp;__aeabi_uidivmod
</UL>
<BR>[Called By]<UL><LI><a href="#[a7]">&gt;&gt;</a>&nbsp;&nbsp;&nbsp;oled_show_mode_select
</UL>

<P><STRONG><a name="[83]"></a>SYSCFG_DL_BATTERY_ADC_init</STRONG> (Thumb, 32 bytes, Stack size 8 bytes, ti_msp_dl_config.o(.text.SYSCFG_DL_BATTERY_ADC_init))
<BR><BR>[Stack]<UL><LI>Max Depth = 24<LI>Call Chain = SYSCFG_DL_BATTERY_ADC_init &rArr; DL_ADC12_setClockConfig
</UL>
<BR>[Calls]<UL><LI><a href="#[84]">&gt;&gt;</a>&nbsp;&nbsp;&nbsp;DL_ADC12_setClockConfig
</UL>
<BR>[Called By]<UL><LI><a href="#[97]">&gt;&gt;</a>&nbsp;&nbsp;&nbsp;SYSCFG_DL_init
</UL>

<P><STRONG><a name="[99]"></a>SYSCFG_DL_GPIO_init</STRONG> (Thumb, 196 bytes, Stack size 16 bytes, ti_msp_dl_config.o(.text.SYSCFG_DL_GPIO_init))
<BR><BR>[Stack]<UL><LI>Max Depth = 16<LI>Call Chain = SYSCFG_DL_GPIO_init
</UL>
<BR>[Called By]<UL><LI><a href="#[97]">&gt;&gt;</a>&nbsp;&nbsp;&nbsp;SYSCFG_DL_init
</UL>

<P><STRONG><a name="[85]"></a>SYSCFG_DL_K230_init</STRONG> (Thumb, 104 bytes, Stack size 8 bytes, ti_msp_dl_config.o(.text.SYSCFG_DL_K230_init))
<BR><BR>[Stack]<UL><LI>Max Depth = 24<LI>Call Chain = SYSCFG_DL_K230_init &rArr; DL_UART_init
</UL>
<BR>[Calls]<UL><LI><a href="#[87]">&gt;&gt;</a>&nbsp;&nbsp;&nbsp;DL_UART_init
<LI><a href="#[86]">&gt;&gt;</a>&nbsp;&nbsp;&nbsp;DL_UART_setClockConfig
</UL>
<BR>[Called By]<UL><LI><a href="#[97]">&gt;&gt;</a>&nbsp;&nbsp;&nbsp;SYSCFG_DL_init
</UL>

<P><STRONG><a name="[88]"></a>SYSCFG_DL_LINE_I2C_init</STRONG> (Thumb, 72 bytes, Stack size 8 bytes, ti_msp_dl_config.o(.text.SYSCFG_DL_LINE_I2C_init))
<BR><BR>[Stack]<UL><LI>Max Depth = 24<LI>Call Chain = SYSCFG_DL_LINE_I2C_init &rArr; DL_I2C_setClockConfig
</UL>
<BR>[Calls]<UL><LI><a href="#[89]">&gt;&gt;</a>&nbsp;&nbsp;&nbsp;DL_I2C_setClockConfig
</UL>
<BR>[Called By]<UL><LI><a href="#[97]">&gt;&gt;</a>&nbsp;&nbsp;&nbsp;SYSCFG_DL_init
</UL>

<P><STRONG><a name="[8a]"></a>SYSCFG_DL_PWM_0_init</STRONG> (Thumb, 108 bytes, Stack size 24 bytes, ti_msp_dl_config.o(.text.SYSCFG_DL_PWM_0_init))
<BR><BR>[Stack]<UL><LI>Max Depth = 68<LI>Call Chain = SYSCFG_DL_PWM_0_init &rArr; DL_TimerA_initPWMMode &rArr; DL_Timer_initPWMMode
</UL>
<BR>[Calls]<UL><LI><a href="#[8d]">&gt;&gt;</a>&nbsp;&nbsp;&nbsp;DL_Timer_setCaptCompUpdateMethod
<LI><a href="#[76]">&gt;&gt;</a>&nbsp;&nbsp;&nbsp;DL_Timer_setCaptureCompareValue
<LI><a href="#[8c]">&gt;&gt;</a>&nbsp;&nbsp;&nbsp;DL_Timer_setCaptureCompareOutCtl
<LI><a href="#[69]">&gt;&gt;</a>&nbsp;&nbsp;&nbsp;DL_TimerA_initPWMMode
<LI><a href="#[8b]">&gt;&gt;</a>&nbsp;&nbsp;&nbsp;DL_Timer_setClockConfig
</UL>
<BR>[Called By]<UL><LI><a href="#[97]">&gt;&gt;</a>&nbsp;&nbsp;&nbsp;SYSCFG_DL_init
</UL>

<P><STRONG><a name="[8e]"></a>SYSCFG_DL_PWM_STEPPER_init</STRONG> (Thumb, 88 bytes, Stack size 24 bytes, ti_msp_dl_config.o(.text.SYSCFG_DL_PWM_STEPPER_init))
<BR><BR>[Stack]<UL><LI>Max Depth = 44<LI>Call Chain = SYSCFG_DL_PWM_STEPPER_init &rArr; DL_Timer_initPWMMode
</UL>
<BR>[Calls]<UL><LI><a href="#[8d]">&gt;&gt;</a>&nbsp;&nbsp;&nbsp;DL_Timer_setCaptCompUpdateMethod
<LI><a href="#[76]">&gt;&gt;</a>&nbsp;&nbsp;&nbsp;DL_Timer_setCaptureCompareValue
<LI><a href="#[6a]">&gt;&gt;</a>&nbsp;&nbsp;&nbsp;DL_Timer_initPWMMode
<LI><a href="#[8c]">&gt;&gt;</a>&nbsp;&nbsp;&nbsp;DL_Timer_setCaptureCompareOutCtl
<LI><a href="#[8b]">&gt;&gt;</a>&nbsp;&nbsp;&nbsp;DL_Timer_setClockConfig
</UL>
<BR>[Called By]<UL><LI><a href="#[97]">&gt;&gt;</a>&nbsp;&nbsp;&nbsp;SYSCFG_DL_init
</UL>

<P><STRONG><a name="[8f]"></a>SYSCFG_DL_STEPPER_POS_CAP_init</STRONG> (Thumb, 40 bytes, Stack size 8 bytes, ti_msp_dl_config.o(.text.SYSCFG_DL_STEPPER_POS_CAP_init))
<BR><BR>[Stack]<UL><LI>Max Depth = 48<LI>Call Chain = SYSCFG_DL_STEPPER_POS_CAP_init &rArr; DL_Timer_initCaptureCombinedMode
</UL>
<BR>[Calls]<UL><LI><a href="#[90]">&gt;&gt;</a>&nbsp;&nbsp;&nbsp;DL_Timer_initCaptureCombinedMode
<LI><a href="#[8b]">&gt;&gt;</a>&nbsp;&nbsp;&nbsp;DL_Timer_setClockConfig
</UL>
<BR>[Called By]<UL><LI><a href="#[97]">&gt;&gt;</a>&nbsp;&nbsp;&nbsp;SYSCFG_DL_init
</UL>

<P><STRONG><a name="[91]"></a>SYSCFG_DL_SYSCTL_init</STRONG> (Thumb, 100 bytes, Stack size 16 bytes, ti_msp_dl_config.o(.text.SYSCFG_DL_SYSCTL_init))
<BR><BR>[Stack]<UL><LI>Max Depth = 52<LI>Call Chain = SYSCFG_DL_SYSCTL_init &rArr; DL_SYSCTL_configSYSPLL
</UL>
<BR>[Calls]<UL><LI><a href="#[93]">&gt;&gt;</a>&nbsp;&nbsp;&nbsp;DL_SYSCTL_switchMCLKfromSYSOSCtoHSCLK
<LI><a href="#[92]">&gt;&gt;</a>&nbsp;&nbsp;&nbsp;DL_SYSCTL_configSYSPLL
</UL>
<BR>[Called By]<UL><LI><a href="#[97]">&gt;&gt;</a>&nbsp;&nbsp;&nbsp;SYSCFG_DL_init
</UL>

<P><STRONG><a name="[9a]"></a>SYSCFG_DL_SYSTICK_init</STRONG> (Thumb, 2 bytes, Stack size 0 bytes, ti_msp_dl_config.o(.text.SYSCFG_DL_SYSTICK_init))
<BR><BR>[Called By]<UL><LI><a href="#[97]">&gt;&gt;</a>&nbsp;&nbsp;&nbsp;SYSCFG_DL_init
</UL>

<P><STRONG><a name="[94]"></a>SYSCFG_DL_TIMER_0_init</STRONG> (Thumb, 36 bytes, Stack size 8 bytes, ti_msp_dl_config.o(.text.SYSCFG_DL_TIMER_0_init))
<BR><BR>[Stack]<UL><LI>Max Depth = 24<LI>Call Chain = SYSCFG_DL_TIMER_0_init &rArr; DL_Timer_initTimerMode
</UL>
<BR>[Calls]<UL><LI><a href="#[95]">&gt;&gt;</a>&nbsp;&nbsp;&nbsp;DL_Timer_initTimerMode
<LI><a href="#[8b]">&gt;&gt;</a>&nbsp;&nbsp;&nbsp;DL_Timer_setClockConfig
</UL>
<BR>[Called By]<UL><LI><a href="#[97]">&gt;&gt;</a>&nbsp;&nbsp;&nbsp;SYSCFG_DL_init
</UL>

<P><STRONG><a name="[96]"></a>SYSCFG_DL_USB_init</STRONG> (Thumb, 76 bytes, Stack size 8 bytes, ti_msp_dl_config.o(.text.SYSCFG_DL_USB_init))
<BR><BR>[Stack]<UL><LI>Max Depth = 24<LI>Call Chain = SYSCFG_DL_USB_init &rArr; DL_UART_init
</UL>
<BR>[Calls]<UL><LI><a href="#[87]">&gt;&gt;</a>&nbsp;&nbsp;&nbsp;DL_UART_init
<LI><a href="#[86]">&gt;&gt;</a>&nbsp;&nbsp;&nbsp;DL_UART_setClockConfig
</UL>
<BR>[Called By]<UL><LI><a href="#[97]">&gt;&gt;</a>&nbsp;&nbsp;&nbsp;SYSCFG_DL_init
</UL>

<P><STRONG><a name="[97]"></a>SYSCFG_DL_init</STRONG> (Thumb, 68 bytes, Stack size 8 bytes, ti_msp_dl_config.o(.text.SYSCFG_DL_init))
<BR><BR>[Stack]<UL><LI>Max Depth = 76<LI>Call Chain = SYSCFG_DL_init &rArr; SYSCFG_DL_PWM_0_init &rArr; DL_TimerA_initPWMMode &rArr; DL_Timer_initPWMMode
</UL>
<BR>[Calls]<UL><LI><a href="#[9a]">&gt;&gt;</a>&nbsp;&nbsp;&nbsp;SYSCFG_DL_SYSTICK_init
<LI><a href="#[83]">&gt;&gt;</a>&nbsp;&nbsp;&nbsp;SYSCFG_DL_BATTERY_ADC_init
<LI><a href="#[85]">&gt;&gt;</a>&nbsp;&nbsp;&nbsp;SYSCFG_DL_K230_init
<LI><a href="#[96]">&gt;&gt;</a>&nbsp;&nbsp;&nbsp;SYSCFG_DL_USB_init
<LI><a href="#[88]">&gt;&gt;</a>&nbsp;&nbsp;&nbsp;SYSCFG_DL_LINE_I2C_init
<LI><a href="#[94]">&gt;&gt;</a>&nbsp;&nbsp;&nbsp;SYSCFG_DL_TIMER_0_init
<LI><a href="#[8f]">&gt;&gt;</a>&nbsp;&nbsp;&nbsp;SYSCFG_DL_STEPPER_POS_CAP_init
<LI><a href="#[8e]">&gt;&gt;</a>&nbsp;&nbsp;&nbsp;SYSCFG_DL_PWM_STEPPER_init
<LI><a href="#[8a]">&gt;&gt;</a>&nbsp;&nbsp;&nbsp;SYSCFG_DL_PWM_0_init
<LI><a href="#[91]">&gt;&gt;</a>&nbsp;&nbsp;&nbsp;SYSCFG_DL_SYSCTL_init
<LI><a href="#[99]">&gt;&gt;</a>&nbsp;&nbsp;&nbsp;SYSCFG_DL_GPIO_init
<LI><a href="#[98]">&gt;&gt;</a>&nbsp;&nbsp;&nbsp;SYSCFG_DL_initPower
</UL>
<BR>[Called By]<UL><LI><a href="#[27]">&gt;&gt;</a>&nbsp;&nbsp;&nbsp;main
</UL>

<P><STRONG><a name="[98]"></a>SYSCFG_DL_initPower</STRONG> (Thumb, 88 bytes, Stack size 24 bytes, ti_msp_dl_config.o(.text.SYSCFG_DL_initPower))
<BR><BR>[Stack]<UL><LI>Max Depth = 24<LI>Call Chain = SYSCFG_DL_initPower
</UL>
<BR>[Calls]<UL><LI><a href="#[7b]">&gt;&gt;</a>&nbsp;&nbsp;&nbsp;DL_Common_delayCycles
</UL>
<BR>[Called By]<UL><LI><a href="#[97]">&gt;&gt;</a>&nbsp;&nbsp;&nbsp;SYSCFG_DL_init
</UL>

<P><STRONG><a name="[55]"></a>StepperFeedback_ClearTravelLimits</STRONG> (Thumb, 28 bytes, Stack size 0 bytes, stepper_feedback.o(.text.StepperFeedback_ClearTravelLimits))
<BR><BR>[Called By]<UL><LI><a href="#[53]">&gt;&gt;</a>&nbsp;&nbsp;&nbsp;start_task
<LI><a href="#[51]">&gt;&gt;</a>&nbsp;&nbsp;&nbsp;Competition_Update
</UL>

<P><STRONG><a name="[4f]"></a>StepperFeedback_GetSnapshot</STRONG> (Thumb, 92 bytes, Stack size 0 bytes, stepper_feedback.o(.text.StepperFeedback_GetSnapshot))
<BR><BR>[Called By]<UL><LI><a href="#[3f]">&gt;&gt;</a>&nbsp;&nbsp;&nbsp;Balance_Tick
<LI><a href="#[51]">&gt;&gt;</a>&nbsp;&nbsp;&nbsp;Competition_Update
<LI><a href="#[a7]">&gt;&gt;</a>&nbsp;&nbsp;&nbsp;oled_show_mode_select
</UL>

<P><STRONG><a name="[6c]"></a>StepperFeedback_HandleGpioInterrupt</STRONG> (Thumb, 144 bytes, Stack size 16 bytes, stepper_feedback.o(.text.StepperFeedback_HandleGpioInterrupt))
<BR><BR>[Stack]<UL><LI>Max Depth = 56<LI>Call Chain = StepperFeedback_HandleGpioInterrupt &rArr; Stepper_SetSpeed &rArr; DL_Timer_setCaptCompUpdateMethod
</UL>
<BR>[Calls]<UL><LI><a href="#[44]">&gt;&gt;</a>&nbsp;&nbsp;&nbsp;Stepper_SetSpeed
</UL>
<BR>[Called By]<UL><LI><a href="#[7]">&gt;&gt;</a>&nbsp;&nbsp;&nbsp;GROUP1_IRQHandler
</UL>

<P><STRONG><a name="[a8]"></a>StepperFeedback_Init</STRONG> (Thumb, 96 bytes, Stack size 0 bytes, stepper_feedback.o(.text.StepperFeedback_Init))
<BR><BR>[Called By]<UL><LI><a href="#[27]">&gt;&gt;</a>&nbsp;&nbsp;&nbsp;main
</UL>

<P><STRONG><a name="[50]"></a>StepperFeedback_IsTravelCommandAllowed</STRONG> (Thumb, 96 bytes, Stack size 16 bytes, stepper_feedback.o(.text.StepperFeedback_IsTravelCommandAllowed))
<BR><BR>[Stack]<UL><LI>Max Depth = 16<LI>Call Chain = StepperFeedback_IsTravelCommandAllowed
</UL>
<BR>[Called By]<UL><LI><a href="#[3f]">&gt;&gt;</a>&nbsp;&nbsp;&nbsp;Balance_Tick
<LI><a href="#[51]">&gt;&gt;</a>&nbsp;&nbsp;&nbsp;Competition_Update
</UL>

<P><STRONG><a name="[5b]"></a>StepperFeedback_ResetCountsAt</STRONG> (Thumb, 68 bytes, Stack size 0 bytes, stepper_feedback.o(.text.StepperFeedback_ResetCountsAt))
<BR><BR>[Called By]<UL><LI><a href="#[53]">&gt;&gt;</a>&nbsp;&nbsp;&nbsp;start_task
<LI><a href="#[51]">&gt;&gt;</a>&nbsp;&nbsp;&nbsp;Competition_Update
</UL>

<P><STRONG><a name="[59]"></a>StepperFeedback_SetTravelLimits</STRONG> (Thumb, 40 bytes, Stack size 0 bytes, stepper_feedback.o(.text.StepperFeedback_SetTravelLimits))
<BR><BR>[Called By]<UL><LI><a href="#[53]">&gt;&gt;</a>&nbsp;&nbsp;&nbsp;start_task
<LI><a href="#[51]">&gt;&gt;</a>&nbsp;&nbsp;&nbsp;Competition_Update
</UL>

<P><STRONG><a name="[45]"></a>Stepper_Disable</STRONG> (Thumb, 52 bytes, Stack size 16 bytes, stepper_driver.o(.text.Stepper_Disable))
<BR><BR>[Stack]<UL><LI>Max Depth = 24<LI>Call Chain = Stepper_Disable &rArr; DL_Timer_setCaptCompUpdateMethod
</UL>
<BR>[Calls]<UL><LI><a href="#[8d]">&gt;&gt;</a>&nbsp;&nbsp;&nbsp;DL_Timer_setCaptCompUpdateMethod
<LI><a href="#[76]">&gt;&gt;</a>&nbsp;&nbsp;&nbsp;DL_Timer_setCaptureCompareValue
</UL>
<BR>[Called By]<UL><LI><a href="#[43]">&gt;&gt;</a>&nbsp;&nbsp;&nbsp;Balance_Disable
<LI><a href="#[51]">&gt;&gt;</a>&nbsp;&nbsp;&nbsp;Competition_Update
</UL>

<P><STRONG><a name="[46]"></a>Stepper_Enable</STRONG> (Thumb, 12 bytes, Stack size 0 bytes, stepper_driver.o(.text.Stepper_Enable))
<BR><BR>[Called By]<UL><LI><a href="#[3c]">&gt;&gt;</a>&nbsp;&nbsp;&nbsp;Balance_Enable
<LI><a href="#[51]">&gt;&gt;</a>&nbsp;&nbsp;&nbsp;Competition_Update
</UL>

<P><STRONG><a name="[ae]"></a>Stepper_GetPosition</STRONG> (Thumb, 8 bytes, Stack size 0 bytes, stepper_driver.o(.text.Stepper_GetPosition))
<BR><BR>[Called By]<UL><LI><a href="#[a7]">&gt;&gt;</a>&nbsp;&nbsp;&nbsp;oled_show_mode_select
</UL>

<P><STRONG><a name="[9b]"></a>Stepper_Init</STRONG> (Thumb, 116 bytes, Stack size 24 bytes, stepper_driver.o(.text.Stepper_Init))
<BR><BR>[Stack]<UL><LI>Max Depth = 32<LI>Call Chain = Stepper_Init &rArr; DL_Timer_setCaptCompUpdateMethod
</UL>
<BR>[Calls]<UL><LI><a href="#[8d]">&gt;&gt;</a>&nbsp;&nbsp;&nbsp;DL_Timer_setCaptCompUpdateMethod
<LI><a href="#[76]">&gt;&gt;</a>&nbsp;&nbsp;&nbsp;DL_Timer_setCaptureCompareValue
</UL>
<BR>[Called By]<UL><LI><a href="#[27]">&gt;&gt;</a>&nbsp;&nbsp;&nbsp;main
</UL>

<P><STRONG><a name="[5a]"></a>Stepper_ResetPosition</STRONG> (Thumb, 8 bytes, Stack size 0 bytes, stepper_driver.o(.text.Stepper_ResetPosition))
<BR><BR>[Called By]<UL><LI><a href="#[53]">&gt;&gt;</a>&nbsp;&nbsp;&nbsp;start_task
<LI><a href="#[51]">&gt;&gt;</a>&nbsp;&nbsp;&nbsp;Competition_Update
</UL>

<P><STRONG><a name="[44]"></a>Stepper_SetSpeed</STRONG> (Thumb, 296 bytes, Stack size 32 bytes, stepper_driver.o(.text.Stepper_SetSpeed))
<BR><BR>[Stack]<UL><LI>Max Depth = 40<LI>Call Chain = Stepper_SetSpeed &rArr; DL_Timer_setCaptCompUpdateMethod
</UL>
<BR>[Calls]<UL><LI><a href="#[8d]">&gt;&gt;</a>&nbsp;&nbsp;&nbsp;DL_Timer_setCaptCompUpdateMethod
<LI><a href="#[76]">&gt;&gt;</a>&nbsp;&nbsp;&nbsp;DL_Timer_setCaptureCompareValue
<LI><a href="#[7e]">&gt;&gt;</a>&nbsp;&nbsp;&nbsp;__aeabi_uidiv
</UL>
<BR>[Called By]<UL><LI><a href="#[6c]">&gt;&gt;</a>&nbsp;&nbsp;&nbsp;StepperFeedback_HandleGpioInterrupt
<LI><a href="#[3f]">&gt;&gt;</a>&nbsp;&nbsp;&nbsp;Balance_Tick
<LI><a href="#[43]">&gt;&gt;</a>&nbsp;&nbsp;&nbsp;Balance_Disable
<LI><a href="#[51]">&gt;&gt;</a>&nbsp;&nbsp;&nbsp;Competition_Update
</UL>

<P><STRONG><a name="[13]"></a>TIMG0_IRQHandler</STRONG> (Thumb, 20 bytes, Stack size 8 bytes, vehicle_controller.o(.text.TIMG0_IRQHandler))
<BR><BR>[Stack]<UL><LI>Max Depth = 100<LI>Call Chain = TIMG0_IRQHandler &rArr; Control_Tick &rArr; LineSensor_GetSteeringError &rArr; __aeabi_fdiv
</UL>
<BR>[Calls]<UL><LI><a href="#[60]">&gt;&gt;</a>&nbsp;&nbsp;&nbsp;Control_Tick
</UL>
<BR>[Address Reference Count : 1]<UL><LI> startup_mspm0g350x_uvision.o(RESET)
</UL>
<P><STRONG><a name="[17]"></a>TIMG7_IRQHandler</STRONG> (Thumb, 116 bytes, Stack size 24 bytes, stepper_driver.o(.text.TIMG7_IRQHandler))
<BR><BR>[Stack]<UL><LI>Max Depth = 32<LI>Call Chain = TIMG7_IRQHandler &rArr; DL_Timer_setCaptCompUpdateMethod
</UL>
<BR>[Calls]<UL><LI><a href="#[8d]">&gt;&gt;</a>&nbsp;&nbsp;&nbsp;DL_Timer_setCaptCompUpdateMethod
<LI><a href="#[76]">&gt;&gt;</a>&nbsp;&nbsp;&nbsp;DL_Timer_setCaptureCompareValue
</UL>
<BR>[Address Reference Count : 1]<UL><LI> startup_mspm0g350x_uvision.o(RESET)
</UL>
<P><STRONG><a name="[8]"></a>TIMG8_IRQHandler</STRONG> (Thumb, 108 bytes, Stack size 24 bytes, stepper_feedback.o(.text.TIMG8_IRQHandler))
<BR><BR>[Stack]<UL><LI>Max Depth = 24<LI>Call Chain = TIMG8_IRQHandler
</UL>
<BR>[Calls]<UL><LI><a href="#[9c]">&gt;&gt;</a>&nbsp;&nbsp;&nbsp;DL_Timer_getCaptureCompareValue
<LI><a href="#[7e]">&gt;&gt;</a>&nbsp;&nbsp;&nbsp;__aeabi_uidiv
</UL>
<BR>[Address Reference Count : 1]<UL><LI> startup_mspm0g350x_uvision.o(RESET)
</UL>
<P><STRONG><a name="[10]"></a>UART1_IRQHandler</STRONG> (Thumb, 48 bytes, Stack size 16 bytes, app_main.o(.text.UART1_IRQHandler))
<BR><BR>[Stack]<UL><LI>Max Depth = 48<LI>Call Chain = UART1_IRQHandler &rArr; Camera_FeedByte
</UL>
<BR>[Calls]<UL><LI><a href="#[9e]">&gt;&gt;</a>&nbsp;&nbsp;&nbsp;Camera_FeedByte
<LI><a href="#[9d]">&gt;&gt;</a>&nbsp;&nbsp;&nbsp;Control_GetTickCount
</UL>
<BR>[Address Reference Count : 1]<UL><LI> startup_mspm0g350x_uvision.o(RESET)
</UL>
<P><STRONG><a name="[27]"></a>main</STRONG> (Thumb, 180 bytes, Stack size 0 bytes, app_main.o(.text.main))
<BR><BR>[Stack]<UL><LI>Max Depth = 244<LI>Call Chain = main &rArr; oled_show_mode_select &rArr; OLED_ShowTenths &rArr; OLED_ShowChar &rArr; oled_cursor
</UL>
<BR>[Calls]<UL><LI><a href="#[51]">&gt;&gt;</a>&nbsp;&nbsp;&nbsp;Competition_Update
<LI><a href="#[a9]">&gt;&gt;</a>&nbsp;&nbsp;&nbsp;Button_Update
<LI><a href="#[73]">&gt;&gt;</a>&nbsp;&nbsp;&nbsp;LineSensor_Poll
<LI><a href="#[a8]">&gt;&gt;</a>&nbsp;&nbsp;&nbsp;StepperFeedback_Init
<LI><a href="#[78]">&gt;&gt;</a>&nbsp;&nbsp;&nbsp;OLED_Clear
<LI><a href="#[7a]">&gt;&gt;</a>&nbsp;&nbsp;&nbsp;OLED_Init
<LI><a href="#[a6]">&gt;&gt;</a>&nbsp;&nbsp;&nbsp;Competition_Init
<LI><a href="#[a5]">&gt;&gt;</a>&nbsp;&nbsp;&nbsp;BalanceTask_Init
<LI><a href="#[a4]">&gt;&gt;</a>&nbsp;&nbsp;&nbsp;LineFollow_Init
<LI><a href="#[a3]">&gt;&gt;</a>&nbsp;&nbsp;&nbsp;Button_Init
<LI><a href="#[a2]">&gt;&gt;</a>&nbsp;&nbsp;&nbsp;Balance_Init
<LI><a href="#[a1]">&gt;&gt;</a>&nbsp;&nbsp;&nbsp;Camera_Init
<LI><a href="#[9b]">&gt;&gt;</a>&nbsp;&nbsp;&nbsp;Stepper_Init
<LI><a href="#[5c]">&gt;&gt;</a>&nbsp;&nbsp;&nbsp;Control_Init
<LI><a href="#[77]">&gt;&gt;</a>&nbsp;&nbsp;&nbsp;Motor_Init
<LI><a href="#[a0]">&gt;&gt;</a>&nbsp;&nbsp;&nbsp;Encoder_Init
<LI><a href="#[9f]">&gt;&gt;</a>&nbsp;&nbsp;&nbsp;LineSensor_Init
<LI><a href="#[97]">&gt;&gt;</a>&nbsp;&nbsp;&nbsp;SYSCFG_DL_init
<LI><a href="#[9d]">&gt;&gt;</a>&nbsp;&nbsp;&nbsp;Control_GetTickCount
<LI><a href="#[a7]">&gt;&gt;</a>&nbsp;&nbsp;&nbsp;oled_show_mode_select
</UL>
<BR>[Called By]<UL><LI><a href="#[26]">&gt;&gt;</a>&nbsp;&nbsp;&nbsp;__rt_entry_main
</UL>

<P><STRONG><a name="[7e]"></a>__aeabi_uidiv</STRONG> (Thumb, 68 bytes, Stack size 0 bytes, aeabi_sdivfast.o(.text_divfast))
<BR><BR>[Called By]<UL><LI><a href="#[44]">&gt;&gt;</a>&nbsp;&nbsp;&nbsp;Stepper_SetSpeed
<LI><a href="#[80]">&gt;&gt;</a>&nbsp;&nbsp;&nbsp;OLED_ShowSignedInt
<LI><a href="#[7d]">&gt;&gt;</a>&nbsp;&nbsp;&nbsp;OLED_ShowNum
<LI><a href="#[82]">&gt;&gt;</a>&nbsp;&nbsp;&nbsp;OLED_ShowTenths
<LI><a href="#[a7]">&gt;&gt;</a>&nbsp;&nbsp;&nbsp;oled_show_mode_select
<LI><a href="#[8]">&gt;&gt;</a>&nbsp;&nbsp;&nbsp;TIMG8_IRQHandler
</UL>

<P><STRONG><a name="[f3]"></a>__aeabi_idiv</STRONG> (Thumb, 434 bytes, Stack size 8 bytes, aeabi_sdivfast.o(.text_divfast), UNUSED)

<P><STRONG><a name="[64]"></a>__aeabi_fcmpge</STRONG> (Thumb, 0 bytes, Stack size 8 bytes, fcmp.o(i._fgeq))
<BR><BR>[Stack]<UL><LI>Max Depth = 8<LI>Call Chain = __aeabi_fcmpge
</UL>
<BR>[Called By]<UL><LI><a href="#[60]">&gt;&gt;</a>&nbsp;&nbsp;&nbsp;Control_Tick
</UL>

<P><STRONG><a name="[b7]"></a>_fgeq</STRONG> (Thumb, 22 bytes, Stack size 8 bytes, fcmp.o(i._fgeq), UNUSED)
<BR><BR>[Calls]<UL><LI><a href="#[b8]">&gt;&gt;</a>&nbsp;&nbsp;&nbsp;_fcmpge
</UL>

<P><STRONG><a name="[4b]"></a>__aeabi_fcmpgt</STRONG> (Thumb, 0 bytes, Stack size 8 bytes, fcmp.o(i._fgr))
<BR><BR>[Stack]<UL><LI>Max Depth = 8<LI>Call Chain = __aeabi_fcmpgt
</UL>
<BR>[Called By]<UL><LI><a href="#[60]">&gt;&gt;</a>&nbsp;&nbsp;&nbsp;Control_Tick
<LI><a href="#[3f]">&gt;&gt;</a>&nbsp;&nbsp;&nbsp;Balance_Tick
<LI><a href="#[5e]">&gt;&gt;</a>&nbsp;&nbsp;&nbsp;Control_SetBaseSpeed
</UL>

<P><STRONG><a name="[b9]"></a>_fgr</STRONG> (Thumb, 22 bytes, Stack size 8 bytes, fcmp.o(i._fgr), UNUSED)
<BR><BR>[Calls]<UL><LI><a href="#[b8]">&gt;&gt;</a>&nbsp;&nbsp;&nbsp;_fcmpge
</UL>

<P><STRONG><a name="[67]"></a>__aeabi_fcmple</STRONG> (Thumb, 0 bytes, Stack size 8 bytes, fcmp.o(i._fleq))
<BR><BR>[Stack]<UL><LI>Max Depth = 8<LI>Call Chain = __aeabi_fcmple
</UL>
<BR>[Called By]<UL><LI><a href="#[60]">&gt;&gt;</a>&nbsp;&nbsp;&nbsp;Control_Tick
<LI><a href="#[56]">&gt;&gt;</a>&nbsp;&nbsp;&nbsp;LineFollow_Update
</UL>

<P><STRONG><a name="[ba]"></a>_fleq</STRONG> (Thumb, 26 bytes, Stack size 8 bytes, fcmp.o(i._fleq), UNUSED)
<BR><BR>[Calls]<UL><LI><a href="#[bb]">&gt;&gt;</a>&nbsp;&nbsp;&nbsp;_fcmple
</UL>

<P><STRONG><a name="[4c]"></a>__aeabi_fcmplt</STRONG> (Thumb, 0 bytes, Stack size 8 bytes, fcmp.o(i._fls))
<BR><BR>[Stack]<UL><LI>Max Depth = 8<LI>Call Chain = __aeabi_fcmplt
</UL>
<BR>[Called By]<UL><LI><a href="#[60]">&gt;&gt;</a>&nbsp;&nbsp;&nbsp;Control_Tick
<LI><a href="#[3f]">&gt;&gt;</a>&nbsp;&nbsp;&nbsp;Balance_Tick
<LI><a href="#[56]">&gt;&gt;</a>&nbsp;&nbsp;&nbsp;LineFollow_Update
</UL>

<P><STRONG><a name="[bc]"></a>_fls</STRONG> (Thumb, 22 bytes, Stack size 8 bytes, fcmp.o(i._fls), UNUSED)
<BR><BR>[Calls]<UL><LI><a href="#[bb]">&gt;&gt;</a>&nbsp;&nbsp;&nbsp;_fcmple
</UL>

<P><STRONG><a name="[4a]"></a>__aeabi_fadd</STRONG> (Thumb, 0 bytes, Stack size 16 bytes, faddsub.o(x$fpl$fadd))
<BR><BR>[Stack]<UL><LI>Max Depth = 16<LI>Call Chain = __aeabi_fadd
</UL>
<BR>[Called By]<UL><LI><a href="#[65]">&gt;&gt;</a>&nbsp;&nbsp;&nbsp;LineSensor_GetSteeringError
<LI><a href="#[60]">&gt;&gt;</a>&nbsp;&nbsp;&nbsp;Control_Tick
<LI><a href="#[3f]">&gt;&gt;</a>&nbsp;&nbsp;&nbsp;Balance_Tick
<LI><a href="#[56]">&gt;&gt;</a>&nbsp;&nbsp;&nbsp;LineFollow_Update
</UL>

<P><STRONG><a name="[bd]"></a>_fadd</STRONG> (Thumb, 134 bytes, Stack size 16 bytes, faddsub.o(x$fpl$fadd), UNUSED)
<BR><BR>[Calls]<UL><LI><a href="#[be]">&gt;&gt;</a>&nbsp;&nbsp;&nbsp;_fsub1
</UL>

<P><STRONG><a name="[b8]"></a>_fcmpge</STRONG> (Thumb, 78 bytes, Stack size 8 bytes, fgef.o(x$fpl$fgeqf), UNUSED)
<BR><BR>[Calls]<UL><LI><a href="#[33]">&gt;&gt;</a>&nbsp;&nbsp;&nbsp;__fpl_fcmp_InfNaN
</UL>
<BR>[Called By]<UL><LI><a href="#[b9]">&gt;&gt;</a>&nbsp;&nbsp;&nbsp;_fgr
<LI><a href="#[b7]">&gt;&gt;</a>&nbsp;&nbsp;&nbsp;_fgeq
</UL>

<P><STRONG><a name="[f4]"></a>__aeabi_cfcmple</STRONG> (Thumb, 0 bytes, Stack size 8 bytes, flef.o(x$fpl$fleqf), UNUSED)

<P><STRONG><a name="[bb]"></a>_fcmple</STRONG> (Thumb, 78 bytes, Stack size 8 bytes, flef.o(x$fpl$fleqf), UNUSED)
<BR><BR>[Calls]<UL><LI><a href="#[33]">&gt;&gt;</a>&nbsp;&nbsp;&nbsp;__fpl_fcmp_InfNaN
</UL>
<BR>[Called By]<UL><LI><a href="#[bc]">&gt;&gt;</a>&nbsp;&nbsp;&nbsp;_fls
<LI><a href="#[ba]">&gt;&gt;</a>&nbsp;&nbsp;&nbsp;_fleq
</UL>

<P><STRONG><a name="[49]"></a>__aeabi_fmul</STRONG> (Thumb, 0 bytes, Stack size 16 bytes, fmul.o(x$fpl$fmul))
<BR><BR>[Stack]<UL><LI>Max Depth = 16<LI>Call Chain = __aeabi_fmul
</UL>
<BR>[Called By]<UL><LI><a href="#[63]">&gt;&gt;</a>&nbsp;&nbsp;&nbsp;Encoder_CountsToRpm
<LI><a href="#[60]">&gt;&gt;</a>&nbsp;&nbsp;&nbsp;Control_Tick
<LI><a href="#[3f]">&gt;&gt;</a>&nbsp;&nbsp;&nbsp;Balance_Tick
<LI><a href="#[6b]">&gt;&gt;</a>&nbsp;&nbsp;&nbsp;Encoder_CountsToDistanceCm
<LI><a href="#[56]">&gt;&gt;</a>&nbsp;&nbsp;&nbsp;LineFollow_Update
</UL>

<P><STRONG><a name="[f5]"></a>_fmul</STRONG> (Thumb, 172 bytes, Stack size 16 bytes, fmul.o(x$fpl$fmul), UNUSED)

<P><STRONG><a name="[4d]"></a>__aeabi_fsub</STRONG> (Thumb, 0 bytes, Stack size 16 bytes, faddsub.o(x$fpl$fsub))
<BR><BR>[Stack]<UL><LI>Max Depth = 16<LI>Call Chain = __aeabi_fsub
</UL>
<BR>[Called By]<UL><LI><a href="#[60]">&gt;&gt;</a>&nbsp;&nbsp;&nbsp;Control_Tick
<LI><a href="#[3f]">&gt;&gt;</a>&nbsp;&nbsp;&nbsp;Balance_Tick
</UL>

<P><STRONG><a name="[bf]"></a>_fsub</STRONG> (Thumb, 204 bytes, Stack size 16 bytes, faddsub.o(x$fpl$fsub), UNUSED)
<BR><BR>[Calls]<UL><LI><a href="#[c0]">&gt;&gt;</a>&nbsp;&nbsp;&nbsp;_fadd1
</UL>
<P>
<H3>
Local Symbols
</H3>
<P><STRONG><a name="[a7]"></a>oled_show_mode_select</STRONG> (Thumb, 956 bytes, Stack size 72 bytes, app_main.o(.text.oled_show_mode_select))
<BR><BR>[Stack]<UL><LI>Max Depth = 244<LI>Call Chain = oled_show_mode_select &rArr; OLED_ShowTenths &rArr; OLED_ShowChar &rArr; oled_cursor
</UL>
<BR>[Calls]<UL><LI><a href="#[b3]">&gt;&gt;</a>&nbsp;&nbsp;&nbsp;Control_GetLineError
<LI><a href="#[b2]">&gt;&gt;</a>&nbsp;&nbsp;&nbsp;Balance_GetOutput
<LI><a href="#[b1]">&gt;&gt;</a>&nbsp;&nbsp;&nbsp;Balance_GetTarget
<LI><a href="#[b0]">&gt;&gt;</a>&nbsp;&nbsp;&nbsp;LineSensor_IsOnline
<LI><a href="#[72]">&gt;&gt;</a>&nbsp;&nbsp;&nbsp;LineSensor_ReadRaw
<LI><a href="#[af]">&gt;&gt;</a>&nbsp;&nbsp;&nbsp;Balance_GetTargetAb
<LI><a href="#[ae]">&gt;&gt;</a>&nbsp;&nbsp;&nbsp;Stepper_GetPosition
<LI><a href="#[4f]">&gt;&gt;</a>&nbsp;&nbsp;&nbsp;StepperFeedback_GetSnapshot
<LI><a href="#[80]">&gt;&gt;</a>&nbsp;&nbsp;&nbsp;OLED_ShowSignedInt
<LI><a href="#[7c]">&gt;&gt;</a>&nbsp;&nbsp;&nbsp;OLED_ShowChar
<LI><a href="#[7d]">&gt;&gt;</a>&nbsp;&nbsp;&nbsp;OLED_ShowNum
<LI><a href="#[ad]">&gt;&gt;</a>&nbsp;&nbsp;&nbsp;Camera_IsDataFresh
<LI><a href="#[47]">&gt;&gt;</a>&nbsp;&nbsp;&nbsp;Camera_GetData
<LI><a href="#[82]">&gt;&gt;</a>&nbsp;&nbsp;&nbsp;OLED_ShowTenths
<LI><a href="#[81]">&gt;&gt;</a>&nbsp;&nbsp;&nbsp;OLED_ShowString
<LI><a href="#[ac]">&gt;&gt;</a>&nbsp;&nbsp;&nbsp;Competition_GetElapsedMs
<LI><a href="#[ab]">&gt;&gt;</a>&nbsp;&nbsp;&nbsp;Competition_GetState
<LI><a href="#[aa]">&gt;&gt;</a>&nbsp;&nbsp;&nbsp;Competition_GetMode
<LI><a href="#[9d]">&gt;&gt;</a>&nbsp;&nbsp;&nbsp;Control_GetTickCount
<LI><a href="#[7e]">&gt;&gt;</a>&nbsp;&nbsp;&nbsp;__aeabi_uidiv
</UL>
<BR>[Called By]<UL><LI><a href="#[27]">&gt;&gt;</a>&nbsp;&nbsp;&nbsp;main
</UL>

<P><STRONG><a name="[53]"></a>start_task</STRONG> (Thumb, 256 bytes, Stack size 8 bytes, competition_mode.o(.text.start_task))
<BR><BR>[Stack]<UL><LI>Max Depth = 56<LI>Call Chain = start_task &rArr; Balance_Disable &rArr; Stepper_SetSpeed &rArr; DL_Timer_setCaptCompUpdateMethod
</UL>
<BR>[Calls]<UL><LI><a href="#[3b]">&gt;&gt;</a>&nbsp;&nbsp;&nbsp;BalanceTask_Start
<LI><a href="#[b6]">&gt;&gt;</a>&nbsp;&nbsp;&nbsp;Balance_SelectPidProfile
<LI><a href="#[6d]">&gt;&gt;</a>&nbsp;&nbsp;&nbsp;LineFollow_Start
<LI><a href="#[b5]">&gt;&gt;</a>&nbsp;&nbsp;&nbsp;Control_SetStartRamp
<LI><a href="#[5e]">&gt;&gt;</a>&nbsp;&nbsp;&nbsp;Control_SetBaseSpeed
<LI><a href="#[b4]">&gt;&gt;</a>&nbsp;&nbsp;&nbsp;Control_SetLineProfile
<LI><a href="#[6f]">&gt;&gt;</a>&nbsp;&nbsp;&nbsp;Control_ResetDistance
<LI><a href="#[5b]">&gt;&gt;</a>&nbsp;&nbsp;&nbsp;StepperFeedback_ResetCountsAt
<LI><a href="#[5a]">&gt;&gt;</a>&nbsp;&nbsp;&nbsp;Stepper_ResetPosition
<LI><a href="#[59]">&gt;&gt;</a>&nbsp;&nbsp;&nbsp;StepperFeedback_SetTravelLimits
<LI><a href="#[55]">&gt;&gt;</a>&nbsp;&nbsp;&nbsp;StepperFeedback_ClearTravelLimits
<LI><a href="#[43]">&gt;&gt;</a>&nbsp;&nbsp;&nbsp;Balance_Disable
<LI><a href="#[58]">&gt;&gt;</a>&nbsp;&nbsp;&nbsp;Control_SetMode
</UL>
<BR>[Called By]<UL><LI><a href="#[51]">&gt;&gt;</a>&nbsp;&nbsp;&nbsp;Competition_Update
</UL>

<P><STRONG><a name="[79]"></a>oled_cursor</STRONG> (Thumb, 592 bytes, Stack size 28 bytes, oled_driver.o(.text.oled_cursor))
<BR><BR>[Stack]<UL><LI>Max Depth = 28<LI>Call Chain = oled_cursor
</UL>
<BR>[Called By]<UL><LI><a href="#[7c]">&gt;&gt;</a>&nbsp;&nbsp;&nbsp;OLED_ShowChar
<LI><a href="#[78]">&gt;&gt;</a>&nbsp;&nbsp;&nbsp;OLED_Clear
</UL>

<P><STRONG><a name="[c0]"></a>_fadd1</STRONG> (Thumb, 0 bytes, Stack size unknown bytes, faddsub.o(x$fpl$fadd), UNUSED)
<BR><BR>[Called By]<UL><LI><a href="#[bf]">&gt;&gt;</a>&nbsp;&nbsp;&nbsp;_fsub
</UL>

<P><STRONG><a name="[be]"></a>_fsub1</STRONG> (Thumb, 0 bytes, Stack size unknown bytes, faddsub.o(x$fpl$fsub), UNUSED)
<BR><BR>[Called By]<UL><LI><a href="#[bd]">&gt;&gt;</a>&nbsp;&nbsp;&nbsp;_fadd
</UL>
<P>
<H3>
Undefined Global Symbols
</H3>
<P><STRONG><a name="[38]"></a>_call_atexit_fns</STRONG> (ARM, 0 bytes, Stack size 0 bytes, UNDEFINED)
<BR><BR>[Called By]<UL><LI><a href="#[28]">&gt;&gt;</a>&nbsp;&nbsp;&nbsp;exit
</UL>
<HR></body></html>
