<html>
<body>
<pre>
<h1>µVision Build Log</h1>
<h2>Tool Versions:</h2>
IDE-Version: ¦ÌVision V5.43.1.0
Copyright (C) 2025 ARM Ltd and ARM Germany GmbH. All rights reserved.
License Information: sgod asus, sustc, LIC=WHYH9-4RSJM-NNDAF-6YW09-5FI84-CHISQ
 
Tool Versions:
Toolchain:       MDK-ARM Plus  Version: 5.43.0.0
Toolchain Path:  E:\Keil_v5\ARM\ARMCLANG\Bin
C Compiler:      ArmClang.exe V6.24
Assembler:       Armasm.exe V6.24
Linker/Locator:  ArmLink.exe V6.24
Library Manager: ArmAr.exe V6.24
Hex Converter:   FromElf.exe V6.24
CPU DLL:         SARMCM3.DLL V5.43.0.0
Dialog DLL:      DARMCM1.DLL V1.19.6.0
Target DLL:      CMSIS_AGDI.dll V1.33.24.0
Dialog DLL:      TARMCM1.DLL V1.14.6.0
 
<h2>Project:</h2>
E:\µçÈü\my project\project7.31\projects\2026H_newio\Hproject\keil\h_balance_car.uvprojx
Project File Date:  08/01/2026

<h2>Output:</h2>
*** Using Compiler 'V6.24', folder: 'E:\Keil_v5\ARM\ARMCLANG\Bin'
Rebuild target 'h_balance_car'
Before Build - User command #1: cmd.exe /C "..\tools\generate_syscfg.bat"
Running script...
Validating...
info: /ti/project_config/ProjectConfig deviceSpin: Note: User must select a device after migration. 
info: BATTERY_ADC(/ti/driverlib/ADC12) totalConversionRate: When Power Down Mode is set to Auto, ADC wakeup time may need to be considered in each sample window. Refer to the device specific data sheet for specifications on the ADC Wakeup Time.
info: PWM_0(/ti/driverlib/PWM): Peripheral does not retain register contents in STOP or STANDBY modes. User should take care to save and restore register configuration in application. See Retention Configuration section for more details.
info: PWM_STEPPER(/ti/driverlib/PWM): Peripheral does not retain register contents in STOP or STANDBY modes. User should take care to save and restore register configuration in application. See Retention Configuration section for more details.
Generating Code (board.syscfg)...
Unchanged E:\ç”µèµ›\my project\project7.31\projects\2026H_newio\Hproject\generated\ti_msp_dl_config.c...
Unchanged E:\ç”µèµ›\my project\project7.31\projects\2026H_newio\Hproject\generated\ti_msp_dl_config.h...
Unchanged E:\ç”µèµ›\my project\project7.31\projects\2026H_newio\Hproject\generated\Event.dot...
compiling app_main.c...
compiling balance_task.c...
compiling stepper_driver.c...
compiling balance_controller.c...
compiling button_input.c...
compiling debug_uart.c...
compiling competition_mode.c...
compiling vehicle_controller.c...
compiling encoder_driver.c...
compiling line_follow_task.c...
compiling motor_driver.c...
compiling line_sensor.c...
compiling stepper_feedback.c...
assembling startup_mspm0g350x_uvision.s...
compiling oled_driver.c...
compiling ti_msp_dl_config.c...
compiling camera_uart.c...
linking...
Program Size: Code=27588 RO-data=780 RW-data=0 ZI-data=1832  
FromELF: creating hex file...
"..\build\keil\Objects\h_balance_car.axf" - 0 Error(s), 0 Warning(s).

<h2>Software Packages used:</h2>

Package Vendor: TexasInstruments
                https://software-dl.ti.com/msp430/esd/MSPM0-CMSIS/MSPM0G1X0X_G3X0X/latest/exports/TexasInstruments.MSPM0G1X0X_G3X0X_DFP.1.3.1.pack
                TexasInstruments::MSPM0G1X0X_G3X0X_DFP@1.3.1
                Device Family Pack for Texas Instruments MSPM0G1X0X_G3X0X Series

<h2>Collection of Component include folders:</h2>

<h2>Collection of Component Files used:</h2>
Build Time Elapsed:  00:00:02
</pre>
</body>
</html>
