*** Using Compiler 'V6.21', folder: 'E:\MDK_ARM\Keil_v5\ARM\ARMCLANG\Bin'
Build target 'h_balance_car'
Before Build - User command #1: cmd.exe /C "..\tools\generate_syscfg.bat"
SysConfig CLI not found: E:\ti\sysconfig_1.20.0\sysconfig_cli.bat
compiling balance_controller.c...
compiling balance_task.c...
compiling competition_mode.c...
compiling motor_driver.c...
compiling line_follow_task.c...
compiling app_main.c...
compiling vehicle_controller.c...
compiling encoder_driver.c...
compiling line_sensor.c...
compiling button_input.c...
compiling debug_uart.c...
compiling stepper_driver.c...
compiling stepper_feedback.c...
compiling oled_driver.c...
compiling camera_uart.c...
compiling ti_msp_dl_config.c...
assembling startup_mspm0g350x_uvision.s...
linking...
Program Size: Code=26252 RO-data=708 RW-data=0 ZI-data=1776  
FromELF: creating hex file...
"..\build\keil\Objects\h_balance_car.axf" - 0 Error(s), 0 Warning(s).
Build Time Elapsed:  00:00:02
