Component: Arm Compiler for Embedded 6.24 Tool: armlink [5f371500]

==============================================================================

Section Cross References

    app_main.o(.text.UART1_IRQHandler) refers to vehicle_controller.o(.text.Control_GetTickCount) for Control_GetTickCount
    app_main.o(.text.UART1_IRQHandler) refers to camera_uart.o(.text.Camera_FeedByte) for Camera_FeedByte
    app_main.o(.ARM.exidx.text.UART1_IRQHandler) refers to app_main.o(.text.UART1_IRQHandler) for [Anonymous Symbol]
    app_main.o(.text.main) refers to ti_msp_dl_config.o(.text.SYSCFG_DL_init) for SYSCFG_DL_init
    app_main.o(.text.main) refers to line_sensor.o(.text.LineSensor_Init) for LineSensor_Init
    app_main.o(.text.main) refers to encoder_driver.o(.text.Encoder_Init) for Encoder_Init
    app_main.o(.text.main) refers to motor_driver.o(.text.Motor_Init) for Motor_Init
    app_main.o(.text.main) refers to vehicle_controller.o(.text.Control_Init) for Control_Init
    app_main.o(.text.main) refers to stepper_driver.o(.text.Stepper_Init) for Stepper_Init
    app_main.o(.text.main) refers to camera_uart.o(.text.Camera_Init) for Camera_Init
    app_main.o(.text.main) refers to balance_controller.o(.text.Balance_Init) for Balance_Init
    app_main.o(.text.main) refers to button_input.o(.text.Button_Init) for Button_Init
    app_main.o(.text.main) refers to line_follow_task.o(.text.LineFollow_Init) for LineFollow_Init
    app_main.o(.text.main) refers to balance_task.o(.text.BalanceTask_Init) for BalanceTask_Init
    app_main.o(.text.main) refers to competition_mode.o(.text.Competition_Init) for Competition_Init
    app_main.o(.text.main) refers to oled_driver.o(.text.OLED_Init) for OLED_Init
    app_main.o(.text.main) refers to oled_driver.o(.text.OLED_Clear) for OLED_Clear
    app_main.o(.text.main) refers to app_main.o(.text.oled_show_mode_select) for oled_show_mode_select
    app_main.o(.text.main) refers to stepper_feedback.o(.text.StepperFeedback_Init) for StepperFeedback_Init
    app_main.o(.text.main) refers to line_sensor.o(.text.LineSensor_Poll) for LineSensor_Poll
    app_main.o(.text.main) refers to vehicle_controller.o(.text.Control_GetTickCount) for Control_GetTickCount
    app_main.o(.text.main) refers to button_input.o(.text.Button_Update) for Button_Update
    app_main.o(.text.main) refers to competition_mode.o(.text.Competition_Update) for Competition_Update
    app_main.o(.ARM.exidx.text.main) refers to app_main.o(.text.main) for [Anonymous Symbol]
    app_main.o(.text.oled_show_mode_select) refers to competition_mode.o(.text.Competition_GetMode) for Competition_GetMode
    app_main.o(.text.oled_show_mode_select) refers to competition_mode.o(.text.Competition_GetState) for Competition_GetState
    app_main.o(.text.oled_show_mode_select) refers to competition_mode.o(.text.Competition_GetElapsedMs) for Competition_GetElapsedMs
    app_main.o(.text.oled_show_mode_select) refers to oled_driver.o(.text.OLED_ShowString) for OLED_ShowString
    app_main.o(.text.oled_show_mode_select) refers to aeabi_sdivfast.o(.text_divfast) for __aeabi_uidiv
    app_main.o(.text.oled_show_mode_select) refers to oled_driver.o(.text.OLED_ShowTenths) for OLED_ShowTenths
    app_main.o(.text.oled_show_mode_select) refers to camera_uart.o(.text.Camera_GetData) for Camera_GetData
    app_main.o(.text.oled_show_mode_select) refers to vehicle_controller.o(.text.Control_GetTickCount) for Control_GetTickCount
    app_main.o(.text.oled_show_mode_select) refers to camera_uart.o(.text.Camera_IsDataFresh) for Camera_IsDataFresh
    app_main.o(.text.oled_show_mode_select) refers to oled_driver.o(.text.OLED_ShowNum) for OLED_ShowNum
    app_main.o(.text.oled_show_mode_select) refers to oled_driver.o(.text.OLED_ShowChar) for OLED_ShowChar
    app_main.o(.text.oled_show_mode_select) refers to oled_driver.o(.text.OLED_ShowSignedInt) for OLED_ShowSignedInt
    app_main.o(.text.oled_show_mode_select) refers to stepper_feedback.o(.text.StepperFeedback_GetSnapshot) for StepperFeedback_GetSnapshot
    app_main.o(.text.oled_show_mode_select) refers to stepper_driver.o(.text.Stepper_GetPosition) for Stepper_GetPosition
    app_main.o(.text.oled_show_mode_select) refers to balance_controller.o(.text.Balance_GetTargetAb) for Balance_GetTargetAb
    app_main.o(.text.oled_show_mode_select) refers to line_sensor.o(.text.LineSensor_ReadRaw) for LineSensor_ReadRaw
    app_main.o(.text.oled_show_mode_select) refers to line_sensor.o(.text.LineSensor_IsOnline) for LineSensor_IsOnline
    app_main.o(.text.oled_show_mode_select) refers to balance_controller.o(.text.Balance_GetTarget) for Balance_GetTarget
    app_main.o(.text.oled_show_mode_select) refers to balance_controller.o(.text.Balance_GetOutput) for Balance_GetOutput
    app_main.o(.text.oled_show_mode_select) refers to vehicle_controller.o(.text.Control_GetLineError) for Control_GetLineError
[...]
    s_elapsed_ms                             0x202001f4   Data           4  competition_mode.o(.bss.s_elapsed_ms)
    [Anonymous Symbol]                       0x202001f4   Section        0  competition_mode.o(.bss.s_elapsed_ms)
    s_enabled                                0x202001f8   Data           1  balance_controller.o(.bss.s_enabled)
    [Anonymous Symbol]                       0x202001f8   Section        0  balance_controller.o(.bss.s_enabled)
    s_error                                  0x202001fa   Data           2  balance_controller.o(.bss.s_error)
    [Anonymous Symbol]                       0x202001fa   Section        0  balance_controller.o(.bss.s_error)
    s_expect_len                             0x202001fc   Data           1  camera_uart.o(.bss.s_expect_len)
    [Anonymous Symbol]                       0x202001fc   Section        0  camera_uart.o(.bss.s_expect_len)
    s_fail_count                             0x202001fd   Data           1  line_sensor.o(.bss.s_fail_count)
    [Anonymous Symbol]                       0x202001fd   Section        0  line_sensor.o(.bss.s_fail_count)
    s_filter_count                           0x20200200   Data           8  line_sensor.o(.bss.s_filter_count)
    [Anonymous Symbol]                       0x20200200   Section        0  line_sensor.o(.bss.s_filter_count)
    s_filtered                               0x20200208   Data           1  line_sensor.o(.bss.s_filtered)
    [Anonymous Symbol]                       0x20200208   Section        0  line_sensor.o(.bss.s_filtered)
    s_frame_len                              0x20200209   Data           1  camera_uart.o(.bss.s_frame_len)
    [Anonymous Symbol]                       0x20200209   Section        0  camera_uart.o(.bss.s_frame_len)
    s_freq_hz                                0x2020020c   Data           4  stepper_driver.o(.bss.s_freq_hz)
    [Anonymous Symbol]                       0x2020020c   Section        0  stepper_driver.o(.bss.s_freq_hz)
    s_have_seq                               0x20200210   Data           1  camera_uart.o(.bss.s_have_seq)
    [Anonymous Symbol]                       0x20200210   Section        0  camera_uart.o(.bss.s_have_seq)
    s_index_count                            0x20200214   Data           4  stepper_feedback.o(.bss.s_index_count)
    [Anonymous Symbol]                       0x20200214   Section        0  stepper_feedback.o(.bss.s_index_count)
    s_integral                               0x20200218   Data           4  balance_controller.o(.bss.s_integral)
    [Anonymous Symbol]                       0x20200218   Section        0  balance_controller.o(.bss.s_integral)
    s_invalid_transition_count               0x2020021c   Data           4  stepper_feedback.o(.bss.s_invalid_transition_count)
    [Anonymous Symbol]                       0x2020021c   Section        0  stepper_feedback.o(.bss.s_invalid_transition_count)
    s_last_line_correction                   0x20200220   Data           4  vehicle_controller.o(.bss.s_last_line_correction)
    [Anonymous Symbol]                       0x20200220   Section        0  vehicle_controller.o(.bss.s_last_line_correction)
    s_last_line_sample_sequence              0x20200224   Data           4  line_follow_task.o(.bss.s_last_line_sample_sequence)
    [Anonymous Symbol]                       0x20200224   Section        0  line_follow_task.o(.bss.s_last_line_sample_sequence)
    s_last_tick_ms                           0x20200228   Data           4  balance_controller.o(.bss.s_last_tick_ms)
    [Anonymous Symbol]                       0x20200228   Section        0  balance_controller.o(.bss.s_last_tick_ms)
    s_last_update_ms                         0x2020022c   Data           4  line_follow_task.o(.bss.s_last_update_ms)
    [Anonymous Symbol]                       0x2020022c   Section        0  line_follow_task.o(.bss.s_last_update_ms)
    s_left_distance                          0x20200230   Data           4  vehicle_controller.o(.bss.s_left_distance)
    [Anonymous Symbol]                       0x20200230   Section        0  vehicle_controller.o(.bss.s_left_distance)
    s_left_duty                              0x20200234   Data           4  vehicle_controller.o(.bss.s_left_duty)
    [Anonymous Symbol]                       0x20200234   Section        0  vehicle_controller.o(.bss.s_left_duty)
    s_left_integral                          0x20200238   Data           4  vehicle_controller.o(.bss.s_left_integral)
    [Anonymous Symbol]                       0x20200238   Section        0  vehicle_controller.o(.bss.s_left_integral)
    s_left_rpm                               0x2020023c   Data           4  vehicle_controller.o(.bss.s_left_rpm)
    [Anonymous Symbol]                       0x2020023c   Section        0  vehicle_controller.o(.bss.s_left_rpm)
    s_left_speed_counts                      0x20200240   Data           4  vehicle_controller.o(.bss.s_left_speed_counts)
    [Anonymous Symbol]                       0x20200240   Section        0  vehicle_controller.o(.bss.s_left_speed_counts)
    s_left_target_rpm                        0x20200244   Data           4  vehicle_controller.o(.bss.s_left_target_rpm)
    [Anonymous Symbol]                       0x20200244   Section        0  vehicle_controller.o(.bss.s_left_target_rpm)
    s_level_stable                           0x20200248   Data           1  competition_mode.o(.bss.s_level_stable)
    [Anonymous Symbol]                       0x20200248   Section        0  competition_mode.o(.bss.s_level_stable)
    s_level_stable_since_ms                  0x2020024c   Data           4  competition_mode.o(.bss.s_level_stable_since_ms)
    [Anonymous Symbol]                       0x2020024c   Section        0  competition_mode.o(.bss.s_level_stable_since_ms)
    s_level_start_ms                         0x20200250   Data           4  competition_mode.o(.bss.s_level_start_ms)
    [Anonymous Symbol]                       0x20200250   Section        0  competition_mode.o(.bss.s_level_start_ms)
    s_lf_state                               0x20200254   Data           1  line_follow_task.o(.bss.s_lf_state)
    [Anonymous Symbol]                       0x20200254   Section        0  line_follow_task.o(.bss.s_lf_state)
    s_line_error                             0x20200258   Data           4  vehicle_controller.o(.bss.s_line_error)
    [Anonymous Symbol]                       0x20200258   Section        0  vehicle_controller.o(.bss.s_line_error)
    s_line_lost_ticks                        0x2020025c   Data           2  vehicle_controller.o(.bss.s_line_lost_ticks)
    [Anonymous Symbol]                       0x2020025c   Section        0  vehicle_controller.o(.bss.s_line_lost_ticks)
    s_line_profile                           0x2020025e   Data           1  vehicle_controller.o(.bss.s_line_profile)
    [Anonymous Symbol]                       0x2020025e   Section        0  vehicle_controller.o(.bss.s_line_profile)
    s_line_valid                             0x2020025f   Data           1  vehicle_controller.o(.bss.s_line_valid)
    [Anonymous Symbol]                       0x2020025f   Section        0  vehicle_controller.o(.bss.s_line_valid)
    s_max_position                           0x20200260   Data           4  stepper_driver.o(.bss.s_max_position)
    [Anonymous Symbol]                       0x20200260   Section        0  stepper_driver.o(.bss.s_max_position)
    s_min_position                           0x20200264   Data           4  stepper_driver.o(.bss.s_min_position)
    [Anonymous Symbol]                       0x20200264   Section        0  stepper_driver.o(.bss.s_min_position)
    s_mode                                   0x20200268   Data           1  competition_mode.o(.bss.s_mode)
    [Anonymous Symbol]                       0x20200268   Section        0  competition_mode.o(.bss.s_mode)
    s_mode                                   0x20200269   Data           1  line_follow_task.o(.bss.s_mode)
    [Anonymous Symbol]                       0x20200269   Section        0  line_follow_task.o(.bss.s_mode)
    s_mode                                   0x2020026a   Data           1  balance_task.o(.bss.s_mode)
    [Anonymous Symbol]                       0x2020026a   Section        0  balance_task.o(.bss.s_mode)
    s_mode                                   0x2020026b   Data           1  vehicle_controller.o(.bss.s_mode)
    [Anonymous Symbol]                       0x2020026b   Section        0  vehicle_controller.o(.bss.s_mode)
    s_output                                 0x2020026c   Data           2  balance_controller.o(.bss.s_output)
    [Anonymous Symbol]                       0x2020026c   Section        0  balance_controller.o(.bss.s_output)
    s_phase_start_ms                         0x20200270   Data           4  balance_task.o(.bss.s_phase_start_ms)
    [Anonymous Symbol]                       0x20200270   Section        0  balance_task.o(.bss.s_phase_start_ms)
    s_pid_profile                            0x20200274   Data           1  balance_controller.o(.bss.s_pid_profile)
    [Anonymous Symbol]                       0x20200274   Section        0  balance_controller.o(.bss.s_pid_profile)
    s_position                               0x20200278   Data           4  stepper_driver.o(.bss.s_position)
    [Anonymous Symbol]                       0x20200278   Section        0  stepper_driver.o(.bss.s_position)
    s_position_ki                            0x2020027c   Data           4  balance_controller.o(.bss.s_position_ki)
    [Anonymous Symbol]                       0x2020027c   Section        0  balance_controller.o(.bss.s_position_ki)
    s_position_kp                            0x20200280   Data           4  balance_controller.o(.bss.s_position_kp)
    [Anonymous Symbol]                       0x20200280   Section        0  balance_controller.o(.bss.s_position_kp)
    s_previous_ab                            0x20200284   Data           1  stepper_feedback.o(.bss.s_previous_ab)
    [Anonymous Symbol]                       0x20200284   Section        0  stepper_feedback.o(.bss.s_previous_ab)
    s_previous_heading_error                 0x20200288   Data           4  vehicle_controller.o(.bss.s_previous_heading_error)
    [Anonymous Symbol]                       0x20200288   Section        0  vehicle_controller.o(.bss.s_previous_heading_error)
    s_previous_line_error                    0x2020028c   Data           4  vehicle_controller.o(.bss.s_previous_line_error)
    [Anonymous Symbol]                       0x2020028c   Section        0  vehicle_controller.o(.bss.s_previous_line_error)
    s_pwm_angle_tenths                       0x20200290   Data           2  stepper_feedback.o(.bss.s_pwm_angle_tenths)
    [Anonymous Symbol]                       0x20200290   Section        0  stepper_feedback.o(.bss.s_pwm_angle_tenths)
    s_pwm_high_ticks                         0x20200294   Data           4  stepper_feedback.o(.bss.s_pwm_high_ticks)
    [Anonymous Symbol]                       0x20200294   Section        0  stepper_feedback.o(.bss.s_pwm_high_ticks)
    s_pwm_period_ticks                       0x20200298   Data           4  stepper_feedback.o(.bss.s_pwm_period_ticks)
    [Anonymous Symbol]                       0x20200298   Section        0  stepper_feedback.o(.bss.s_pwm_period_ticks)
    s_pwm_valid                              0x2020029c   Data           1  stepper_feedback.o(.bss.s_pwm_valid)
    [Anonymous Symbol]                       0x2020029c   Section        0  stepper_feedback.o(.bss.s_pwm_valid)
    s_quadrature_count                       0x202002a0   Data           4  stepper_feedback.o(.bss.s_quadrature_count)
    [Anonymous Symbol]                       0x202002a0   Section        0  stepper_feedback.o(.bss.s_quadrature_count)
    s_raw                                    0x202002a4   Data           1  line_sensor.o(.bss.s_raw)
    [Anonymous Symbol]                       0x202002a4   Section        0  line_sensor.o(.bss.s_raw)
    s_right_distance                         0x202002a8   Data           4  vehicle_controller.o(.bss.s_right_distance)
    [Anonymous Symbol]                       0x202002a8   Section        0  vehicle_controller.o(.bss.s_right_distance)
    s_right_duty                             0x202002ac   Data           4  vehicle_controller.o(.bss.s_right_duty)
    [Anonymous Symbol]                       0x202002ac   Section        0  vehicle_controller.o(.bss.s_right_duty)
    s_right_integral                         0x202002b0   Data           4  vehicle_controller.o(.bss.s_right_integral)
    [Anonymous Symbol]                       0x202002b0   Section        0  vehicle_controller.o(.bss.s_right_integral)
    s_right_rpm                              0x202002b4   Data           4  vehicle_controller.o(.bss.s_right_rpm)
    [Anonymous Symbol]                       0x202002b4   Section        0  vehicle_controller.o(.bss.s_right_rpm)
    s_right_speed_counts                     0x202002b8   Data           4  vehicle_controller.o(.bss.s_right_speed_counts)
    [Anonymous Symbol]                       0x202002b8   Section        0  vehicle_controller.o(.bss.s_right_speed_counts)
    s_right_target_rpm                       0x202002bc   Data           4  vehicle_controller.o(.bss.s_right_target_rpm)
    [Anonymous Symbol]                       0x202002bc   Section        0  vehicle_controller.o(.bss.s_right_target_rpm)
    s_sample_sequence                        0x202002c0   Data           4  line_sensor.o(.bss.s_sample_sequence)
    [Anonymous Symbol]                       0x202002c0   Section        0  line_sensor.o(.bss.s_sample_sequence)
    s_settle_start_ms                        0x202002c4   Data           4  balance_task.o(.bss.s_settle_start_ms)
    [Anonymous Symbol]                       0x202002c4   Section        0  balance_task.o(.bss.s_settle_start_ms)
    s_speed_sample_ticks                     0x202002c8   Data           1  vehicle_controller.o(.bss.s_speed_sample_ticks)
    [Anonymous Symbol]                       0x202002c8   Section        0  vehicle_controller.o(.bss.s_speed_sample_ticks)
    s_start_ms                               0x202002cc   Data           4  competition_mode.o(.bss.s_start_ms)
    [Anonymous Symbol]                       0x202002cc   Section        0  competition_mode.o(.bss.s_start_ms)
    s_start_ramp_duration_ms                 0x202002d0   Data           4  vehicle_controller.o(.bss.s_start_ramp_duration_ms)
    [Anonymous Symbol]                       0x202002d0   Section        0  vehicle_controller.o(.bss.s_start_ramp_duration_ms)
    s_start_ramp_scale                       0x202002d4   Data           4  vehicle_controller.o(.bss.s_start_ramp_scale)
    [Anonymous Symbol]                       0x202002d4   Section        0  vehicle_controller.o(.bss.s_start_ramp_scale)
    s_state                                  0x202002d8   Data           1  competition_mode.o(.bss.s_state)
    [Anonymous Symbol]                       0x202002d8   Section        0  competition_mode.o(.bss.s_state)
    s_stats                                  0x202002dc   Data          32  camera_uart.o(.bss.s_stats)
    [Anonymous Symbol]                       0x202002dc   Section        0  camera_uart.o(.bss.s_stats)
    s_stop_vote_history                      0x202002fc   Data           1  line_follow_task.o(.bss.s_stop_vote_history)
    [Anonymous Symbol]                       0x202002fc   Section        0  line_follow_task.o(.bss.s_stop_vote_history)
    s_target_ab                              0x20200300   Data           4  balance_controller.o(.bss.s_target_ab)
    [Anonymous Symbol]                       0x20200300   Section        0  balance_controller.o(.bss.s_target_ab)
    s_target_mm                              0x20200304   Data           2  balance_controller.o(.bss.s_target_mm)
    [Anonymous Symbol]                       0x20200304   Section        0  balance_controller.o(.bss.s_target_mm)
    s_tick_started                           0x20200306   Data           1  balance_controller.o(.bss.s_tick_started)
    [Anonymous Symbol]                       0x20200306   Section        0  balance_controller.o(.bss.s_tick_started)
    s_tracking                               0x20200307   Data           1  balance_controller.o(.bss.s_tracking)
    [Anonymous Symbol]                       0x20200307   Section        0  balance_controller.o(.bss.s_tracking)
    s_travel_limits_enabled                  0x20200308   Data           1  stepper_feedback.o(.bss.s_travel_limits_enabled)
    [Anonymous Symbol]                       0x20200308   Section        0  stepper_feedback.o(.bss.s_travel_limits_enabled)
    s_travel_maximum                         0x2020030c   Data           4  stepper_feedback.o(.bss.s_travel_maximum)
    [Anonymous Symbol]                       0x2020030c   Section        0  stepper_feedback.o(.bss.s_travel_maximum)
    s_travel_minimum                         0x20200310   Data           4  stepper_feedback.o(.bss.s_travel_minimum)
    [Anonymous Symbol]                       0x20200310   Section        0  stepper_feedback.o(.bss.s_travel_minimum)
    s_velocity_kd                            0x20200314   Data           4  balance_controller.o(.bss.s_velocity_kd)
    [Anonymous Symbol]                       0x20200314   Section        0  balance_controller.o(.bss.s_velocity_kd)
    Heap_Mem                                 0x20200318   Data           0  startup_mspm0g350x_uvision.o(HEAP)
    Stack_Mem                                0x20200318   Data        1024  startup_mspm0g350x_uvision.o(STACK)
    HEAP                                     0x20200318   Section        0  startup_mspm0g350x_uvision.o(HEAP)
    STACK                                    0x20200318   Section     1024  startup_mspm0g350x_uvision.o(STACK)
    __initial_sp                             0x20200718   Data           0  startup_mspm0g350x_uvision.o(STACK)

    Global Symbols

    Symbol Name                              Value     Ov Type        Size  Object(Section)

    BuildAttributes$$THM_ISAv3M$S$PE$A:L22$X:L11$S22$IEEE1$IW$~IW$USESV6$~STKCKD$USESV7$~SHL$OTIME$ROPI$EBA8$UX$STANDARDLIB$REQ8$PRES8$EABIv2 0x00000000   Number         0  anon$$obj.o ABSOLUTE
    __Vectors                                0x00000000   Data           4  startup_mspm0g350x_uvision.o(RESET)
    __ARM_exceptions_init                     - Undefined Weak Reference
    __alloca_initialize                       - Undefined Weak Reference
    __arm_preinit_                            - Undefined Weak Reference
    __arm_relocate_pie_                       - Undefined Weak Reference
    __cpp_initialize__aeabi_                  - Undefined Weak Reference
    __cxa_finalize                            - Undefined Weak Reference
    __rt_locale                               - Undefined Weak Reference
    __sigvec_lookup                           - Undefined Weak Reference
    _atexit_init                              - Undefined Weak Reference
    _call_atexit_fns                          - Undefined Weak Reference
    _clock_init                               - Undefined Weak Reference
    _fp_trap_init                             - Undefined Weak Reference
    _fp_trap_shutdown                         - Undefined Weak Reference
    _get_lc_collate                           - Undefined Weak Reference
    _get_lc_ctype                             - Undefined Weak Reference
    _get_lc_monetary                          - Undefined Weak Reference
    _get_lc_numeric                           - Undefined Weak Reference
    _get_lc_time                              - Undefined Weak Reference
    _getenv_init                              - Undefined Weak Reference
    _handle_redirection                       - Undefined Weak Reference
    _init_alloc                               - Undefined Weak Reference
    _init_user_alloc                          - Undefined Weak Reference
    _initio                                   - Undefined Weak Reference
    _rand_init                                - Undefined Weak Reference
    _signal_finish                            - Undefined Weak Reference
    _signal_init                              - Undefined Weak Reference
    _terminate_alloc                          - Undefined Weak Reference
    _terminate_user_alloc                     - Undefined Weak Reference
    _terminateio                              - Undefined Weak Reference
    __Vectors_End                            0x000000c0   Data           0  startup_mspm0g350x_uvision.o(RESET)
    __Vectors_Size                           0x000000c0   Number         0  startup_mspm0g350x_uvision.o ABSOLUTE
    __main                                   0x000000c1   Thumb Code     8  __main.o(!!!main)
    __scatterload                            0x000000c9   Thumb Code     0  __scatter.o(!!!scatter)
    __scatterload_rt2                        0x000000c9   Thumb Code    74  __scatter.o(!!!scatter)
    __scatterload_rt2_thumb_only             0x000000c9   Thumb Code     0  __scatter.o(!!!scatter)
    __scatterload_loop                       0x000000d3   Thumb Code     0  __scatter.o(!!!scatter)
    __scatterload_null                       0x00000121   Thumb Code     2  __scatter.o(!!handler_null)
    __scatterload_zeroinit                   0x00000129   Thumb Code    28  __scatter_zi.o(!!handler_zi)
    __rt_lib_init                            0x00000145   Thumb Code     0  libinit.o(.ARM.Collect$$libinit$$00000000)
    __rt_lib_init_alloca_1                   0x00000147   Thumb Code     0  libinit2.o(.ARM.Collect$$libinit$$00000030)
    __rt_lib_init_argv_1                     0x00000147   Thumb Code     0  libinit2.o(.ARM.Collect$$libinit$$0000002E)
    __rt_lib_init_atexit_1                   0x00000147   Thumb Code     0  libinit2.o(.ARM.Collect$$libinit$$0000001D)
    __rt_lib_init_clock_1                    0x00000147   Thumb Code     0  libinit2.o(.ARM.Collect$$libinit$$00000023)
    __rt_lib_init_cpp_1                      0x00000147   Thumb Code     0  libinit2.o(.ARM.Collect$$libinit$$00000034)
    __rt_lib_init_exceptions_1               0x00000147   Thumb Code     0  libinit2.o(.ARM.Collect$$libinit$$00000032)
    __rt_lib_init_fp_1                       0x00000147   Thumb Code     0  libinit2.o(.ARM.Collect$$libinit$$00000002)
    __rt_lib_init_fp_trap_1                  0x00000147   Thumb Code     0  libinit2.o(.ARM.Collect$$libinit$$00000021)
    __rt_lib_init_getenv_1                   0x00000147   Thumb Code     0  libinit2.o(.ARM.Collect$$libinit$$00000025)
    __rt_lib_init_heap_1                     0x00000147   Thumb Code     0  libinit2.o(.ARM.Collect$$libinit$$0000000C)
    __rt_lib_init_lc_collate_1               0x00000147   Thumb Code     0  libinit2.o(.ARM.Collect$$libinit$$00000013)
    __rt_lib_init_lc_ctype_1                 0x00000147   Thumb Code     0  libinit2.o(.ARM.Collect$$libinit$$00000015)
    __rt_lib_init_lc_monetary_1              0x00000147   Thumb Code     0  libinit2.o(.ARM.Collect$$libinit$$00000017)
    __rt_lib_init_lc_numeric_1               0x00000147   Thumb Code     0  libinit2.o(.ARM.Collect$$libinit$$00000019)
    __rt_lib_init_lc_time_1                  0x00000147   Thumb Code     0  libinit2.o(.ARM.Collect$$libinit$$0000001B)
    __rt_lib_init_preinit_1                  0x00000147   Thumb Code     0  libinit2.o(.ARM.Collect$$libinit$$00000006)
    __rt_lib_init_rand_1                     0x00000147   Thumb Code     0  libinit2.o(.ARM.Collect$$libinit$$00000010)
    __rt_lib_init_relocate_pie_1             0x00000147   Thumb Code     0  libinit2.o(.ARM.Collect$$libinit$$00000004)
    __rt_lib_init_return                     0x00000147   Thumb Code     0  libinit2.o(.ARM.Collect$$libinit$$00000035)
    __rt_lib_init_signal_1                   0x00000147   Thumb Code     0  libinit2.o(.ARM.Collect$$libinit$$0000001F)
    __rt_lib_init_stdio_1                    0x00000147   Thumb Code     0  libinit2.o(.ARM.Collect$$libinit$$00000027)
    __rt_lib_init_user_alloc_1               0x00000147   Thumb Code     0  libinit2.o(.ARM.Collect$$libinit$$0000000E)
    __rt_lib_shutdown                        0x00000149   Thumb Code     0  libshutdown.o(.ARM.Collect$$libshutdown$$00000000)
    __rt_lib_shutdown_cpp_1                  0x0000014b   Thumb Code     0  libshutdown2.o(.ARM.Collect$$libshutdown$$00000002)
    __rt_lib_shutdown_fp_trap_1              0x0000014b   Thumb Code     0  libshutdown2.o(.ARM.Collect$$libshutdown$$00000007)
    __rt_lib_shutdown_heap_1                 0x0000014b   Thumb Code     0  libshutdown2.o(.ARM.Collect$$libshutdown$$0000000F)
    __rt_lib_shutdown_return                 0x0000014b   Thumb Code     0  libshutdown2.o(.ARM.Collect$$libshutdown$$00000010)
    __rt_lib_shutdown_signal_1               0x0000014b   Thumb Code     0  libshutdown2.o(.ARM.Collect$$libshutdown$$0000000A)
    __rt_lib_shutdown_stdio_1                0x0000014b   Thumb Code     0  libshutdown2.o(.ARM.Collect$$libshutdown$$00000004)
    __rt_lib_shutdown_user_alloc_1           0x0000014b   Thumb Code     0  libshutdown2.o(.ARM.Collect$$libshutdown$$0000000C)
    __rt_entry                               0x0000014d   Thumb Code     0  __rtentry.o(.ARM.Collect$$rtentry$$00000000)
    __rt_entry_presh_1                       0x0000014d   Thumb Code     0  __rtentry2.o(.ARM.Collect$$rtentry$$00000002)
    __rt_entry_sh                            0x0000014d   Thumb Code     0  __rtentry4.o(.ARM.Collect$$rtentry$$00000004)
    __rt_entry_li                            0x00000153   Thumb Code     0  __rtentry2.o(.ARM.Collect$$rtentry$$0000000A)
    __rt_entry_postsh_1                      0x00000153   Thumb Code     0  __rtentry2.o(.ARM.Collect$$rtentry$$00000009)
    __rt_entry_main                          0x00000157   Thumb Code     0  __rtentry2.o(.ARM.Collect$$rtentry$$0000000D)
    __rt_entry_postli_1                      0x00000157   Thumb Code     0  __rtentry2.o(.ARM.Collect$$rtentry$$0000000C)
    __rt_exit                                0x0000015f   Thumb Code     0  rtexit.o(.ARM.Collect$$rtexit$$00000000)
    __rt_exit_ls                             0x00000161   Thumb Code     0  rtexit2.o(.ARM.Collect$$rtexit$$00000003)
    __rt_exit_prels_1                        0x00000161   Thumb Code     0  rtexit2.o(.ARM.Collect$$rtexit$$00000002)
    __rt_exit_exit                           0x00000165   Thumb Code     0  rtexit2.o(.ARM.Collect$$rtexit$$00000004)
    Reset_Handler                            0x0000016d   Thumb Code     4  startup_mspm0g350x_uvision.o(.text)
    NMI_Handler                              0x00000171   Thumb Code     2  startup_mspm0g350x_uvision.o(.text)
    HardFault_Handler                        0x00000173   Thumb Code     2  startup_mspm0g350x_uvision.o(.text)
    SVC_Handler                              0x00000175   Thumb Code     2  startup_mspm0g350x_uvision.o(.text)
    PendSV_Handler                           0x00000177   Thumb Code     2  startup_mspm0g350x_uvision.o(.text)
    SysTick_Handler                          0x00000179   Thumb Code     2  startup_mspm0g350x_uvision.o(.text)
    ADC0_IRQHandler                          0x0000017b   Thumb Code     0  startup_mspm0g350x_uvision.o(.text)
    ADC1_IRQHandler                          0x0000017b   Thumb Code     0  startup_mspm0g350x_uvision.o(.text)
    AES_IRQHandler                           0x0000017b   Thumb Code     0  startup_mspm0g350x_uvision.o(.text)
    CANFD0_IRQHandler                        0x0000017b   Thumb Code     0  startup_mspm0g350x_uvision.o(.text)
    DAC0_IRQHandler                          0x0000017b   Thumb Code     0  startup_mspm0g350x_uvision.o(.text)
    DMA_IRQHandler                           0x0000017b   Thumb Code     0  startup_mspm0g350x_uvision.o(.text)
    Default_Handler                          0x0000017b   Thumb Code     2  startup_mspm0g350x_uvision.o(.text)
    GROUP0_IRQHandler                        0x0000017b   Thumb Code     0  startup_mspm0g350x_uvision.o(.text)
    I2C0_IRQHandler                          0x0000017b   Thumb Code     0  startup_mspm0g350x_uvision.o(.text)
    I2C1_IRQHandler                          0x0000017b   Thumb Code     0  startup_mspm0g350x_uvision.o(.text)
    RTC_IRQHandler                           0x0000017b   Thumb Code     0  startup_mspm0g350x_uvision.o(.text)
    SPI0_IRQHandler                          0x0000017b   Thumb Code     0  startup_mspm0g350x_uvision.o(.text)
    SPI1_IRQHandler                          0x0000017b   Thumb Code     0  startup_mspm0g350x_uvision.o(.text)
    TIMA0_IRQHandler                         0x0000017b   Thumb Code     0  startup_mspm0g350x_uvision.o(.text)
    TIMA1_IRQHandler                         0x0000017b   Thumb Code     0  startup_mspm0g350x_uvision.o(.text)
    TIMG12_IRQHandler                        0x0000017b   Thumb Code     0  startup_mspm0g350x_uvision.o(.text)
    TIMG6_IRQHandler                         0x0000017b   Thumb Code     0  startup_mspm0g350x_uvision.o(.text)
    UART0_IRQHandler                         0x0000017b   Thumb Code     0  startup_mspm0g350x_uvision.o(.text)
    UART2_IRQHandler                         0x0000017b   Thumb Code     0  startup_mspm0g350x_uvision.o(.text)
    UART3_IRQHandler                         0x0000017b   Thumb Code     0  startup_mspm0g350x_uvision.o(.text)
    __user_initial_stackheap                 0x0000017d   Thumb Code    10  startup_mspm0g350x_uvision.o(.text)
    __aeabi_uidivmod                         0x00000199   Thumb Code    28  aeabi_sdivfast.o(.text)
    __aeabi_idivmod                          0x000001b5   Thumb Code   472  aeabi_sdivfast.o(.text)
    __use_two_region_memory                  0x00000391   Thumb Code     2  heapauxi.o(.text)
    __rt_heap_escrow$2region                 0x00000393   Thumb Code     2  heapauxi.o(.text)
    __rt_heap_expand$2region                 0x00000395   Thumb Code     2  heapauxi.o(.text)
    __aeabi_fdiv                             0x00000399   Thumb Code     0  fdiv.o(.text)
    __divsf3                                 0x00000399   Thumb Code     0  fdiv.o(.text)
    _fdiv                                    0x00000399   Thumb Code   334  fdiv.o(.text)
    _frdiv                                   0x000004e7   Thumb Code     8  fdiv.o(.text)
    __aeabi_f2iz                             0x000004f9   Thumb Code     0  ffixi.o(.text)
    _ffix                                    0x000004f9   Thumb Code    76  ffixi.o(.text)
    __aeabi_i2f_normalise                    0x00000545   Thumb Code    72  fflti.o(.text)
    __aeabi_i2f                              0x0000058d   Thumb Code    16  fflti.o(.text)
    _fflt                                    0x0000058d   Thumb Code     0  fflti.o(.text)
    __aeabi_ui2f                             0x0000059d   Thumb Code     6  fflti.o(.text)
    _ffltu                                   0x0000059d   Thumb Code     0  fflti.o(.text)
    __fpl_fcmp_InfNaN                        0x000005a5   Thumb Code    96  fcmpin.o(.text)
    __user_setup_stackheap                   0x00000609   Thumb Code    62  sys_stackheap_outer.o(.text)
    exit                                     0x00000647   Thumb Code    16  exit.o(.text)
    __fpl_cmpreturn                          0x00000657   Thumb Code    46  cmpret.o(.text)
    __fpl_fcheck_NaN2                        0x00000685   Thumb Code    10  fnan2.o(.text)
    __user_libspace                          0x00000695   Thumb Code     8  libspace.o(.text)
    __user_perproc_libspace                  0x00000695   Thumb Code     0  libspace.o(.text)
    __user_perthread_libspace                0x00000695   Thumb Code     0  libspace.o(.text)
    __fpl_return_NaN                         0x0000069d   Thumb Code    94  retnan.o(.text)
    _sys_exit                                0x000006fd   Thumb Code     8  sys_exit.o(.text)
    __I$use$semihosting                      0x00000709   Thumb Code     0  use_no_semi.o(.text)
    __use_no_semihosting_swi                 0x00000709   Thumb Code     2  use_no_semi.o(.text)
    __semihosting_library_function           0x0000070b   Thumb Code     0  indicate_semi.o(.text)
    BalanceTask_Init                         0x0000070d   Thumb Code    24  balance_task.o(.text.BalanceTask_Init)
    BalanceTask_IsComplete                   0x00000725   Thumb Code    12  balance_task.o(.text.BalanceTask_IsComplete)
    BalanceTask_Start                        0x00000731   Thumb Code    64  balance_task.o(.text.BalanceTask_Start)
    BalanceTask_Update                       0x00000779   Thumb Code   256  balance_task.o(.text.BalanceTask_Update)
    Balance_Disable                          0x00000891   Thumb Code    44  balance_controller.o(.text.Balance_Disable)
    Balance_Enable                           0x000008bd   Thumb Code    48  balance_controller.o(.text.Balance_Enable)
    Balance_GetBallVelocity                  0x000008ed   Thumb Code     8  balance_controller.o(.text.Balance_GetBallVelocity)
    Balance_GetError                         0x000008f5   Thumb Code     8  balance_controller.o(.text.Balance_GetError)
    Balance_GetOutput                        0x000008fd   Thumb Code     8  balance_controller.o(.text.Balance_GetOutput)
    Balance_GetTarget                        0x00000905   Thumb Code     8  balance_controller.o(.text.Balance_GetTarget)
    Balance_GetTargetAb                      0x0000090d   Thumb Code     8  balance_controller.o(.text.Balance_GetTargetAb)
    Balance_Init                             0x00000915   Thumb Code    72  balance_controller.o(.text.Balance_Init)
    Balance_IsTracking                       0x0000095d   Thumb Code     8  balance_controller.o(.text.Balance_IsTracking)
    Balance_SelectPidProfile                 0x00000965   Thumb Code    36  balance_controller.o(.text.Balance_SelectPidProfile)
    Balance_SetTarget                        0x00000999   Thumb Code    20  balance_controller.o(.text.Balance_SetTarget)
    Balance_Tick                             0x000009ad   Thumb Code   404  balance_controller.o(.text.Balance_Tick)
    Button_GetEvent                          0x00000b9d   Thumb Code    20  button_input.o(.text.Button_GetEvent)
    Button_Init                              0x00000bb1   Thumb Code    48  button_input.o(.text.Button_Init)
    Button_Update                            0x00000be1   Thumb Code   200  button_input.o(.text.Button_Update)
    Camera_FeedByte                          0x00000cd1   Thumb Code   680  camera_uart.o(.text.Camera_FeedByte)
    Camera_GetData                           0x00000f7d   Thumb Code     4  camera_uart.o(.text.Camera_GetData)
    Camera_Init                              0x00000f81   Thumb Code    44  camera_uart.o(.text.Camera_Init)
    Camera_IsBallUsable                      0x00000fbd   Thumb Code    32  camera_uart.o(.text.Camera_IsBallUsable)
    Camera_IsDataFresh                       0x00000fdd   Thumb Code    32  camera_uart.o(.text.Camera_IsDataFresh)
    Competition_GetElapsedMs                 0x00001001   Thumb Code     8  competition_mode.o(.text.Competition_GetElapsedMs)
    Competition_GetMode                      0x00001009   Thumb Code     8  competition_mode.o(.text.Competition_GetMode)
    Competition_GetState                     0x00001011   Thumb Code     8  competition_mode.o(.text.Competition_GetState)
    Competition_Init                         0x00001019   Thumb Code    40  competition_mode.o(.text.Competition_Init)
    Competition_Update                       0x00001045   Thumb Code   480  competition_mode.o(.text.Competition_Update)
    Control_GetLeftDistance                  0x0000124d   Thumb Code     8  vehicle_controller.o(.text.Control_GetLeftDistance)
    Control_GetLineError                     0x00001255   Thumb Code     8  vehicle_controller.o(.text.Control_GetLineError)
    Control_GetRightDistance                 0x0000125d   Thumb Code     8  vehicle_controller.o(.text.Control_GetRightDistance)
    Control_GetTickCount                     0x00001265   Thumb Code     8  vehicle_controller.o(.text.Control_GetTickCount)
    Control_Init                             0x0000126d   Thumb Code   112  vehicle_controller.o(.text.Control_Init)
    Control_ResetDistance                    0x0000130d   Thumb Code    20  vehicle_controller.o(.text.Control_ResetDistance)
    Control_SetBaseSpeed                     0x00001329   Thumb Code    24  vehicle_controller.o(.text.Control_SetBaseSpeed)
    Control_SetLineProfile                   0x00001345   Thumb Code    48  vehicle_controller.o(.text.Control_SetLineProfile)
    Control_SetMode                          0x0000137d   Thumb Code    80  vehicle_controller.o(.text.Control_SetMode)
    Control_SetStartRamp                     0x000013e5   Thumb Code    32  vehicle_controller.o(.text.Control_SetStartRamp)
    Control_Tick                             0x0000140d   Thumb Code  1624  vehicle_controller.o(.text.Control_Tick)
    DL_ADC12_setClockConfig                  0x00001acd   Thumb Code    64  dl_adc12.o(.text.DL_ADC12_setClockConfig)
    DL_Common_delayCycles                    0x00001b0d   Thumb Code    10  dl_common.o(.text.DL_Common_delayCycles)
    DL_I2C_fillControllerTXFIFO              0x00001b17   Thumb Code    44  dl_i2c.o(.text.DL_I2C_fillControllerTXFIFO)
    DL_I2C_flushControllerTXFIFO             0x00001b45   Thumb Code    40  dl_i2c.o(.text.DL_I2C_flushControllerTXFIFO)
    DL_I2C_setClockConfig                    0x00001b6d   Thumb Code    38  dl_i2c.o(.text.DL_I2C_setClockConfig)
    DL_SYSCTL_configSYSPLL                   0x00001b95   Thumb Code   196  dl_sysctl_mspm0g1x0x_g3x0x.o(.text.DL_SYSCTL_configSYSPLL)
    DL_SYSCTL_switchMCLKfromSYSOSCtoHSCLK    0x00001c59   Thumb Code    40  dl_sysctl_mspm0g1x0x_g3x0x.o(.text.DL_SYSCTL_switchMCLKfromSYSOSCtoHSCLK)
    DL_TimerA_initPWMMode                    0x00001c81   Thumb Code   116  dl_timer.o(.text.DL_TimerA_initPWMMode)
    DL_Timer_getCaptureCompareValue          0x00001cf5   Thumb Code    12  dl_timer.o(.text.DL_Timer_getCaptureCompareValue)
    DL_Timer_initCaptureCombinedMode         0x00001d01   Thumb Code   220  dl_timer.o(.text.DL_Timer_initCaptureCombinedMode)
    DL_Timer_initPWMMode                     0x00001ddd   Thumb Code   192  dl_timer.o(.text.DL_Timer_initPWMMode)
    DL_Timer_initTimerMode                   0x00001e9d   Thumb Code   240  dl_timer.o(.text.DL_Timer_initTimerMode)
    DL_Timer_setCaptCompUpdateMethod         0x00001f8d   Thumb Code    28  dl_timer.o(.text.DL_Timer_setCaptCompUpdateMethod)
    DL_Timer_setCaptureCompareOutCtl         0x00001fa9   Thumb Code    24  dl_timer.o(.text.DL_Timer_setCaptureCompareOutCtl)
    DL_Timer_setCaptureCompareValue          0x00001fc1   Thumb Code    16  dl_timer.o(.text.DL_Timer_setCaptureCompareValue)
    DL_Timer_setClockConfig                  0x00001fd1   Thumb Code    28  dl_timer.o(.text.DL_Timer_setClockConfig)
    DL_UART_init                             0x00001fed   Thumb Code    72  dl_uart.o(.text.DL_UART_init)
    DL_UART_setClockConfig                   0x00002035   Thumb Code    18  dl_uart.o(.text.DL_UART_setClockConfig)
    Encoder_CountsToDistanceCm               0x00002049   Thumb Code    24  encoder_driver.o(.text.Encoder_CountsToDistanceCm)
    Encoder_CountsToRpm                      0x00002061   Thumb Code    48  encoder_driver.o(.text.Encoder_CountsToRpm)
    Encoder_Init                             0x00002099   Thumb Code    12  encoder_driver.o(.text.Encoder_Init)
    Encoder_TakeCounts                       0x000020a5   Thumb Code    28  encoder_driver.o(.text.Encoder_TakeCounts)
    GROUP1_IRQHandler                        0x000020c1   Thumb Code   168  encoder_driver.o(.text.GROUP1_IRQHandler)
    LineFollow_Init                          0x00002189   Thumb Code    28  line_follow_task.o(.text.LineFollow_Init)
    LineFollow_IsComplete                    0x000021a5   Thumb Code    12  line_follow_task.o(.text.LineFollow_IsComplete)
    LineFollow_Start                         0x000021b1   Thumb Code    48  line_follow_task.o(.text.LineFollow_Start)
    LineFollow_Update                        0x000021e1   Thumb Code   356  line_follow_task.o(.text.LineFollow_Update)
    LineSensor_GetSampleSequence             0x00002371   Thumb Code     8  line_sensor.o(.text.LineSensor_GetSampleSequence)
    LineSensor_GetSteeringError              0x00002379   Thumb Code   260  line_sensor.o(.text.LineSensor_GetSteeringError)
    LineSensor_Init                          0x00002491   Thumb Code    28  line_sensor.o(.text.LineSensor_Init)
    LineSensor_IsOnline                      0x000024b9   Thumb Code    16  line_sensor.o(.text.LineSensor_IsOnline)
    LineSensor_Poll                          0x000024c9   Thumb Code   668  line_sensor.o(.text.LineSensor_Poll)
    LineSensor_ReadRaw                       0x00002785   Thumb Code     8  line_sensor.o(.text.LineSensor_ReadRaw)
    LineSensor_Update                        0x00002791   Thumb Code   360  line_sensor.o(.text.LineSensor_Update)
    Motor_Brake                              0x00002905   Thumb Code    48  motor_driver.o(.text.Motor_Brake)
    Motor_Init                               0x00002939   Thumb Code    48  motor_driver.o(.text.Motor_Init)
    Motor_SetDuty                            0x00002969   Thumb Code   128  motor_driver.o(.text.Motor_SetDuty)
    Motor_Stop                               0x000029f1   Thumb Code    48  motor_driver.o(.text.Motor_Stop)
    OLED_Clear                               0x00002a25   Thumb Code   380  oled_driver.o(.text.OLED_Clear)
    OLED_Init                                0x00002ba9   Thumb Code  5856  oled_driver.o(.text.OLED_Init)
    OLED_ShowChar                            0x0000428d   Thumb Code   632  oled_driver.o(.text.OLED_ShowChar)
    OLED_ShowNum                             0x00004541   Thumb Code   888  oled_driver.o(.text.OLED_ShowNum)
    OLED_ShowSignedInt                       0x000048d1   Thumb Code   868  oled_driver.o(.text.OLED_ShowSignedInt)
    OLED_ShowString                          0x00004c45   Thumb Code    50  oled_driver.o(.text.OLED_ShowString)
    OLED_ShowTenths                          0x00004c79   Thumb Code   868  oled_driver.o(.text.OLED_ShowTenths)
    SYSCFG_DL_BATTERY_ADC_init               0x00004fe5   Thumb Code    32  ti_msp_dl_config.o(.text.SYSCFG_DL_BATTERY_ADC_init)
    SYSCFG_DL_GPIO_init                      0x00005019   Thumb Code   196  ti_msp_dl_config.o(.text.SYSCFG_DL_GPIO_init)
    SYSCFG_DL_K230_init                      0x0000511d   Thumb Code   104  ti_msp_dl_config.o(.text.SYSCFG_DL_K230_init)
    SYSCFG_DL_LINE_I2C_init                  0x00005195   Thumb Code    72  ti_msp_dl_config.o(.text.SYSCFG_DL_LINE_I2C_init)
    SYSCFG_DL_PWM_0_init                     0x000051e9   Thumb Code   108  ti_msp_dl_config.o(.text.SYSCFG_DL_PWM_0_init)
    SYSCFG_DL_PWM_STEPPER_init               0x00005265   Thumb Code    88  ti_msp_dl_config.o(.text.SYSCFG_DL_PWM_STEPPER_init)
    SYSCFG_DL_STEPPER_POS_CAP_init           0x000052cd   Thumb Code    40  ti_msp_dl_config.o(.text.SYSCFG_DL_STEPPER_POS_CAP_init)
    SYSCFG_DL_SYSCTL_init                    0x00005309   Thumb Code   100  ti_msp_dl_config.o(.text.SYSCFG_DL_SYSCTL_init)
    SYSCFG_DL_SYSTICK_init                   0x0000537d   Thumb Code     2  ti_msp_dl_config.o(.text.SYSCFG_DL_SYSTICK_init)
    SYSCFG_DL_TIMER_0_init                   0x00005381   Thumb Code    36  ti_msp_dl_config.o(.text.SYSCFG_DL_TIMER_0_init)
    SYSCFG_DL_USB_init                       0x000053b9   Thumb Code    76  ti_msp_dl_config.o(.text.SYSCFG_DL_USB_init)
    SYSCFG_DL_init                           0x00005419   Thumb Code    68  ti_msp_dl_config.o(.text.SYSCFG_DL_init)
    SYSCFG_DL_initPower                      0x00005465   Thumb Code    88  ti_msp_dl_config.o(.text.SYSCFG_DL_initPower)
    StepperFeedback_ClearTravelLimits        0x000054ed   Thumb Code    28  stepper_feedback.o(.text.StepperFeedback_ClearTravelLimits)
    StepperFeedback_GetSnapshot              0x00005509   Thumb Code    92  stepper_feedback.o(.text.StepperFeedback_GetSnapshot)
    StepperFeedback_HandleGpioInterrupt      0x00005565   Thumb Code   144  stepper_feedback.o(.text.StepperFeedback_HandleGpioInterrupt)
    StepperFeedback_Init                     0x0000561d   Thumb Code    96  stepper_feedback.o(.text.StepperFeedback_Init)
    StepperFeedback_IsTravelCommandAllowed   0x00005695   Thumb Code    96  stepper_feedback.o(.text.StepperFeedback_IsTravelCommandAllowed)
    StepperFeedback_ResetCountsAt            0x000056f5   Thumb Code    68  stepper_feedback.o(.text.StepperFeedback_ResetCountsAt)
    StepperFeedback_SetTravelLimits          0x00005755   Thumb Code    40  stepper_feedback.o(.text.StepperFeedback_SetTravelLimits)
    Stepper_Disable                          0x00005789   Thumb Code    52  stepper_driver.o(.text.Stepper_Disable)
    Stepper_Enable                           0x000057bd   Thumb Code    12  stepper_driver.o(.text.Stepper_Enable)
    Stepper_GetPosition                      0x000057cd   Thumb Code     8  stepper_driver.o(.text.Stepper_GetPosition)
    Stepper_Init                             0x000057d5   Thumb Code   116  stepper_driver.o(.text.Stepper_Init)
    Stepper_ResetPosition                    0x00005865   Thumb Code     8  stepper_driver.o(.text.Stepper_ResetPosition)
    Stepper_SetSpeed                         0x0000586d   Thumb Code   296  stepper_driver.o(.text.Stepper_SetSpeed)
    TIMG0_IRQHandler                         0x000059a5   Thumb Code    20  vehicle_controller.o(.text.TIMG0_IRQHandler)
    TIMG7_IRQHandler                         0x000059bd   Thumb Code   116  stepper_driver.o(.text.TIMG7_IRQHandler)
    TIMG8_IRQHandler                         0x00005a51   Thumb Code   108  stepper_feedback.o(.text.TIMG8_IRQHandler)
    UART1_IRQHandler                         0x00005add   Thumb Code    48  app_main.o(.text.UART1_IRQHandler)
    main                                     0x00005b15   Thumb Code   180  app_main.o(.text.main)
    __aeabi_uidiv                            0x000063ed   Thumb Code    68  aeabi_sdivfast.o(.text_divfast)
    __aeabi_idiv                             0x00006431   Thumb Code   434  aeabi_sdivfast.o(.text_divfast)
    __aeabi_fcmpge                           0x000065e3   Thumb Code     0  fcmp.o(i._fgeq)
    _fgeq                                    0x000065e3   Thumb Code    22  fcmp.o(i._fgeq)
    __aeabi_fcmpgt                           0x000065f9   Thumb Code     0  fcmp.o(i._fgr)
    _fgr                                     0x000065f9   Thumb Code    22  fcmp.o(i._fgr)
    __aeabi_fcmple                           0x0000660f   Thumb Code     0  fcmp.o(i._fleq)
    _fleq                                    0x0000660f   Thumb Code    26  fcmp.o(i._fleq)
    __aeabi_fcmplt                           0x00006629   Thumb Code     0  fcmp.o(i._fls)
    _fls                                     0x00006629   Thumb Code    22  fcmp.o(i._fls)
    __aeabi_fadd                             0x00006641   Thumb Code     0  faddsub.o(x$fpl$fadd)
    _fadd                                    0x00006641   Thumb Code   134  faddsub.o(x$fpl$fadd)
    _fcmpge                                  0x000066cd   Thumb Code    78  fgef.o(x$fpl$fgeqf)
    __aeabi_cfcmple                          0x00006721   Thumb Code     0  flef.o(x$fpl$fleqf)
    _fcmple                                  0x00006721   Thumb Code    78  flef.o(x$fpl$fleqf)
    __aeabi_fmul                             0x00006775   Thumb Code     0  fmul.o(x$fpl$fmul)
    _fmul                                    0x00006775   Thumb Code   172  fmul.o(x$fpl$fmul)
    __aeabi_fsub                             0x00006825   Thumb Code     0  faddsub.o(x$fpl$fsub)
    _fsub                                    0x00006825   Thumb Code   204  faddsub.o(x$fpl$fsub)
    __I$use$fp                               0x000068f4   Number         0  usenofp.o(x$fpl$usenofp)
    Region$$Table$$Base                      0x00006b30   Number         0  anon$$obj.o(Region$$Table)
    Region$$Table$$Limit                     0x00006b40   Number         0  anon$$obj.o(Region$$Table)
    __libspace_start                         0x20200000   Data          96  libspace.o(.bss)
    __temporary_stack_top$libspace           0x20200060   Data           0  libspace.o(.bss)
    gPWM_0Backup                             0x20200060   Data         188  ti_msp_dl_config.o(.bss.gPWM_0Backup)
    gPWM_STEPPERBackup                       0x2020011c   Data         120  ti_msp_dl_config.o(.bss.gPWM_STEPPERBackup)
    g_encoder_a_count                        0x20200194   Data           4  encoder_driver.o(.bss.g_encoder_a_count)
    g_encoder_b_count                        0x20200198   Data           4  encoder_driver.o(.bss.g_encoder_b_count)



==============================================================================

Memory Map of the image

  Image Entry point : 0x000000c1

  Load Region LR_IROM1 (Base: 0x00000000, Size: 0x00006b40, Max: 0x00020000, ABSOLUTE)

    Execution Region ER_IROM1 (Exec base: 0x00000000, Load base: 0x00000000, Size: 0x00006b40, Max: 0x00020000, ABSOLUTE)

    Exec Addr    Load Addr    Size         Type   Attr      Idx    E Section Name        Object

    0x00000000   0x00000000   0x000000c0   Data   RO          505    RESET               startup_mspm0g350x_uvision.o
    0x000000c0   0x000000c0   0x00000008   Code   RO          748  * !!!main             c_p.l(__main.o)
    0x000000c8   0x000000c8   0x00000054   Code   RO          979    !!!scatter          c_p.l(__scatter.o)
    0x0000011c   0x0000011c   0x00000004   PAD
    0x00000120   0x00000120   0x00000002   Code   RO          980    !!handler_null      c_p.l(__scatter.o)
    0x00000122   0x00000122   0x00000006   PAD
    0x00000128   0x00000128   0x0000001c   Code   RO          983    !!handler_zi        c_p.l(__scatter_zi.o)
    0x00000144   0x00000144   0x00000002   Code   RO          834    .ARM.Collect$$libinit$$00000000  c_p.l(libinit.o)
    0x00000146   0x00000146   0x00000000   Code   RO          852    .ARM.Collect$$libinit$$00000002  c_p.l(libinit2.o)
    0x00000146   0x00000146   0x00000000   Code   RO          854    .ARM.Collect$$libinit$$00000004  c_p.l(libinit2.o)
    0x00000146   0x00000146   0x00000000   Code   RO          856    .ARM.Collect$$libinit$$00000006  c_p.l(libinit2.o)
    0x00000146   0x00000146   0x00000000   Code   RO          859    .ARM.Collect$$libinit$$0000000C  c_p.l(libinit2.o)
    0x00000146   0x00000146   0x00000000   Code   RO          861    .ARM.Collect$$libinit$$0000000E  c_p.l(libinit2.o)
    0x00000146   0x00000146   0x00000000   Code   RO          863    .ARM.Collect$$libinit$$00000010  c_p.l(libinit2.o)
    0x00000146   0x00000146   0x00000000   Code   RO          866    .ARM.Collect$$libinit$$00000013  c_p.l(libinit2.o)
    0x00000146   0x00000146   0x00000000   Code   RO          868    .ARM.Collect$$libinit$$00000015  c_p.l(libinit2.o)
    0x00000146   0x00000146   0x00000000   Code   RO          870    .ARM.Collect$$libinit$$00000017  c_p.l(libinit2.o)
    0x00000146   0x00000146   0x00000000   Code   RO          872    .ARM.Collect$$libinit$$00000019  c_p.l(libinit2.o)
    0x00000146   0x00000146   0x00000000   Code   RO          874    .ARM.Collect$$libinit$$0000001B  c_p.l(libinit2.o)
    0x00000146   0x00000146   0x00000000   Code   RO          876    .ARM.Collect$$libinit$$0000001D  c_p.l(libinit2.o)
    0x00000146   0x00000146   0x00000000   Code   RO          878    .ARM.Collect$$libinit$$0000001F  c_p.l(libinit2.o)
    0x00000146   0x00000146   0x00000000   Code   RO          880    .ARM.Collect$$libinit$$00000021  c_p.l(libinit2.o)
    0x00000146   0x00000146   0x00000000   Code   RO          882    .ARM.Collect$$libinit$$00000023  c_p.l(libinit2.o)
    0x00000146   0x00000146   0x00000000   Code   RO          884    .ARM.Collect$$libinit$$00000025  c_p.l(libinit2.o)
    0x00000146   0x00000146   0x00000000   Code   RO          886    .ARM.Collect$$libinit$$00000027  c_p.l(libinit2.o)
    0x00000146   0x00000146   0x00000000   Code   RO          890    .ARM.Collect$$libinit$$0000002E  c_p.l(libinit2.o)
    0x00000146   0x00000146   0x00000000   Code   RO          892    .ARM.Collect$$libinit$$00000030  c_p.l(libinit2.o)
    0x00000146   0x00000146   0x00000000   Code   RO          894    .ARM.Collect$$libinit$$00000032  c_p.l(libinit2.o)
    0x00000146   0x00000146   0x00000000   Code   RO          896    .ARM.Collect$$libinit$$00000034  c_p.l(libinit2.o)
    0x00000146   0x00000146   0x00000002   Code   RO          897    .ARM.Collect$$libinit$$00000035  c_p.l(libinit2.o)
    0x00000148   0x00000148   0x00000002   Code   RO          934    .ARM.Collect$$libshutdown$$00000000  c_p.l(libshutdown.o)
    0x0000014a   0x0000014a   0x00000000   Code   RO          962    .ARM.Collect$$libshutdown$$00000002  c_p.l(libshutdown2.o)
    0x0000014a   0x0000014a   0x00000000   Code   RO          964    .ARM.Collect$$libshutdown$$00000004  c_p.l(libshutdown2.o)
    0x0000014a   0x0000014a   0x00000000   Code   RO          967    .ARM.Collect$$libshutdown$$00000007  c_p.l(libshutdown2.o)
    0x0000014a   0x0000014a   0x00000000   Code   RO          970    .ARM.Collect$$libshutdown$$0000000A  c_p.l(libshutdown2.o)
    0x0000014a   0x0000014a   0x00000000   Code   RO          972    .ARM.Collect$$libshutdown$$0000000C  c_p.l(libshutdown2.o)
    0x0000014a   0x0000014a   0x00000000   Code   RO          975    .ARM.Collect$$libshutdown$$0000000F  c_p.l(libshutdown2.o)
    0x0000014a   0x0000014a   0x00000002   Code   RO          976    .ARM.Collect$$libshutdown$$00000010  c_p.l(libshutdown2.o)
    0x0000014c   0x0000014c   0x00000000   Code   RO          789    .ARM.Collect$$rtentry$$00000000  c_p.l(__rtentry.o)
    0x0000014c   0x0000014c   0x00000000   Code   RO          802    .ARM.Collect$$rtentry$$00000002  c_p.l(__rtentry2.o)
    0x0000014c   0x0000014c   0x00000006   Code   RO          814    .ARM.Collect$$rtentry$$00000004  c_p.l(__rtentry4.o)
    0x00000152   0x00000152   0x00000000   Code   RO          804    .ARM.Collect$$rtentry$$00000009  c_p.l(__rtentry2.o)
    0x00000152   0x00000152   0x00000004   Code   RO          805    .ARM.Collect$$rtentry$$0000000A  c_p.l(__rtentry2.o)
    0x00000156   0x00000156   0x00000000   Code   RO          807    .ARM.Collect$$rtentry$$0000000C  c_p.l(__rtentry2.o)
    0x00000156   0x00000156   0x00000008   Code   RO          808    .ARM.Collect$$rtentry$$0000000D  c_p.l(__rtentry2.o)
    0x0000015e   0x0000015e   0x00000002   Code   RO          843    .ARM.Collect$$rtexit$$00000000  c_p.l(rtexit.o)
    0x00000160   0x00000160   0x00000000   Code   RO          905    .ARM.Collect$$rtexit$$00000002  c_p.l(rtexit2.o)
    0x00000160   0x00000160   0x00000004   Code   RO          906    .ARM.Collect$$rtexit$$00000003  c_p.l(rtexit2.o)
    0x00000164   0x00000164   0x00000006   Code   RO          907    .ARM.Collect$$rtexit$$00000004  c_p.l(rtexit2.o)
    0x0000016a   0x0000016a   0x00000002   PAD
    0x0000016c   0x0000016c   0x0000002c   Code   RO          506    .text               startup_mspm0g350x_uvision.o
    0x00000198   0x00000198   0x000001f8   Code   RO          738    .text               c_p.l(aeabi_sdivfast.o)
    0x00000390   0x00000390   0x00000006   Code   RO          746    .text               c_p.l(heapauxi.o)
    0x00000396   0x00000396   0x00000002   PAD
    0x00000398   0x00000398   0x00000160   Code   RO          780    .text               fz_ps.l(fdiv.o)
    0x000004f8   0x000004f8   0x0000004c   Code   RO          783    .text               fz_ps.l(ffixi.o)
    0x00000544   0x00000544   0x0000005e   Code   RO          785    .text               fz_ps.l(fflti.o)
    0x000005a2   0x000005a2   0x00000002   PAD
    0x000005a4   0x000005a4   0x00000064   Code   RO          818    .text               fz_ps.l(fcmpin.o)
    0x00000608   0x00000608   0x0000003e   Code   RO          820    .text               c_p.l(sys_stackheap_outer.o)
    0x00000646   0x00000646   0x00000010   Code   RO          823    .text               c_p.l(exit.o)
    0x00000656   0x00000656   0x0000002e   Code   RO          835    .text               fz_ps.l(cmpret.o)
    0x00000684   0x00000684   0x00000010   Code   RO          837    .text               fz_ps.l(fnan2.o)
    0x00000694   0x00000694   0x00000008   Code   RO          839    .text               c_p.l(libspace.o)
    0x0000069c   0x0000069c   0x0000005e   Code   RO          898    .text               fz_ps.l(retnan.o)
    0x000006fa   0x000006fa   0x00000002   PAD
    0x000006fc   0x000006fc   0x0000000c   Code   RO          900    .text               c_p.l(sys_exit.o)
    0x00000708   0x00000708   0x00000002   Code   RO          923    .text               c_p.l(use_no_semi.o)
    0x0000070a   0x0000070a   0x00000000   Code   RO          925    .text               c_p.l(indicate_semi.o)
    0x0000070a   0x0000070a   0x00000002   PAD
    0x0000070c   0x0000070c   0x00000018   Code   RO           69    .text.BalanceTask_Init  balance_task.o
    0x00000724   0x00000724   0x0000000c   Code   RO           75    .text.BalanceTask_IsComplete  balance_task.o
    0x00000730   0x00000730   0x00000048   Code   RO           73    .text.BalanceTask_Start  balance_task.o
    0x00000778   0x00000778   0x00000118   Code   RO           77    .text.BalanceTask_Update  balance_task.o
    0x00000890   0x00000890   0x0000002c   Code   RO          194    .text.Balance_Disable  balance_controller.o
    0x000008bc   0x000008bc   0x00000030   Code   RO          192    .text.Balance_Enable  balance_controller.o
    0x000008ec   0x000008ec   0x00000008   Code   RO          188    .text.Balance_GetBallVelocity  balance_controller.o
    0x000008f4   0x000008f4   0x00000008   Code   RO          180    .text.Balance_GetError  balance_controller.o
    0x000008fc   0x000008fc   0x00000008   Code   RO          186    .text.Balance_GetOutput  balance_controller.o
    0x00000904   0x00000904   0x00000008   Code   RO          178    .text.Balance_GetTarget  balance_controller.o
    0x0000090c   0x0000090c   0x00000008   Code   RO          190    .text.Balance_GetTargetAb  balance_controller.o
    0x00000914   0x00000914   0x00000048   Code   RO          174    .text.Balance_Init  balance_controller.o
    0x0000095c   0x0000095c   0x00000008   Code   RO          184    .text.Balance_IsTracking  balance_controller.o
    0x00000964   0x00000964   0x00000034   Code   RO          170    .text.Balance_SelectPidProfile  balance_controller.o
    0x00000998   0x00000998   0x00000014   Code   RO          176    .text.Balance_SetTarget  balance_controller.o
    0x000009ac   0x000009ac   0x000001f0   Code   RO          196    .text.Balance_Tick  balance_controller.o
    0x00000b9c   0x00000b9c   0x00000014   Code   RO          332    .text.Button_GetEvent  button_input.o
    0x00000bb0   0x00000bb0   0x00000030   Code   RO          328    .text.Button_Init   button_input.o
    0x00000be0   0x00000be0   0x000000f0   Code   RO          330    .text.Button_Update  button_input.o
    0x00000cd0   0x00000cd0   0x000002ac   Code   RO          421    .text.Camera_FeedByte  camera_uart.o
    0x00000f7c   0x00000f7c   0x00000004   Code   RO          423    .text.Camera_GetData  camera_uart.o
    0x00000f80   0x00000f80   0x0000003c   Code   RO          419    .text.Camera_Init   camera_uart.o
    0x00000fbc   0x00000fbc   0x00000020   Code   RO          429    .text.Camera_IsBallUsable  camera_uart.o
    0x00000fdc   0x00000fdc   0x00000024   Code   RO          427    .text.Camera_IsDataFresh  camera_uart.o
    0x00001000   0x00001000   0x00000008   Code   RO           24    .text.Competition_GetElapsedMs  competition_mode.o
    0x00001008   0x00001008   0x00000008   Code   RO           20    .text.Competition_GetMode  competition_mode.o
    0x00001010   0x00001010   0x00000008   Code   RO           22    .text.Competition_GetState  competition_mode.o
    0x00001018   0x00001018   0x0000002c   Code   RO           18    .text.Competition_Init  competition_mode.o
    0x00001044   0x00001044   0x00000208   Code   RO           28    .text.Competition_Update  competition_mode.o
    0x0000124c   0x0000124c   0x00000008   Code   RO          126    .text.Control_GetLeftDistance  vehicle_controller.o
    0x00001254   0x00001254   0x00000008   Code   RO          120    .text.Control_GetLineError  vehicle_controller.o
    0x0000125c   0x0000125c   0x00000008   Code   RO          128    .text.Control_GetRightDistance  vehicle_controller.o
    0x00001264   0x00001264   0x00000008   Code   RO          124    .text.Control_GetTickCount  vehicle_controller.o
    0x0000126c   0x0000126c   0x000000a0   Code   RO           92    .text.Control_Init  vehicle_controller.o
    0x0000130c   0x0000130c   0x0000001c   Code   RO          130    .text.Control_ResetDistance  vehicle_controller.o
    0x00001328   0x00001328   0x0000001c   Code   RO          102    .text.Control_SetBaseSpeed  vehicle_controller.o
    0x00001344   0x00001344   0x00000038   Code   RO           98    .text.Control_SetLineProfile  vehicle_controller.o
    0x0000137c   0x0000137c   0x00000068   Code   RO           94    .text.Control_SetMode  vehicle_controller.o
    0x000013e4   0x000013e4   0x00000028   Code   RO          104    .text.Control_SetStartRamp  vehicle_controller.o
    0x0000140c   0x0000140c   0x000006c0   Code   RO          132    .text.Control_Tick  vehicle_controller.o
    0x00001acc   0x00001acc   0x00000040   Code   RO          513    .text.DL_ADC12_setClockConfig  driverlib.a(dl_adc12.o)
    0x00001b0c   0x00001b0c   0x0000000a   Code   RO          525    .text.DL_Common_delayCycles  driverlib.a(dl_common.o)
    0x00001b16   0x00001b16   0x0000002c   Code   RO          538    .text.DL_I2C_fillControllerTXFIFO  driverlib.a(dl_i2c.o)
    0x00001b42   0x00001b42   0x00000002   PAD
    0x00001b44   0x00001b44   0x00000028   Code   RO          540    .text.DL_I2C_flushControllerTXFIFO  driverlib.a(dl_i2c.o)
    0x00001b6c   0x00001b6c   0x00000026   Code   RO          534    .text.DL_I2C_setClockConfig  driverlib.a(dl_i2c.o)
    0x00001b92   0x00001b92   0x00000002   PAD
    0x00001b94   0x00001b94   0x000000c4   Code   RO          705    .text.DL_SYSCTL_configSYSPLL  driverlib.a(dl_sysctl_mspm0g1x0x_g3x0x.o)
    0x00001c58   0x00001c58   0x00000028   Code   RO          713    .text.DL_SYSCTL_switchMCLKfromSYSOSCtoHSCLK  driverlib.a(dl_sysctl_mspm0g1x0x_g3x0x.o)
    0x00001c80   0x00001c80   0x00000074   Code   RO          644    .text.DL_TimerA_initPWMMode  driverlib.a(dl_timer.o)
    0x00001cf4   0x00001cf4   0x0000000c   Code   RO          594    .text.DL_Timer_getCaptureCompareValue  driverlib.a(dl_timer.o)
    0x00001d00   0x00001d00   0x000000dc   Code   RO          582    .text.DL_Timer_initCaptureCombinedMode  driverlib.a(dl_timer.o)
    0x00001ddc   0x00001ddc   0x000000c0   Code   RO          588    .text.DL_Timer_initPWMMode  driverlib.a(dl_timer.o)
    0x00001e9c   0x00001e9c   0x000000f0   Code   RO          570    .text.DL_Timer_initTimerMode  driverlib.a(dl_timer.o)
    0x00001f8c   0x00001f8c   0x0000001c   Code   RO          618    .text.DL_Timer_setCaptCompUpdateMethod  driverlib.a(dl_timer.o)
    0x00001fa8   0x00001fa8   0x00000018   Code   RO          592    .text.DL_Timer_setCaptureCompareOutCtl  driverlib.a(dl_timer.o)
    0x00001fc0   0x00001fc0   0x00000010   Code   RO          572    .text.DL_Timer_setCaptureCompareValue  driverlib.a(dl_timer.o)
    0x00001fd0   0x00001fd0   0x0000001c   Code   RO          566    .text.DL_Timer_setClockConfig  driverlib.a(dl_timer.o)
    0x00001fec   0x00001fec   0x00000048   Code   RO          665    .text.DL_UART_init  driverlib.a(dl_uart.o)
    0x00002034   0x00002034   0x00000012   Code   RO          667    .text.DL_UART_setClockConfig  driverlib.a(dl_uart.o)
    0x00002046   0x00002046   0x00000002   PAD
    0x00002048   0x00002048   0x00000018   Code   RO          244    .text.Encoder_CountsToDistanceCm  encoder_driver.o
    0x00002060   0x00002060   0x00000038   Code   RO          242    .text.Encoder_CountsToRpm  encoder_driver.o
    0x00002098   0x00002098   0x0000000c   Code   RO          236    .text.Encoder_Init  encoder_driver.o
    0x000020a4   0x000020a4   0x0000001c   Code   RO          240    .text.Encoder_TakeCounts  encoder_driver.o
    0x000020c0   0x000020c0   0x000000c8   Code   RO          238    .text.GROUP1_IRQHandler  encoder_driver.o
    0x00002188   0x00002188   0x0000001c   Code   RO           47    .text.LineFollow_Init  line_follow_task.o
    0x000021a4   0x000021a4   0x0000000c   Code   RO           51    .text.LineFollow_IsComplete  line_follow_task.o
    0x000021b0   0x000021b0   0x00000030   Code   RO           49    .text.LineFollow_Start  line_follow_task.o
    0x000021e0   0x000021e0   0x00000190   Code   RO           53    .text.LineFollow_Update  line_follow_task.o
    0x00002370   0x00002370   0x00000008   Code   RO          266    .text.LineSensor_GetSampleSequence  line_sensor.o
    0x00002378   0x00002378   0x00000118   Code   RO          270    .text.LineSensor_GetSteeringError  line_sensor.o
    0x00002490   0x00002490   0x00000028   Code   RO          256    .text.LineSensor_Init  line_sensor.o
    0x000024b8   0x000024b8   0x00000010   Code   RO          260    .text.LineSensor_IsOnline  line_sensor.o
    0x000024c8   0x000024c8   0x000002bc   Code   RO          258    .text.LineSensor_Poll  line_sensor.o
    0x00002784   0x00002784   0x0000000c   Code   RO          264    .text.LineSensor_ReadRaw  line_sensor.o
    0x00002790   0x00002790   0x00000174   Code   RO          262    .text.LineSensor_Update  line_sensor.o
    0x00002904   0x00002904   0x00000034   Code   RO          224    .text.Motor_Brake   motor_driver.o
    0x00002938   0x00002938   0x00000030   Code   RO          220    .text.Motor_Init    motor_driver.o
    0x00002968   0x00002968   0x00000088   Code   RO          226    .text.Motor_SetDuty  motor_driver.o
    0x000029f0   0x000029f0   0x00000034   Code   RO          222    .text.Motor_Stop    motor_driver.o
    0x00002a24   0x00002a24   0x00000184   Code   RO          291    .text.OLED_Clear    oled_driver.o
    0x00002ba8   0x00002ba8   0x000016e4   Code   RO          299    .text.OLED_Init     oled_driver.o
    0x0000428c   0x0000428c   0x000002b4   Code   RO          285    .text.OLED_ShowChar  oled_driver.o
    0x00004540   0x00004540   0x00000390   Code   RO          297    .text.OLED_ShowNum  oled_driver.o
    0x000048d0   0x000048d0   0x00000374   Code   RO          295    .text.OLED_ShowSignedInt  oled_driver.o
    0x00004c44   0x00004c44   0x00000032   Code   RO          289    .text.OLED_ShowString  oled_driver.o
    0x00004c76   0x00004c76   0x00000002   PAD
    0x00004c78   0x00004c78   0x0000036c   Code   RO          293    .text.OLED_ShowTenths  oled_driver.o
    0x00004fe4   0x00004fe4   0x00000034   Code   RO          471    .text.SYSCFG_DL_BATTERY_ADC_init  ti_msp_dl_config.o
    0x00005018   0x00005018   0x00000104   Code   RO          453    .text.SYSCFG_DL_GPIO_init  ti_msp_dl_config.o
    0x0000511c   0x0000511c   0x00000078   Code   RO          469    .text.SYSCFG_DL_K230_init  ti_msp_dl_config.o
    0x00005194   0x00005194   0x00000054   Code   RO          465    .text.SYSCFG_DL_LINE_I2C_init  ti_msp_dl_config.o
    0x000051e8   0x000051e8   0x0000007c   Code   RO          457    .text.SYSCFG_DL_PWM_0_init  ti_msp_dl_config.o
    0x00005264   0x00005264   0x00000068   Code   RO          459    .text.SYSCFG_DL_PWM_STEPPER_init  ti_msp_dl_config.o
    0x000052cc   0x000052cc   0x0000003c   Code   RO          461    .text.SYSCFG_DL_STEPPER_POS_CAP_init  ti_msp_dl_config.o
    0x00005308   0x00005308   0x00000074   Code   RO          455    .text.SYSCFG_DL_SYSCTL_init  ti_msp_dl_config.o
    0x0000537c   0x0000537c   0x00000002   Code   RO          473    .text.SYSCFG_DL_SYSTICK_init  ti_msp_dl_config.o
    0x0000537e   0x0000537e   0x00000002   PAD
    0x00005380   0x00005380   0x00000038   Code   RO          463    .text.SYSCFG_DL_TIMER_0_init  ti_msp_dl_config.o
    0x000053b8   0x000053b8   0x00000060   Code   RO          467    .text.SYSCFG_DL_USB_init  ti_msp_dl_config.o
    0x00005418   0x00005418   0x0000004c   Code   RO          449    .text.SYSCFG_DL_init  ti_msp_dl_config.o
    0x00005464   0x00005464   0x00000088   Code   RO          451    .text.SYSCFG_DL_initPower  ti_msp_dl_config.o
    0x000054ec   0x000054ec   0x0000001c   Code   RO          384    .text.StepperFeedback_ClearTravelLimits  stepper_feedback.o
    0x00005508   0x00005508   0x0000005c   Code   RO          392    .text.StepperFeedback_GetSnapshot  stepper_feedback.o
    0x00005564   0x00005564   0x000000b8   Code   RO          394    .text.StepperFeedback_HandleGpioInterrupt  stepper_feedback.o
    0x0000561c   0x0000561c   0x00000078   Code   RO          380    .text.StepperFeedback_Init  stepper_feedback.o
    0x00005694   0x00005694   0x00000060   Code   RO          386    .text.StepperFeedback_IsTravelCommandAllowed  stepper_feedback.o
    0x000056f4   0x000056f4   0x00000060   Code   RO          388    .text.StepperFeedback_ResetCountsAt  stepper_feedback.o
    0x00005754   0x00005754   0x00000034   Code   RO          382    .text.StepperFeedback_SetTravelLimits  stepper_feedback.o
    0x00005788   0x00005788   0x00000034   Code   RO          353    .text.Stepper_Disable  stepper_driver.o
    0x000057bc   0x000057bc   0x00000010   Code   RO          355    .text.Stepper_Enable  stepper_driver.o
    0x000057cc   0x000057cc   0x00000008   Code   RO          361    .text.Stepper_GetPosition  stepper_driver.o
    0x000057d4   0x000057d4   0x00000090   Code   RO          351    .text.Stepper_Init  stepper_driver.o
    0x00005864   0x00005864   0x00000008   Code   RO          363    .text.Stepper_ResetPosition  stepper_driver.o
    0x0000586c   0x0000586c   0x00000138   Code   RO          357    .text.Stepper_SetSpeed  stepper_driver.o
    0x000059a4   0x000059a4   0x00000018   Code   RO          134    .text.TIMG0_IRQHandler  vehicle_controller.o
    0x000059bc   0x000059bc   0x00000094   Code   RO          365    .text.TIMG7_IRQHandler  stepper_driver.o
    0x00005a50   0x00005a50   0x0000008c   Code   RO          396    .text.TIMG8_IRQHandler  stepper_feedback.o
    0x00005adc   0x00005adc   0x00000038   Code   RO            2    .text.UART1_IRQHandler  app_main.o
    0x00005b14   0x00005b14   0x000000c4   Code   RO            4    .text.main          app_main.o
    0x00005bd8   0x00005bd8   0x00000258   Code   RO          287    .text.oled_cursor   oled_driver.o
    0x00005e30   0x00005e30   0x0000049c   Code   RO            6    .text.oled_show_mode_select  app_main.o
    0x000062cc   0x000062cc   0x00000120   Code   RO           30    .text.start_task    competition_mode.o
    0x000063ec   0x000063ec   0x000001f6   Code   RO          739    .text_divfast       c_p.l(aeabi_sdivfast.o)
    0x000065e2   0x000065e2   0x00000016   Code   RO          763    i._fgeq             fz_ps.l(fcmp.o)
    0x000065f8   0x000065f8   0x00000016   Code   RO          764    i._fgr              fz_ps.l(fcmp.o)
    0x0000660e   0x0000660e   0x0000001a   Code   RO          765    i._fleq             fz_ps.l(fcmp.o)
    0x00006628   0x00006628   0x00000016   Code   RO          766    i._fls              fz_ps.l(fcmp.o)
    0x0000663e   0x0000663e   0x00000002   PAD
    0x00006640   0x00006640   0x0000008c   Code   RO          750    x$fpl$fadd          fz_ps.l(faddsub.o)
    0x000066cc   0x000066cc   0x00000054   Code   RO          796    x$fpl$fgeqf         fz_ps.l(fgef.o)
    0x00006720   0x00006720   0x00000054   Code   RO          798    x$fpl$fleqf         fz_ps.l(flef.o)
    0x00006774   0x00006774   0x000000b0   Code   RO          787    x$fpl$fmul          fz_ps.l(fmul.o)
    0x00006824   0x00006824   0x000000d0   Code   RO          752    x$fpl$fsub          fz_ps.l(faddsub.o)
    0x000068f4   0x000068f4   0x00000000   Code   RO          800    x$fpl$usenofp       fz_ps.l(usenofp.o)
    0x000068f4   0x000068f4   0x00000040   Data   RO          781    .constdata          fz_ps.l(fdiv.o)
    0x00006934   0x00006934   0x0000000c   Data   RO          656    .rodata..Lswitch.table.DL_Timer_initCompareMode  driverlib.a(dl_timer.o)
    0x00006940   0x00006940   0x00000005   Data   RO          301    .rodata.font_for.blank  oled_driver.o
    0x00006945   0x00006945   0x00000032   Data   RO          302    .rodata.font_for.digits  oled_driver.o
    0x00006977   0x00006977   0x00000082   Data   RO          303    .rodata.font_for.upper  oled_driver.o
    0x000069f9   0x000069f9   0x00000003   PAD
    0x000069fc   0x000069fc   0x00000008   Data   RO          495    .rodata.gBATTERY_ADCClockConfig  ti_msp_dl_config.o
    0x00006a04   0x00006a04   0x00000002   Data   RO          493    .rodata.gK230ClockConfig  ti_msp_dl_config.o
    0x00006a06   0x00006a06   0x0000000a   Data   RO          494    .rodata.gK230Config  ti_msp_dl_config.o
    0x00006a10   0x00006a10   0x00000002   Data   RO          490    .rodata.gLINE_I2CClockConfig  ti_msp_dl_config.o
    0x00006a12   0x00006a12   0x00000003   Data   RO          482    .rodata.gPWM_0ClockConfig  ti_msp_dl_config.o
    0x00006a15   0x00006a15   0x00000003   PAD
    0x00006a18   0x00006a18   0x00000008   Data   RO          483    .rodata.gPWM_0Config  ti_msp_dl_config.o
    0x00006a20   0x00006a20   0x00000003   Data   RO          484    .rodata.gPWM_STEPPERClockConfig  ti_msp_dl_config.o
    0x00006a23   0x00006a23   0x00000001   PAD
    0x00006a24   0x00006a24   0x00000008   Data   RO          485    .rodata.gPWM_STEPPERConfig  ti_msp_dl_config.o
    0x00006a2c   0x00006a2c   0x00000010   Data   RO          487    .rodata.gSTEPPER_POS_CAPCaptureConfig  ti_msp_dl_config.o
    0x00006a3c   0x00006a3c   0x00000003   Data   RO          486    .rodata.gSTEPPER_POS_CAPClockConfig  ti_msp_dl_config.o
    0x00006a3f   0x00006a3f   0x00000001   PAD
    0x00006a40   0x00006a40   0x00000028   Data   RO          481    .rodata.gSYSPLLConfig  ti_msp_dl_config.o
    0x00006a68   0x00006a68   0x00000003   Data   RO          488    .rodata.gTIMER_0ClockConfig  ti_msp_dl_config.o
    0x00006a6b   0x00006a6b   0x00000001   PAD
    0x00006a6c   0x00006a6c   0x00000014   Data   RO          489    .rodata.gTIMER_0TimerConfig  ti_msp_dl_config.o
    0x00006a80   0x00006a80   0x00000002   Data   RO          491    .rodata.gUSBClockConfig  ti_msp_dl_config.o
    0x00006a82   0x00006a82   0x0000000a   Data   RO          492    .rodata.gUSBConfig  ti_msp_dl_config.o
    0x00006a8c   0x00006a8c   0x000000a4   Data   RO            8    .rodata.str1.1      app_main.o
    0x00006b30   0x00006b30   0x00000010   Data   RO          978    Region$$Table       anon$$obj.o


    Execution Region RW_IRAM2 (Exec base: 0x20200000, Load base: 0x00006b40, Size: 0x00000718, Max: 0x00008000, ABSOLUTE)

    Exec Addr    Load Addr    Size         Type   Attr      Idx    E Section Name        Object

    0x20200000        -       0x00000060   Zero   RW          840    .bss                c_p.l(libspace.o)
    0x20200060        -       0x000000bc   Zero   RW          479    .bss.gPWM_0Backup   ti_msp_dl_config.o
    0x2020011c        -       0x00000078   Zero   RW          480    .bss.gPWM_STEPPERBackup  ti_msp_dl_config.o
    0x20200194        -       0x00000004   Zero   RW          246    .bss.g_encoder_a_count  encoder_driver.o
    0x20200198        -       0x00000004   Zero   RW          247    .bss.g_encoder_b_count  encoder_driver.o
    0x2020019c        -       0x00000002   Zero   RW          205    .bss.s_ball_velocity_mm_s  balance_controller.o
    0x2020019e   0x00006b40   0x00000002   PAD
    0x202001a0        -       0x00000004   Zero   RW          138    .bss.s_base_rpm     vehicle_controller.o
    0x202001a4        -       0x00000004   Zero   RW           58    .bss.s_brake_start_ms  line_follow_task.o
    0x202001a8        -       0x00000001   Zero   RW           80    .bss.s_bt_state     balance_task.o
    0x202001a9        -       0x0000000c   Zero   RW          440    .bss.s_buf          camera_uart.o
    0x202001b5   0x00006b40   0x00000003   PAD
    0x202001b8        -       0x00000001   Zero   RW          334    .bss.s_buttons.0    button_input.o
    0x202001b9   0x00006b40   0x00000003   PAD
    0x202001bc        -       0x00000001   Zero   RW          335    .bss.s_buttons.1    button_input.o
    0x202001bd   0x00006b40   0x00000003   PAD
    0x202001c0        -       0x00000004   Zero   RW          336    .bss.s_buttons.2    button_input.o
    0x202001c4        -       0x00000001   Zero   RW          337    .bss.s_buttons.3    button_input.o
    0x202001c5   0x00006b40   0x00000003   PAD
    0x202001c8        -       0x00000004   Zero   RW          338    .bss.s_buttons.4    button_input.o
    0x202001cc        -       0x00000001   Zero   RW          339    .bss.s_buttons.5    button_input.o
    0x202001cd   0x00006b40   0x00000003   PAD
    0x202001d0        -       0x00000004   Zero   RW          340    .bss.s_buttons.6    button_input.o
    0x202001d4        -       0x00000001   Zero   RW          341    .bss.s_buttons.7    button_input.o
    0x202001d5   0x00006b40   0x00000003   PAD
    0x202001d8        -       0x00000001   Zero   RW          342    .bss.s_buttons.8    button_input.o
    0x202001d9   0x00006b40   0x00000003   PAD
    0x202001dc        -       0x00000004   Zero   RW          156    .bss.s_control_ticks  vehicle_controller.o
    0x202001e0        -       0x00000004   Zero   RW          158    .bss.s_curve_base_rpm  vehicle_controller.o
    0x202001e4        -       0x0000000c   Zero   RW          435    .bss.s_data         camera_uart.o
    0x202001f0        -       0x00000002   Zero   RW           83    .bss.s_designated_pos  balance_task.o
    0x202001f2        -       0x00000001   Zero   RW          368    .bss.s_dir          stepper_driver.o
    0x202001f3   0x00006b40   0x00000001   PAD
    0x202001f4        -       0x00000004   Zero   RW           35    .bss.s_elapsed_ms   competition_mode.o
    0x202001f8        -       0x00000001   Zero   RW          202    .bss.s_enabled      balance_controller.o
    0x202001f9   0x00006b40   0x00000001   PAD
    0x202001fa        -       0x00000002   Zero   RW          201    .bss.s_error        balance_controller.o
    0x202001fc        -       0x00000001   Zero   RW          438    .bss.s_expect_len   camera_uart.o
    0x202001fd        -       0x00000001   Zero   RW          276    .bss.s_fail_count   line_sensor.o
    0x202001fe   0x00006b40   0x00000002   PAD
    0x20200200        -       0x00000008   Zero   RW          272    .bss.s_filter_count  line_sensor.o
    0x20200208        -       0x00000001   Zero   RW          273    .bss.s_filtered     line_sensor.o
    0x20200209        -       0x00000001   Zero   RW          437    .bss.s_frame_len    camera_uart.o
    0x2020020a   0x00006b40   0x00000002   PAD
    0x2020020c        -       0x00000004   Zero   RW          371    .bss.s_freq_hz      stepper_driver.o
    0x20200210        -       0x00000001   Zero   RW          439    .bss.s_have_seq     camera_uart.o
    0x20200211   0x00006b40   0x00000003   PAD
    0x20200214        -       0x00000004   Zero   RW          399    .bss.s_index_count  stepper_feedback.o
    0x20200218        -       0x00000004   Zero   RW          198    .bss.s_integral     balance_controller.o
    0x2020021c        -       0x00000004   Zero   RW          400    .bss.s_invalid_transition_count  stepper_feedback.o
    0x20200220        -       0x00000004   Zero   RW          155    .bss.s_last_line_correction  vehicle_controller.o
    0x20200224        -       0x00000004   Zero   RW           59    .bss.s_last_line_sample_sequence  line_follow_task.o
    0x20200228        -       0x00000004   Zero   RW          207    .bss.s_last_tick_ms  balance_controller.o
    0x2020022c        -       0x00000004   Zero   RW           57    .bss.s_last_update_ms  line_follow_task.o
    0x20200230        -       0x00000004   Zero   RW          141    .bss.s_left_distance  vehicle_controller.o
    0x20200234        -       0x00000004   Zero   RW          150    .bss.s_left_duty    vehicle_controller.o
    0x20200238        -       0x00000004   Zero   RW          139    .bss.s_left_integral  vehicle_controller.o
    0x2020023c        -       0x00000004   Zero   RW          143    .bss.s_left_rpm     vehicle_controller.o
    0x20200240        -       0x00000004   Zero   RW          145    .bss.s_left_speed_counts  vehicle_controller.o
    0x20200244        -       0x00000004   Zero   RW          148    .bss.s_left_target_rpm  vehicle_controller.o
    0x20200248        -       0x00000001   Zero   RW           38    .bss.s_level_stable  competition_mode.o
    0x20200249   0x00006b40   0x00000003   PAD
    0x2020024c        -       0x00000004   Zero   RW           37    .bss.s_level_stable_since_ms  competition_mode.o
    0x20200250        -       0x00000004   Zero   RW           36    .bss.s_level_start_ms  competition_mode.o
    0x20200254        -       0x00000001   Zero   RW           56    .bss.s_lf_state     line_follow_task.o
    0x20200255   0x00006b40   0x00000003   PAD
    0x20200258        -       0x00000004   Zero   RW          152    .bss.s_line_error   vehicle_controller.o
    0x2020025c        -       0x00000002   Zero   RW          157    .bss.s_line_lost_ticks  vehicle_controller.o
    0x2020025e        -       0x00000001   Zero   RW          137    .bss.s_line_profile  vehicle_controller.o
    0x2020025f        -       0x00000001   Zero   RW          161    .bss.s_line_valid   vehicle_controller.o
    0x20200260        -       0x00000004   Zero   RW          370    .bss.s_max_position  stepper_driver.o
    0x20200264        -       0x00000004   Zero   RW          369    .bss.s_min_position  stepper_driver.o
    0x20200268        -       0x00000001   Zero   RW           32    .bss.s_mode         competition_mode.o
    0x20200269        -       0x00000001   Zero   RW           55    .bss.s_mode         line_follow_task.o
    0x2020026a        -       0x00000001   Zero   RW           79    .bss.s_mode         balance_task.o
    0x2020026b        -       0x00000001   Zero   RW          136    .bss.s_mode         vehicle_controller.o
    0x2020026c        -       0x00000002   Zero   RW          204    .bss.s_output       balance_controller.o
    0x2020026e   0x00006b40   0x00000002   PAD
    0x20200270        -       0x00000004   Zero   RW           81    .bss.s_phase_start_ms  balance_task.o
    0x20200274        -       0x00000001   Zero   RW          199    .bss.s_pid_profile  balance_controller.o
    0x20200275   0x00006b40   0x00000003   PAD
    0x20200278        -       0x00000004   Zero   RW          367    .bss.s_position     stepper_driver.o
    0x2020027c        -       0x00000004   Zero   RW          210    .bss.s_position_ki  balance_controller.o
    0x20200280        -       0x00000004   Zero   RW          209    .bss.s_position_kp  balance_controller.o
    0x20200284        -       0x00000001   Zero   RW          405    .bss.s_previous_ab  stepper_feedback.o
    0x20200285   0x00006b40   0x00000003   PAD
    0x20200288        -       0x00000004   Zero   RW          154    .bss.s_previous_heading_error  vehicle_controller.o
    0x2020028c        -       0x00000004   Zero   RW          153    .bss.s_previous_line_error  vehicle_controller.o
    0x20200290        -       0x00000002   Zero   RW          403    .bss.s_pwm_angle_tenths  stepper_feedback.o
    0x20200292   0x00006b40   0x00000002   PAD
    0x20200294        -       0x00000004   Zero   RW          402    .bss.s_pwm_high_ticks  stepper_feedback.o
    0x20200298        -       0x00000004   Zero   RW          401    .bss.s_pwm_period_ticks  stepper_feedback.o
    0x2020029c        -       0x00000001   Zero   RW          404    .bss.s_pwm_valid    stepper_feedback.o
    0x2020029d   0x00006b40   0x00000003   PAD
    0x202002a0        -       0x00000004   Zero   RW          398    .bss.s_quadrature_count  stepper_feedback.o
    0x202002a4        -       0x00000001   Zero   RW          274    .bss.s_raw          line_sensor.o
    0x202002a5   0x00006b40   0x00000003   PAD
    0x202002a8        -       0x00000004   Zero   RW          142    .bss.s_right_distance  vehicle_controller.o
    0x202002ac        -       0x00000004   Zero   RW          151    .bss.s_right_duty   vehicle_controller.o
    0x202002b0        -       0x00000004   Zero   RW          140    .bss.s_right_integral  vehicle_controller.o
    0x202002b4        -       0x00000004   Zero   RW          144    .bss.s_right_rpm    vehicle_controller.o
    0x202002b8        -       0x00000004   Zero   RW          146    .bss.s_right_speed_counts  vehicle_controller.o
    0x202002bc        -       0x00000004   Zero   RW          149    .bss.s_right_target_rpm  vehicle_controller.o
    0x202002c0        -       0x00000004   Zero   RW          275    .bss.s_sample_sequence  line_sensor.o
    0x202002c4        -       0x00000004   Zero   RW           82    .bss.s_settle_start_ms  balance_task.o
    0x202002c8        -       0x00000001   Zero   RW          147    .bss.s_speed_sample_ticks  vehicle_controller.o
    0x202002c9   0x00006b40   0x00000003   PAD
    0x202002cc        -       0x00000004   Zero   RW           34    .bss.s_start_ms     competition_mode.o
    0x202002d0        -       0x00000004   Zero   RW          159    .bss.s_start_ramp_duration_ms  vehicle_controller.o
    0x202002d4        -       0x00000004   Zero   RW          160    .bss.s_start_ramp_scale  vehicle_controller.o
    0x202002d8        -       0x00000001   Zero   RW           33    .bss.s_state        competition_mode.o
    0x202002d9   0x00006b40   0x00000003   PAD
    0x202002dc        -       0x00000020   Zero   RW          436    .bss.s_stats        camera_uart.o
    0x202002fc        -       0x00000001   Zero   RW           60    .bss.s_stop_vote_history  line_follow_task.o
    0x202002fd   0x00006b40   0x00000003   PAD
    0x20200300        -       0x00000004   Zero   RW          206    .bss.s_target_ab    balance_controller.o
    0x20200304        -       0x00000002   Zero   RW          200    .bss.s_target_mm    balance_controller.o
    0x20200306        -       0x00000001   Zero   RW          208    .bss.s_tick_started  balance_controller.o
    0x20200307        -       0x00000001   Zero   RW          203    .bss.s_tracking     balance_controller.o
    0x20200308        -       0x00000001   Zero   RW          406    .bss.s_travel_limits_enabled  stepper_feedback.o
    0x20200309   0x00006b40   0x00000003   PAD
    0x2020030c        -       0x00000004   Zero   RW          408    .bss.s_travel_maximum  stepper_feedback.o
    0x20200310        -       0x00000004   Zero   RW          407    .bss.s_travel_minimum  stepper_feedback.o
    0x20200314        -       0x00000004   Zero   RW          211    .bss.s_velocity_kd  balance_controller.o
    0x20200318        -       0x00000000   Zero   RW          504    HEAP                startup_mspm0g350x_uvision.o
    0x20200318        -       0x00000400   Zero   RW          503    STACK               startup_mspm0g350x_uvision.o



  Load Region LR_BCR (Base: 0x41c00000, Size: 0x00000000, Max: 0x00000100, ABSOLUTE)

    Execution Region BCR_CONFIG (Exec base: 0x41c00000, Load base: 0x41c00000, Size: 0x00000000, Max: 0x00000080, ABSOLUTE)

    **** No section assigned to this execution region ****



  Load Region LR_BSL (Base: 0x41c00100, Size: 0x00000000, Max: 0x00000100, ABSOLUTE)

    Execution Region BSL_CONFIG (Exec base: 0x41c00100, Load base: 0x41c00100, Size: 0x00000000, Max: 0x00000080, ABSOLUTE)

    **** No section assigned to this execution region ****


==============================================================================

Image component sizes


      Code (inc. data)   RO Data    RW Data    ZI Data      Debug   Object Name

      1432        248        164          0          0      11461   app_main.o
       780        108          0          0         36       4433   balance_controller.o
       388         32          0          0         12       2142   balance_task.o
       308         40          0          0         18       5282   button_input.o
       816         28          0          0         59       9210   camera_uart.o
       876         88          0          0         19       7547   competition_mode.o
       320         40          0          0          8       5819   encoder_driver.o
       488         44          0          0         15       3069   line_follow_task.o
      1428         80          0          0         15      12080   line_sensor.o
       288         16          0          0          0       7090   motor_driver.o
     10262        172        185          0          0      39171   oled_driver.o
        44         18        192          0       1024        696   startup_mspm0g350x_uvision.o
       688         80          0          0         17      11983   stepper_driver.o
       808        136          0          0         33      13041   stepper_feedback.o
      1286        276        138          0        308      42858   ti_msp_dl_config.o
      2200        340          0          0         90      11624   vehicle_controller.o

    ----------------------------------------------------------------------
     22416       1746        704          0       1720     187506   Object Totals
         0          0         16          0          0          0   (incl. Generated)
         4          0          9          0         66          0   (incl. Padding)

    ----------------------------------------------------------------------

      Code (inc. data)   RO Data    RW Data    ZI Data      Debug   Library Member Name

         8          0          0          0          0         68   __main.o
         0          0          0          0          0          0   __rtentry.o
        12          0          0          0          0          0   __rtentry2.o
         6          0          0          0          0          0   __rtentry4.o
        86         10          0          0          0          0   __scatter.o
        28          0          0          0          0          0   __scatter_zi.o
      1006          4          0          0          0        184   aeabi_sdivfast.o
        16          0          0          0          0         68   exit.o
         6          0          0          0          0        136   heapauxi.o
         0          0          0          0          0          0   indicate_semi.o
         2          0          0          0          0          0   libinit.o
         2          0          0          0          0          0   libinit2.o
         2          0          0          0          0          0   libshutdown.o
         2          0          0          0          0          0   libshutdown2.o
         8          4          0          0         96         68   libspace.o
         2          0          0          0          0          0   rtexit.o
        10          0          0          0          0          0   rtexit2.o
        12          4          0          0          0         60   sys_exit.o
        62          0          0          0          0         80   sys_stackheap_outer.o
         2          0          0          0          0         68   use_no_semi.o
        64          8          0          0          0       4701   dl_adc12.o
        10          0          0          0          0        802   dl_common.o
       122          4          0          0          0       8590   dl_i2c.o
       236         24          0          0          0      18490   dl_sysctl_mspm0g1x0x_g3x0x.o
       876        220         12          0          0      40185   dl_timer.o
        90          8          0          0          0      14128   dl_uart.o
        46          0          0          0          0         60   cmpret.o
       348          8          0          0          0        160   faddsub.o
        92          0          0          0          0        272   fcmp.o
       100          4          0          0          0         68   fcmpin.o
       352         10         64          0          0         92   fdiv.o
        76          0          0          0          0         68   ffixi.o
        94          0          0          0          0         92   fflti.o
        84          4          0          0          0         76   fgef.o
        84          4          0          0          0         76   flef.o
       176          4          0          0          0         80   fmul.o
        16          6          0          0          0         68   fnan2.o
        94          0          0          0          0         68   retnan.o
         0          0          0          0          0          0   usenofp.o

    ----------------------------------------------------------------------
      4260        330         76          0         96      88808   Library Totals
        28          4          0          0          0          0   (incl. Padding)

    ----------------------------------------------------------------------

      Code (inc. data)   RO Data    RW Data    ZI Data      Debug   Library Name

      1272         22          0          0         96        732   c_p.l
      1398        264         12          0          0      86896   driverlib.a
      1562         40         64          0          0       1180   fz_ps.l

    ----------------------------------------------------------------------
      4260        330         76          0         96      88808   Library Totals

    ----------------------------------------------------------------------

==============================================================================


      Code (inc. data)   RO Data    RW Data    ZI Data      Debug   

     26676       2076        780          0       1816     274974   Grand Totals
     26676       2076        780          0       1816     274974   ELF Image Totals
     26676       2076        780          0          0          0   ROM Totals

==============================================================================

    Total RO  Size (Code + RO Data)                27456 (  26.81kB)
    Total RW  Size (RW Data + ZI Data)              1816 (   1.77kB)
    Total ROM Size (Code + RO Data + RW Data)      27456 (  26.81kB)

==============================================================================

