Component: Arm Compiler for Embedded 6.24 Tool: armlink [5f371500]

==============================================================================

Section Cross References

    app_main.o(.text.UART1_IRQHandler) refers to vehicle_controller.o(.text.Control_GetTickCount) for Control_GetTickCount
    app_main.o(.text.UART1_IRQHandler) refers to camera_uart.o(.text.Camera_FeedByte) for Camera_FeedByte
    app_main.o(.ARM.exidx.text.UART1_IRQHandler) refers to app_main.o(.text.UART1_IRQHandler) for [Anonymous Symbol]
    app_main.o(.text.main) refers to ti_msp_dl_config.o(.text.SYSCFG_DL_init) for SYSCFG_DL_init
    app_main.o(.text.main) refers to line_sensor.o(.text.LineSensor_Init) for LineSensor_Init
    app_main.o(.text.main) refers to encoder_driver.o(.text.Encoder_Init) for Encoder_Init
    app_main.o(.text.main) refers to motor_driver.o(.text.Motor_Init) for Motor_Init
    app_main.o(.text.main) refers to vehicle_controller.o(.text.Control_Init) for Control_Init
    app_main.o(.text.main) refers to stepper_driver.o(.text.Stepper_Init) for Stepper_Init
    app_main.o(.text.main) refers to camera_uart.o(.text.Camera_Init) for Camera_Init
    app_main.o(.text.main) refers to balance_controller.o(.text.Balance_Init) for Balance_Init
    app_main.o(.text.main) refers to button_input.o(.text.Button_Init) for Button_Init
    app_main.o(.text.main) refers to line_follow_task.o(.text.LineFollow_Init) for LineFollow_Init
    app_main.o(.text.main) refers to balance_task.o(.text.BalanceTask_Init) for BalanceTask_Init
    app_main.o(.text.main) refers to competition_mode.o(.text.Competition_Init) for Competition_Init
    app_main.o(.text.main) refers to oled_driver.o(.text.OLED_Init) for OLED_Init
    app_main.o(.text.main) refers to oled_driver.o(.text.OLED_Clear) for OLED_Clear
    app_main.o(.text.main) refers to app_main.o(.text.oled_show_mode_select) for oled_show_mode_select
    app_main.o(.text.main) refers to stepper_feedback.o(.text.StepperFeedback_Init) for StepperFeedback_Init
    app_main.o(.text.main) refers to line_sensor.o(.text.LineSensor_Poll) for LineSensor_Poll
    app_main.o(.text.main) refers to vehicle_controller.o(.text.Control_GetTickCount) for Control_GetTickCount
    app_main.o(.text.main) refers to button_input.o(.text.Button_Update) for Button_Update
    app_main.o(.text.main) refers to competition_mode.o(.text.Competition_Update) for Competition_Update
    app_main.o(.ARM.exidx.text.main) refers to app_main.o(.text.main) for [Anonymous Symbol]
    app_main.o(.text.oled_show_mode_select) refers to competition_mode.o(.text.Competition_GetMode) for Competition_GetMode
    app_main.o(.text.oled_show_mode_select) refers to competition_mode.o(.text.Competition_GetState) for Competition_GetState
    app_main.o(.text.oled_show_mode_select) refers to competition_mode.o(.text.Competition_GetElapsedMs) for Competition_GetElapsedMs
    app_main.o(.text.oled_show_mode_select) refers to oled_driver.o(.text.OLED_ShowString) for OLED_ShowString
    app_main.o(.text.oled_show_mode_select) refers to aeabi_sdivfast.o(.text_divfast) for __aeabi_uidiv
    app_main.o(.text.oled_show_mode_select) refers to oled_driver.o(.text.OLED_ShowTenths) for OLED_ShowTenths
    app_main.o(.text.oled_show_mode_select) refers to camera_uart.o(.text.Camera_GetData) for Camera_GetData
    app_main.o(.text.oled_show_mode_select) refers to vehicle_controller.o(.text.Control_GetTickCount) for Control_GetTickCount
    app_main.o(.text.oled_show_mode_select) refers to camera_uart.o(.text.Camera_IsDataFresh) for Camera_IsDataFresh
    app_main.o(.text.oled_show_mode_select) refers to oled_driver.o(.text.OLED_ShowNum) for OLED_ShowNum
    app_main.o(.text.oled_show_mode_select) refers to stepper_feedback.o(.text.StepperFeedback_GetSnapshot) for StepperFeedback_GetSnapshot
    app_main.o(.text.oled_show_mode_select) refers to stepper_driver.o(.text.Stepper_GetPosition) for Stepper_GetPosition
    app_main.o(.text.oled_show_mode_select) refers to oled_driver.o(.text.OLED_ShowSignedInt) for OLED_ShowSignedInt
    app_main.o(.text.oled_show_mode_select) refers to balance_controller.o(.text.Balance_GetTargetAb) for Balance_GetTargetAb
    app_main.o(.text.oled_show_mode_select) refers to oled_driver.o(.text.OLED_ShowChar) for OLED_ShowChar
    app_main.o(.text.oled_show_mode_select) refers to competition_mode.o(.text.Competition_IsQ6BallHoldActive) for Competition_IsQ6BallHoldActive
    app_main.o(.text.oled_show_mode_select) refers to balance_controller.o(.text.Balance_GetOutput) for Balance_GetOutput
    app_main.o(.text.oled_show_mode_select) refers to line_sensor.o(.text.LineSensor_ReadRaw) for LineSensor_ReadRaw
    app_main.o(.text.oled_show_mode_select) refers to line_sensor.o(.text.LineSensor_IsOnline) for LineSensor_IsOnline
    app_main.o(.text.oled_show_mode_select) refers to vehicle_controller.o(.text.Control_GetLineError) for Control_GetLineError
[...]
    [Anonymous Symbol]                       0x20200280   Section        0  balance_controller.o(.bss.s_output)
    s_phase_start_ms                         0x20200284   Data           4  balance_task.o(.bss.s_phase_start_ms)
    [Anonymous Symbol]                       0x20200284   Section        0  balance_task.o(.bss.s_phase_start_ms)
    s_pid_profile                            0x20200288   Data           1  balance_controller.o(.bss.s_pid_profile)
    [Anonymous Symbol]                       0x20200288   Section        0  balance_controller.o(.bss.s_pid_profile)
    s_position                               0x2020028c   Data           4  stepper_driver.o(.bss.s_position)
    [Anonymous Symbol]                       0x2020028c   Section        0  stepper_driver.o(.bss.s_position)
    s_position_ki                            0x20200290   Data           4  balance_controller.o(.bss.s_position_ki)
    [Anonymous Symbol]                       0x20200290   Section        0  balance_controller.o(.bss.s_position_ki)
    s_position_kp                            0x20200294   Data           4  balance_controller.o(.bss.s_position_kp)
    [Anonymous Symbol]                       0x20200294   Section        0  balance_controller.o(.bss.s_position_kp)
    s_previous_ab                            0x20200298   Data           1  stepper_feedback.o(.bss.s_previous_ab)
    [Anonymous Symbol]                       0x20200298   Section        0  stepper_feedback.o(.bss.s_previous_ab)
    s_previous_heading_error                 0x2020029c   Data           4  vehicle_controller.o(.bss.s_previous_heading_error)
    [Anonymous Symbol]                       0x2020029c   Section        0  vehicle_controller.o(.bss.s_previous_heading_error)
    s_previous_line_error                    0x202002a0   Data           4  vehicle_controller.o(.bss.s_previous_line_error)
    [Anonymous Symbol]                       0x202002a0   Section        0  vehicle_controller.o(.bss.s_previous_line_error)
    s_pwm_angle_tenths                       0x202002a4   Data           2  stepper_feedback.o(.bss.s_pwm_angle_tenths)
    [Anonymous Symbol]                       0x202002a4   Section        0  stepper_feedback.o(.bss.s_pwm_angle_tenths)
    s_pwm_high_ticks                         0x202002a8   Data           4  stepper_feedback.o(.bss.s_pwm_high_ticks)
    [Anonymous Symbol]                       0x202002a8   Section        0  stepper_feedback.o(.bss.s_pwm_high_ticks)
    s_pwm_period_ticks                       0x202002ac   Data           4  stepper_feedback.o(.bss.s_pwm_period_ticks)
    [Anonymous Symbol]                       0x202002ac   Section        0  stepper_feedback.o(.bss.s_pwm_period_ticks)
    s_pwm_valid                              0x202002b0   Data           1  stepper_feedback.o(.bss.s_pwm_valid)
    [Anonymous Symbol]                       0x202002b0   Section        0  stepper_feedback.o(.bss.s_pwm_valid)
    s_q3_direction                           0x202002b1   Data           1  balance_controller.o(.bss.s_q3_direction)
    [Anonymous Symbol]                       0x202002b1   Section        0  balance_controller.o(.bss.s_q3_direction)
    s_q3_leg_start_mm                        0x202002b2   Data           2  balance_controller.o(.bss.s_q3_leg_start_mm)
    [Anonymous Symbol]                       0x202002b2   Section        0  balance_controller.o(.bss.s_q3_leg_start_mm)
    s_q6_ball_hold_active                    0x202002b4   Data           1  competition_mode.o(.bss.s_q6_ball_hold_active)
    [Anonymous Symbol]                       0x202002b4   Section        0  competition_mode.o(.bss.s_q6_ball_hold_active)
    s_q6_have_sample_seq                     0x202002b5   Data           1  competition_mode.o(.bss.s_q6_have_sample_seq)
    [Anonymous Symbol]                       0x202002b5   Section        0  competition_mode.o(.bss.s_q6_have_sample_seq)
    s_q6_last_sample_seq                     0x202002b6   Data           1  competition_mode.o(.bss.s_q6_last_sample_seq)
    [Anonymous Symbol]                       0x202002b6   Section        0  competition_mode.o(.bss.s_q6_last_sample_seq)
    s_q6_position_sample_count               0x202002b7   Data           1  competition_mode.o(.bss.s_q6_position_sample_count)
    [Anonymous Symbol]                       0x202002b7   Section        0  competition_mode.o(.bss.s_q6_position_sample_count)
    s_q6_position_sum_mm                     0x202002b8   Data           4  competition_mode.o(.bss.s_q6_position_sum_mm)
    [Anonymous Symbol]                       0x202002b8   Section        0  competition_mode.o(.bss.s_q6_position_sum_mm)
    s_quadrature_count                       0x202002bc   Data           4  stepper_feedback.o(.bss.s_quadrature_count)
    [Anonymous Symbol]                       0x202002bc   Section        0  stepper_feedback.o(.bss.s_quadrature_count)
    s_raw                                    0x202002c0   Data           1  line_sensor.o(.bss.s_raw)
    [Anonymous Symbol]                       0x202002c0   Section        0  line_sensor.o(.bss.s_raw)
    s_right_distance                         0x202002c4   Data           4  vehicle_controller.o(.bss.s_right_distance)
    [Anonymous Symbol]                       0x202002c4   Section        0  vehicle_controller.o(.bss.s_right_distance)
    s_right_duty                             0x202002c8   Data           4  vehicle_controller.o(.bss.s_right_duty)
    [Anonymous Symbol]                       0x202002c8   Section        0  vehicle_controller.o(.bss.s_right_duty)
    s_right_integral                         0x202002cc   Data           4  vehicle_controller.o(.bss.s_right_integral)
    [Anonymous Symbol]                       0x202002cc   Section        0  vehicle_controller.o(.bss.s_right_integral)
    s_right_rpm                              0x202002d0   Data           4  vehicle_controller.o(.bss.s_right_rpm)
    [Anonymous Symbol]                       0x202002d0   Section        0  vehicle_controller.o(.bss.s_right_rpm)
    s_right_speed_counts                     0x202002d4   Data           4  vehicle_controller.o(.bss.s_right_speed_counts)
    [Anonymous Symbol]                       0x202002d4   Section        0  vehicle_controller.o(.bss.s_right_speed_counts)
    s_right_target_rpm                       0x202002d8   Data           4  vehicle_controller.o(.bss.s_right_target_rpm)
    [Anonymous Symbol]                       0x202002d8   Section        0  vehicle_controller.o(.bss.s_right_target_rpm)
    s_sample_sequence                        0x202002dc   Data           4  line_sensor.o(.bss.s_sample_sequence)
    [Anonymous Symbol]                       0x202002dc   Section        0  line_sensor.o(.bss.s_sample_sequence)
    s_settle_start_ms                        0x202002e0   Data           4  balance_task.o(.bss.s_settle_start_ms)
    [Anonymous Symbol]                       0x202002e0   Section        0  balance_task.o(.bss.s_settle_start_ms)
    s_speed_sample_ticks                     0x202002e4   Data           1  vehicle_controller.o(.bss.s_speed_sample_ticks)
    [Anonymous Symbol]                       0x202002e4   Section        0  vehicle_controller.o(.bss.s_speed_sample_ticks)
    s_start_ff_ab                            0x202002e8   Data           4  balance_controller.o(.bss.s_start_ff_ab)
    [Anonymous Symbol]                       0x202002e8   Section        0  balance_controller.o(.bss.s_start_ff_ab)
    s_start_ms                               0x202002ec   Data           4  competition_mode.o(.bss.s_start_ms)
    [Anonymous Symbol]                       0x202002ec   Section        0  competition_mode.o(.bss.s_start_ms)
    s_start_ramp_duration_ms                 0x202002f0   Data           4  vehicle_controller.o(.bss.s_start_ramp_duration_ms)
    [Anonymous Symbol]                       0x202002f0   Section        0  vehicle_controller.o(.bss.s_start_ramp_duration_ms)
    s_start_ramp_scale                       0x202002f4   Data           4  vehicle_controller.o(.bss.s_start_ramp_scale)
    [Anonymous Symbol]                       0x202002f4   Section        0  vehicle_controller.o(.bss.s_start_ramp_scale)
    s_state                                  0x202002f8   Data           1  competition_mode.o(.bss.s_state)
    [Anonymous Symbol]                       0x202002f8   Section        0  competition_mode.o(.bss.s_state)
    s_stats                                  0x202002fc   Data          32  camera_uart.o(.bss.s_stats)
    [Anonymous Symbol]                       0x202002fc   Section        0  camera_uart.o(.bss.s_stats)
    s_stop_ramp_active                       0x2020031c   Data           1  vehicle_controller.o(.bss.s_stop_ramp_active)
    [Anonymous Symbol]                       0x2020031c   Section        0  vehicle_controller.o(.bss.s_stop_ramp_active)
    s_stop_ramp_duration_ms                  0x20200320   Data           4  line_follow_task.o(.bss.s_stop_ramp_duration_ms)
    [Anonymous Symbol]                       0x20200320   Section        0  line_follow_task.o(.bss.s_stop_ramp_duration_ms)
    s_stop_ramp_duration_ms                  0x20200324   Data           4  vehicle_controller.o(.bss.s_stop_ramp_duration_ms)
    [Anonymous Symbol]                       0x20200324   Section        0  vehicle_controller.o(.bss.s_stop_ramp_duration_ms)
    s_stop_ramp_scale                        0x20200328   Data           4  vehicle_controller.o(.bss.s_stop_ramp_scale)
    [Anonymous Symbol]                       0x20200328   Section        0  vehicle_controller.o(.bss.s_stop_ramp_scale)
    s_stop_vote_history                      0x2020032c   Data           1  line_follow_task.o(.bss.s_stop_vote_history)
    [Anonymous Symbol]                       0x2020032c   Section        0  line_follow_task.o(.bss.s_stop_vote_history)
    s_target_ab                              0x20200330   Data           4  balance_controller.o(.bss.s_target_ab)
    [Anonymous Symbol]                       0x20200330   Section        0  balance_controller.o(.bss.s_target_ab)
    s_target_mm                              0x20200334   Data           2  balance_controller.o(.bss.s_target_mm)
    [Anonymous Symbol]                       0x20200334   Section        0  balance_controller.o(.bss.s_target_mm)
    s_tick_started                           0x20200336   Data           1  balance_controller.o(.bss.s_tick_started)
    [Anonymous Symbol]                       0x20200336   Section        0  balance_controller.o(.bss.s_tick_started)
    s_tracking                               0x20200337   Data           1  balance_controller.o(.bss.s_tracking)
    [Anonymous Symbol]                       0x20200337   Section        0  balance_controller.o(.bss.s_tracking)
    s_travel_limits_enabled                  0x20200338   Data           1  stepper_feedback.o(.bss.s_travel_limits_enabled)
    [Anonymous Symbol]                       0x20200338   Section        0  stepper_feedback.o(.bss.s_travel_limits_enabled)
    s_travel_maximum                         0x2020033c   Data           4  stepper_feedback.o(.bss.s_travel_maximum)
    [Anonymous Symbol]                       0x2020033c   Section        0  stepper_feedback.o(.bss.s_travel_maximum)
    s_travel_minimum                         0x20200340   Data           4  stepper_feedback.o(.bss.s_travel_minimum)
    [Anonymous Symbol]                       0x20200340   Section        0  stepper_feedback.o(.bss.s_travel_minimum)
    s_velocity_kd                            0x20200344   Data           4  balance_controller.o(.bss.s_velocity_kd)
    [Anonymous Symbol]                       0x20200344   Section        0  balance_controller.o(.bss.s_velocity_kd)
    Heap_Mem                                 0x20200348   Data           0  startup_mspm0g350x_uvision.o(HEAP)
    Stack_Mem                                0x20200348   Data        1024  startup_mspm0g350x_uvision.o(STACK)
    HEAP                                     0x20200348   Section        0  startup_mspm0g350x_uvision.o(HEAP)
    STACK                                    0x20200348   Section     1024  startup_mspm0g350x_uvision.o(STACK)
    __initial_sp                             0x20200748   Data           0  startup_mspm0g350x_uvision.o(STACK)

    Global Symbols

    Symbol Name                              Value     Ov Type        Size  Object(Section)

    BuildAttributes$$THM_ISAv3M$S$PE$A:L22$X:L11$S22$IEEE1$IW$~IW$USESV6$~STKCKD$USESV7$~SHL$OTIME$ROPI$EBA8$UX$STANDARDLIB$REQ8$PRES8$EABIv2 0x00000000   Number         0  anon$$obj.o ABSOLUTE
    __Vectors                                0x00000000   Data           4  startup_mspm0g350x_uvision.o(RESET)
    __ARM_exceptions_init                     - Undefined Weak Reference
    __alloca_initialize                       - Undefined Weak Reference
    __arm_preinit_                            - Undefined Weak Reference
    __arm_relocate_pie_                       - Undefined Weak Reference
    __cpp_initialize__aeabi_                  - Undefined Weak Reference
    __cxa_finalize                            - Undefined Weak Reference
    __rt_locale                               - Undefined Weak Reference
    __sigvec_lookup                           - Undefined Weak Reference
    _atexit_init                              - Undefined Weak Reference
    _call_atexit_fns                          - Undefined Weak Reference
    _clock_init                               - Undefined Weak Reference
    _fp_trap_init                             - Undefined Weak Reference
    _fp_trap_shutdown                         - Undefined Weak Reference
    _get_lc_collate                           - Undefined Weak Reference
    _get_lc_ctype                             - Undefined Weak Reference
    _get_lc_monetary                          - Undefined Weak Reference
    _get_lc_numeric                           - Undefined Weak Reference
    _get_lc_time                              - Undefined Weak Reference
    _getenv_init                              - Undefined Weak Reference
    _handle_redirection                       - Undefined Weak Reference
    _init_alloc                               - Undefined Weak Reference
    _init_user_alloc                          - Undefined Weak Reference
    _initio                                   - Undefined Weak Reference
    _rand_init                                - Undefined Weak Reference
    _signal_finish                            - Undefined Weak Reference
    _signal_init                              - Undefined Weak Reference
    _terminate_alloc                          - Undefined Weak Reference
    _terminate_user_alloc                     - Undefined Weak Reference
    _terminateio                              - Undefined Weak Reference
    __Vectors_End                            0x000000c0   Data           0  startup_mspm0g350x_uvision.o(RESET)
    __Vectors_Size                           0x000000c0   Number         0  startup_mspm0g350x_uvision.o ABSOLUTE
    __main                                   0x000000c1   Thumb Code     8  __main.o(!!!main)
    __scatterload                            0x000000c9   Thumb Code     0  __scatter.o(!!!scatter)
    __scatterload_rt2                        0x000000c9   Thumb Code    74  __scatter.o(!!!scatter)
    __scatterload_rt2_thumb_only             0x000000c9   Thumb Code     0  __scatter.o(!!!scatter)
    __scatterload_loop                       0x000000d3   Thumb Code     0  __scatter.o(!!!scatter)
    __scatterload_null                       0x00000121   Thumb Code     2  __scatter.o(!!handler_null)
    __scatterload_zeroinit                   0x00000129   Thumb Code    28  __scatter_zi.o(!!handler_zi)
    __rt_lib_init                            0x00000145   Thumb Code     0  libinit.o(.ARM.Collect$$libinit$$00000000)
    __rt_lib_init_alloca_1                   0x00000147   Thumb Code     0  libinit2.o(.ARM.Collect$$libinit$$00000030)
    __rt_lib_init_argv_1                     0x00000147   Thumb Code     0  libinit2.o(.ARM.Collect$$libinit$$0000002E)
    __rt_lib_init_atexit_1                   0x00000147   Thumb Code     0  libinit2.o(.ARM.Collect$$libinit$$0000001D)
    __rt_lib_init_clock_1                    0x00000147   Thumb Code     0  libinit2.o(.ARM.Collect$$libinit$$00000023)
    __rt_lib_init_cpp_1                      0x00000147   Thumb Code     0  libinit2.o(.ARM.Collect$$libinit$$00000034)
    __rt_lib_init_exceptions_1               0x00000147   Thumb Code     0  libinit2.o(.ARM.Collect$$libinit$$00000032)
    __rt_lib_init_fp_1                       0x00000147   Thumb Code     0  libinit2.o(.ARM.Collect$$libinit$$00000002)
    __rt_lib_init_fp_trap_1                  0x00000147   Thumb Code     0  libinit2.o(.ARM.Collect$$libinit$$00000021)
    __rt_lib_init_getenv_1                   0x00000147   Thumb Code     0  libinit2.o(.ARM.Collect$$libinit$$00000025)
    __rt_lib_init_heap_1                     0x00000147   Thumb Code     0  libinit2.o(.ARM.Collect$$libinit$$0000000C)
    __rt_lib_init_lc_collate_1               0x00000147   Thumb Code     0  libinit2.o(.ARM.Collect$$libinit$$00000013)
    __rt_lib_init_lc_ctype_1                 0x00000147   Thumb Code     0  libinit2.o(.ARM.Collect$$libinit$$00000015)
    __rt_lib_init_lc_monetary_1              0x00000147   Thumb Code     0  libinit2.o(.ARM.Collect$$libinit$$00000017)
    __rt_lib_init_lc_numeric_1               0x00000147   Thumb Code     0  libinit2.o(.ARM.Collect$$libinit$$00000019)
    __rt_lib_init_lc_time_1                  0x00000147   Thumb Code     0  libinit2.o(.ARM.Collect$$libinit$$0000001B)
    __rt_lib_init_preinit_1                  0x00000147   Thumb Code     0  libinit2.o(.ARM.Collect$$libinit$$00000006)
    __rt_lib_init_rand_1                     0x00000147   Thumb Code     0  libinit2.o(.ARM.Collect$$libinit$$00000010)
    __rt_lib_init_relocate_pie_1             0x00000147   Thumb Code     0  libinit2.o(.ARM.Collect$$libinit$$00000004)
    __rt_lib_init_return                     0x00000147   Thumb Code     0  libinit2.o(.ARM.Collect$$libinit$$00000035)
    __rt_lib_init_signal_1                   0x00000147   Thumb Code     0  libinit2.o(.ARM.Collect$$libinit$$0000001F)
    __rt_lib_init_stdio_1                    0x00000147   Thumb Code     0  libinit2.o(.ARM.Collect$$libinit$$00000027)
    __rt_lib_init_user_alloc_1               0x00000147   Thumb Code     0  libinit2.o(.ARM.Collect$$libinit$$0000000E)
    __rt_lib_shutdown                        0x00000149   Thumb Code     0  libshutdown.o(.ARM.Collect$$libshutdown$$00000000)
    __rt_lib_shutdown_cpp_1                  0x0000014b   Thumb Code     0  libshutdown2.o(.ARM.Collect$$libshutdown$$00000002)
    __rt_lib_shutdown_fp_trap_1              0x0000014b   Thumb Code     0  libshutdown2.o(.ARM.Collect$$libshutdown$$00000007)
    __rt_lib_shutdown_heap_1                 0x0000014b   Thumb Code     0  libshutdown2.o(.ARM.Collect$$libshutdown$$0000000F)
    __rt_lib_shutdown_return                 0x0000014b   Thumb Code     0  libshutdown2.o(.ARM.Collect$$libshutdown$$00000010)
    __rt_lib_shutdown_signal_1               0x0000014b   Thumb Code     0  libshutdown2.o(.ARM.Collect$$libshutdown$$0000000A)
    __rt_lib_shutdown_stdio_1                0x0000014b   Thumb Code     0  libshutdown2.o(.ARM.Collect$$libshutdown$$00000004)
    __rt_lib_shutdown_user_alloc_1           0x0000014b   Thumb Code     0  libshutdown2.o(.ARM.Collect$$libshutdown$$0000000C)
    __rt_entry                               0x0000014d   Thumb Code     0  __rtentry.o(.ARM.Collect$$rtentry$$00000000)
    __rt_entry_presh_1                       0x0000014d   Thumb Code     0  __rtentry2.o(.ARM.Collect$$rtentry$$00000002)
    __rt_entry_sh                            0x0000014d   Thumb Code     0  __rtentry4.o(.ARM.Collect$$rtentry$$00000004)
    __rt_entry_li                            0x00000153   Thumb Code     0  __rtentry2.o(.ARM.Collect$$rtentry$$0000000A)
    __rt_entry_postsh_1                      0x00000153   Thumb Code     0  __rtentry2.o(.ARM.Collect$$rtentry$$00000009)
    __rt_entry_main                          0x00000157   Thumb Code     0  __rtentry2.o(.ARM.Collect$$rtentry$$0000000D)
    __rt_entry_postli_1                      0x00000157   Thumb Code     0  __rtentry2.o(.ARM.Collect$$rtentry$$0000000C)
    __rt_exit                                0x0000015f   Thumb Code     0  rtexit.o(.ARM.Collect$$rtexit$$00000000)
    __rt_exit_ls                             0x00000161   Thumb Code     0  rtexit2.o(.ARM.Collect$$rtexit$$00000003)
    __rt_exit_prels_1                        0x00000161   Thumb Code     0  rtexit2.o(.ARM.Collect$$rtexit$$00000002)
    __rt_exit_exit                           0x00000165   Thumb Code     0  rtexit2.o(.ARM.Collect$$rtexit$$00000004)
    Reset_Handler                            0x0000016d   Thumb Code     4  startup_mspm0g350x_uvision.o(.text)
    NMI_Handler                              0x00000171   Thumb Code     2  startup_mspm0g350x_uvision.o(.text)
    HardFault_Handler                        0x00000173   Thumb Code     2  startup_mspm0g350x_uvision.o(.text)
    SVC_Handler                              0x00000175   Thumb Code     2  startup_mspm0g350x_uvision.o(.text)
    PendSV_Handler                           0x00000177   Thumb Code     2  startup_mspm0g350x_uvision.o(.text)
    SysTick_Handler                          0x00000179   Thumb Code     2  startup_mspm0g350x_uvision.o(.text)
    ADC0_IRQHandler                          0x0000017b   Thumb Code     0  startup_mspm0g350x_uvision.o(.text)
    ADC1_IRQHandler                          0x0000017b   Thumb Code     0  startup_mspm0g350x_uvision.o(.text)
    AES_IRQHandler                           0x0000017b   Thumb Code     0  startup_mspm0g350x_uvision.o(.text)
    CANFD0_IRQHandler                        0x0000017b   Thumb Code     0  startup_mspm0g350x_uvision.o(.text)
    DAC0_IRQHandler                          0x0000017b   Thumb Code     0  startup_mspm0g350x_uvision.o(.text)
    DMA_IRQHandler                           0x0000017b   Thumb Code     0  startup_mspm0g350x_uvision.o(.text)
    Default_Handler                          0x0000017b   Thumb Code     2  startup_mspm0g350x_uvision.o(.text)
    GROUP0_IRQHandler                        0x0000017b   Thumb Code     0  startup_mspm0g350x_uvision.o(.text)
    I2C0_IRQHandler                          0x0000017b   Thumb Code     0  startup_mspm0g350x_uvision.o(.text)
    I2C1_IRQHandler                          0x0000017b   Thumb Code     0  startup_mspm0g350x_uvision.o(.text)
    RTC_IRQHandler                           0x0000017b   Thumb Code     0  startup_mspm0g350x_uvision.o(.text)
    SPI0_IRQHandler                          0x0000017b   Thumb Code     0  startup_mspm0g350x_uvision.o(.text)
    SPI1_IRQHandler                          0x0000017b   Thumb Code     0  startup_mspm0g350x_uvision.o(.text)
    TIMA0_IRQHandler                         0x0000017b   Thumb Code     0  startup_mspm0g350x_uvision.o(.text)
    TIMA1_IRQHandler                         0x0000017b   Thumb Code     0  startup_mspm0g350x_uvision.o(.text)
    TIMG12_IRQHandler                        0x0000017b   Thumb Code     0  startup_mspm0g350x_uvision.o(.text)
    TIMG6_IRQHandler                         0x0000017b   Thumb Code     0  startup_mspm0g350x_uvision.o(.text)
    UART0_IRQHandler                         0x0000017b   Thumb Code     0  startup_mspm0g350x_uvision.o(.text)
    UART2_IRQHandler                         0x0000017b   Thumb Code     0  startup_mspm0g350x_uvision.o(.text)
    UART3_IRQHandler                         0x0000017b   Thumb Code     0  startup_mspm0g350x_uvision.o(.text)
    __user_initial_stackheap                 0x0000017d   Thumb Code    10  startup_mspm0g350x_uvision.o(.text)
    __aeabi_uidivmod                         0x00000199   Thumb Code    28  aeabi_sdivfast.o(.text)
    __aeabi_idivmod                          0x000001b5   Thumb Code   472  aeabi_sdivfast.o(.text)
    __use_two_region_memory                  0x00000391   Thumb Code     2  heapauxi.o(.text)
    __rt_heap_escrow$2region                 0x00000393   Thumb Code     2  heapauxi.o(.text)
    __rt_heap_expand$2region                 0x00000395   Thumb Code     2  heapauxi.o(.text)
    __aeabi_fdiv                             0x00000399   Thumb Code     0  fdiv.o(.text)
    __divsf3                                 0x00000399   Thumb Code     0  fdiv.o(.text)
    _fdiv                                    0x00000399   Thumb Code   334  fdiv.o(.text)
    _frdiv                                   0x000004e7   Thumb Code     8  fdiv.o(.text)
    __aeabi_f2iz                             0x000004f9   Thumb Code     0  ffixi.o(.text)
    _ffix                                    0x000004f9   Thumb Code    76  ffixi.o(.text)
    __aeabi_i2f_normalise                    0x00000545   Thumb Code    72  fflti.o(.text)
    __aeabi_i2f                              0x0000058d   Thumb Code    16  fflti.o(.text)
    _fflt                                    0x0000058d   Thumb Code     0  fflti.o(.text)
    __aeabi_ui2f                             0x0000059d   Thumb Code     6  fflti.o(.text)
    _ffltu                                   0x0000059d   Thumb Code     0  fflti.o(.text)
    __fpl_fcmp_InfNaN                        0x000005a5   Thumb Code    96  fcmpin.o(.text)
    __user_setup_stackheap                   0x00000609   Thumb Code    62  sys_stackheap_outer.o(.text)
    exit                                     0x00000647   Thumb Code    16  exit.o(.text)
    __fpl_cmpreturn                          0x00000657   Thumb Code    46  cmpret.o(.text)
    __fpl_fcheck_NaN2                        0x00000685   Thumb Code    10  fnan2.o(.text)
    __user_libspace                          0x00000695   Thumb Code     8  libspace.o(.text)
    __user_perproc_libspace                  0x00000695   Thumb Code     0  libspace.o(.text)
    __user_perthread_libspace                0x00000695   Thumb Code     0  libspace.o(.text)
    __fpl_return_NaN                         0x0000069d   Thumb Code    94  retnan.o(.text)
    _sys_exit                                0x000006fd   Thumb Code     8  sys_exit.o(.text)
    __I$use$semihosting                      0x00000709   Thumb Code     0  use_no_semi.o(.text)
    __use_no_semihosting_swi                 0x00000709   Thumb Code     2  use_no_semi.o(.text)
    __semihosting_library_function           0x0000070b   Thumb Code     0  indicate_semi.o(.text)
    BalanceTask_Init                         0x0000070d   Thumb Code    24  balance_task.o(.text.BalanceTask_Init)
    BalanceTask_IsComplete                   0x00000725   Thumb Code    12  balance_task.o(.text.BalanceTask_IsComplete)
    BalanceTask_SetPosition                  0x00000731   Thumb Code     8  balance_task.o(.text.BalanceTask_SetPosition)
    BalanceTask_Start                        0x00000739   Thumb Code    72  balance_task.o(.text.BalanceTask_Start)
    BalanceTask_Update                       0x00000789   Thumb Code   260  balance_task.o(.text.BalanceTask_Update)
    Balance_Disable                          0x000008a5   Thumb Code    48  balance_controller.o(.text.Balance_Disable)
    Balance_Enable                           0x000008d5   Thumb Code    52  balance_controller.o(.text.Balance_Enable)
    Balance_GetBallVelocity                  0x00000909   Thumb Code     8  balance_controller.o(.text.Balance_GetBallVelocity)
    Balance_GetError                         0x00000911   Thumb Code     8  balance_controller.o(.text.Balance_GetError)
    Balance_GetOutput                        0x00000919   Thumb Code     8  balance_controller.o(.text.Balance_GetOutput)
    Balance_GetTarget                        0x00000921   Thumb Code     8  balance_controller.o(.text.Balance_GetTarget)
    Balance_GetTargetAb                      0x00000929   Thumb Code     8  balance_controller.o(.text.Balance_GetTargetAb)
    Balance_Init                             0x00000931   Thumb Code    96  balance_controller.o(.text.Balance_Init)
    Balance_IsEnabled                        0x000009a5   Thumb Code     8  balance_controller.o(.text.Balance_IsEnabled)
    Balance_IsTracking                       0x000009b1   Thumb Code     8  balance_controller.o(.text.Balance_IsTracking)
    Balance_SelectPidProfile                 0x000009b9   Thumb Code   104  balance_controller.o(.text.Balance_SelectPidProfile)
    Balance_SelectQ3Direction                0x00000a31   Thumb Code   140  balance_controller.o(.text.Balance_SelectQ3Direction)
    Balance_SetTarget                        0x00000b15   Thumb Code    20  balance_controller.o(.text.Balance_SetTarget)
    Balance_Tick                             0x00000b31   Thumb Code  1016  balance_controller.o(.text.Balance_Tick)
    Button_GetEvent                          0x00000fd1   Thumb Code    20  button_input.o(.text.Button_GetEvent)
    Button_Init                              0x00000fe5   Thumb Code    48  button_input.o(.text.Button_Init)
    Button_Update                            0x00001015   Thumb Code   200  button_input.o(.text.Button_Update)
    Camera_FeedByte                          0x00001105   Thumb Code   680  camera_uart.o(.text.Camera_FeedByte)
    Camera_GetData                           0x000013b1   Thumb Code     4  camera_uart.o(.text.Camera_GetData)
    Camera_Init                              0x000013b5   Thumb Code    44  camera_uart.o(.text.Camera_Init)
    Camera_IsBallUsable                      0x000013f1   Thumb Code    32  camera_uart.o(.text.Camera_IsBallUsable)
    Camera_IsDataFresh                       0x00001411   Thumb Code    32  camera_uart.o(.text.Camera_IsDataFresh)
    Competition_GetElapsedMs                 0x00001435   Thumb Code     8  competition_mode.o(.text.Competition_GetElapsedMs)
    Competition_GetMode                      0x0000143d   Thumb Code     8  competition_mode.o(.text.Competition_GetMode)
    Competition_GetState                     0x00001445   Thumb Code     8  competition_mode.o(.text.Competition_GetState)
    Competition_Init                         0x0000144d   Thumb Code    60  competition_mode.o(.text.Competition_Init)
    Competition_IsQ6BallHoldActive           0x00001491   Thumb Code    20  competition_mode.o(.text.Competition_IsQ6BallHoldActive)
    Competition_Update                       0x000014a5   Thumb Code   844  competition_mode.o(.text.Competition_Update)
    Control_GetBaseSpeedRpm                  0x0000182d   Thumb Code     8  vehicle_controller.o(.text.Control_GetBaseSpeedRpm)
    Control_GetLeftDistance                  0x00001835   Thumb Code     8  vehicle_controller.o(.text.Control_GetLeftDistance)
    Control_GetLineError                     0x0000183d   Thumb Code     8  vehicle_controller.o(.text.Control_GetLineError)
    Control_GetMode                          0x00001845   Thumb Code     8  vehicle_controller.o(.text.Control_GetMode)
    Control_GetRightDistance                 0x0000184d   Thumb Code     8  vehicle_controller.o(.text.Control_GetRightDistance)
    Control_GetStartRampScale                0x00001855   Thumb Code     8  vehicle_controller.o(.text.Control_GetStartRampScale)
    Control_GetStopRampScale                 0x0000185d   Thumb Code     8  vehicle_controller.o(.text.Control_GetStopRampScale)
    Control_GetTickCount                     0x00001865   Thumb Code     8  vehicle_controller.o(.text.Control_GetTickCount)
    Control_Init                             0x0000186d   Thumb Code   140  vehicle_controller.o(.text.Control_Init)
    Control_IsStopRampActive                 0x00001929   Thumb Code     8  vehicle_controller.o(.text.Control_IsStopRampActive)
    Control_ResetDistance                    0x00001931   Thumb Code    20  vehicle_controller.o(.text.Control_ResetDistance)
    Control_SetBaseSpeed                     0x0000194d   Thumb Code    24  vehicle_controller.o(.text.Control_SetBaseSpeed)
    Control_SetCurveExitSyncEnabled          0x00001969   Thumb Code    28  vehicle_controller.o(.text.Control_SetCurveExitSyncEnabled)
    Control_SetLineProfile                   0x00001989   Thumb Code    56  vehicle_controller.o(.text.Control_SetLineProfile)
    Control_SetMode                          0x000019d1   Thumb Code   100  vehicle_controller.o(.text.Control_SetMode)
    Control_SetStartRamp                     0x00001a45   Thumb Code    32  vehicle_controller.o(.text.Control_SetStartRamp)
    Control_StartStopRamp                    0x00001a6d   Thumb Code    44  vehicle_controller.o(.text.Control_StartStopRamp)
    Control_Tick                             0x00001aad   Thumb Code  1928  vehicle_controller.o(.text.Control_Tick)
    DL_ADC12_setClockConfig                  0x00002291   Thumb Code    64  dl_adc12.o(.text.DL_ADC12_setClockConfig)
    DL_Common_delayCycles                    0x000022d1   Thumb Code    10  dl_common.o(.text.DL_Common_delayCycles)
    DL_I2C_fillControllerTXFIFO              0x000022db   Thumb Code    44  dl_i2c.o(.text.DL_I2C_fillControllerTXFIFO)
    DL_I2C_flushControllerTXFIFO             0x00002309   Thumb Code    40  dl_i2c.o(.text.DL_I2C_flushControllerTXFIFO)
    DL_I2C_setClockConfig                    0x00002331   Thumb Code    38  dl_i2c.o(.text.DL_I2C_setClockConfig)
    DL_SYSCTL_configSYSPLL                   0x00002359   Thumb Code   196  dl_sysctl_mspm0g1x0x_g3x0x.o(.text.DL_SYSCTL_configSYSPLL)
    DL_SYSCTL_switchMCLKfromSYSOSCtoHSCLK    0x0000241d   Thumb Code    40  dl_sysctl_mspm0g1x0x_g3x0x.o(.text.DL_SYSCTL_switchMCLKfromSYSOSCtoHSCLK)
    DL_TimerA_initPWMMode                    0x00002445   Thumb Code   116  dl_timer.o(.text.DL_TimerA_initPWMMode)
    DL_Timer_getCaptureCompareValue          0x000024b9   Thumb Code    12  dl_timer.o(.text.DL_Timer_getCaptureCompareValue)
    DL_Timer_initCaptureCombinedMode         0x000024c5   Thumb Code   220  dl_timer.o(.text.DL_Timer_initCaptureCombinedMode)
    DL_Timer_initPWMMode                     0x000025a1   Thumb Code   192  dl_timer.o(.text.DL_Timer_initPWMMode)
    DL_Timer_initTimerMode                   0x00002661   Thumb Code   240  dl_timer.o(.text.DL_Timer_initTimerMode)
    DL_Timer_setCaptCompUpdateMethod         0x00002751   Thumb Code    28  dl_timer.o(.text.DL_Timer_setCaptCompUpdateMethod)
    DL_Timer_setCaptureCompareOutCtl         0x0000276d   Thumb Code    24  dl_timer.o(.text.DL_Timer_setCaptureCompareOutCtl)
    DL_Timer_setCaptureCompareValue          0x00002785   Thumb Code    16  dl_timer.o(.text.DL_Timer_setCaptureCompareValue)
    DL_Timer_setClockConfig                  0x00002795   Thumb Code    28  dl_timer.o(.text.DL_Timer_setClockConfig)
    DL_UART_init                             0x000027b1   Thumb Code    72  dl_uart.o(.text.DL_UART_init)
    DL_UART_setClockConfig                   0x000027f9   Thumb Code    18  dl_uart.o(.text.DL_UART_setClockConfig)
    Encoder_CountsToDistanceCm               0x0000280d   Thumb Code    24  encoder_driver.o(.text.Encoder_CountsToDistanceCm)
    Encoder_CountsToRpm                      0x00002825   Thumb Code    48  encoder_driver.o(.text.Encoder_CountsToRpm)
    Encoder_Init                             0x0000285d   Thumb Code    12  encoder_driver.o(.text.Encoder_Init)
    Encoder_TakeCounts                       0x00002869   Thumb Code    28  encoder_driver.o(.text.Encoder_TakeCounts)
    GROUP1_IRQHandler                        0x00002885   Thumb Code   168  encoder_driver.o(.text.GROUP1_IRQHandler)
    LineFollow_Init                          0x0000294d   Thumb Code    32  line_follow_task.o(.text.LineFollow_Init)
    LineFollow_IsComplete                    0x0000296d   Thumb Code    12  line_follow_task.o(.text.LineFollow_IsComplete)
    LineFollow_RequestStop                   0x00002979   Thumb Code    52  line_follow_task.o(.text.LineFollow_RequestStop)
    LineFollow_SetStopRamp                   0x000029ad   Thumb Code     8  line_follow_task.o(.text.LineFollow_SetStopRamp)
    LineFollow_Start                         0x000029b9   Thumb Code    48  line_follow_task.o(.text.LineFollow_Start)
    LineFollow_Update                        0x000029e9   Thumb Code   348  line_follow_task.o(.text.LineFollow_Update)
    LineSensor_GetSampleSequence             0x00002b69   Thumb Code     8  line_sensor.o(.text.LineSensor_GetSampleSequence)
    LineSensor_GetSteeringError              0x00002b71   Thumb Code   260  line_sensor.o(.text.LineSensor_GetSteeringError)
    LineSensor_Init                          0x00002c89   Thumb Code    28  line_sensor.o(.text.LineSensor_Init)
    LineSensor_IsOnline                      0x00002cb1   Thumb Code    16  line_sensor.o(.text.LineSensor_IsOnline)
    LineSensor_Poll                          0x00002cc1   Thumb Code   668  line_sensor.o(.text.LineSensor_Poll)
    LineSensor_ReadRaw                       0x00002f7d   Thumb Code     8  line_sensor.o(.text.LineSensor_ReadRaw)
    LineSensor_Update                        0x00002f89   Thumb Code   360  line_sensor.o(.text.LineSensor_Update)
    Motor_Brake                              0x000030fd   Thumb Code    48  motor_driver.o(.text.Motor_Brake)
    Motor_Init                               0x00003131   Thumb Code    48  motor_driver.o(.text.Motor_Init)
    Motor_SetDuty                            0x00003161   Thumb Code   128  motor_driver.o(.text.Motor_SetDuty)
    Motor_Stop                               0x000031e9   Thumb Code    48  motor_driver.o(.text.Motor_Stop)
    OLED_Clear                               0x0000321d   Thumb Code   380  oled_driver.o(.text.OLED_Clear)
    OLED_Init                                0x000033a1   Thumb Code  5856  oled_driver.o(.text.OLED_Init)
    OLED_ShowChar                            0x00004a85   Thumb Code   632  oled_driver.o(.text.OLED_ShowChar)
    OLED_ShowNum                             0x00004d39   Thumb Code   888  oled_driver.o(.text.OLED_ShowNum)
    OLED_ShowSignedInt                       0x000050c9   Thumb Code   868  oled_driver.o(.text.OLED_ShowSignedInt)
    OLED_ShowString                          0x0000543d   Thumb Code    50  oled_driver.o(.text.OLED_ShowString)
    OLED_ShowTenths                          0x00005471   Thumb Code   868  oled_driver.o(.text.OLED_ShowTenths)
    SYSCFG_DL_BATTERY_ADC_init               0x000057dd   Thumb Code    32  ti_msp_dl_config.o(.text.SYSCFG_DL_BATTERY_ADC_init)
    SYSCFG_DL_GPIO_init                      0x00005811   Thumb Code   196  ti_msp_dl_config.o(.text.SYSCFG_DL_GPIO_init)
    SYSCFG_DL_K230_init                      0x00005915   Thumb Code   104  ti_msp_dl_config.o(.text.SYSCFG_DL_K230_init)
    SYSCFG_DL_LINE_I2C_init                  0x0000598d   Thumb Code    72  ti_msp_dl_config.o(.text.SYSCFG_DL_LINE_I2C_init)
    SYSCFG_DL_PWM_0_init                     0x000059e1   Thumb Code   108  ti_msp_dl_config.o(.text.SYSCFG_DL_PWM_0_init)
    SYSCFG_DL_PWM_STEPPER_init               0x00005a5d   Thumb Code    88  ti_msp_dl_config.o(.text.SYSCFG_DL_PWM_STEPPER_init)
    SYSCFG_DL_STEPPER_POS_CAP_init           0x00005ac5   Thumb Code    40  ti_msp_dl_config.o(.text.SYSCFG_DL_STEPPER_POS_CAP_init)
    SYSCFG_DL_SYSCTL_init                    0x00005b01   Thumb Code   100  ti_msp_dl_config.o(.text.SYSCFG_DL_SYSCTL_init)
    SYSCFG_DL_SYSTICK_init                   0x00005b75   Thumb Code     2  ti_msp_dl_config.o(.text.SYSCFG_DL_SYSTICK_init)
    SYSCFG_DL_TIMER_0_init                   0x00005b79   Thumb Code    36  ti_msp_dl_config.o(.text.SYSCFG_DL_TIMER_0_init)
    SYSCFG_DL_USB_init                       0x00005bb1   Thumb Code    76  ti_msp_dl_config.o(.text.SYSCFG_DL_USB_init)
    SYSCFG_DL_init                           0x00005c11   Thumb Code    68  ti_msp_dl_config.o(.text.SYSCFG_DL_init)
    SYSCFG_DL_initPower                      0x00005c5d   Thumb Code    88  ti_msp_dl_config.o(.text.SYSCFG_DL_initPower)
    StepperFeedback_ClearTravelLimits        0x00005ce5   Thumb Code    28  stepper_feedback.o(.text.StepperFeedback_ClearTravelLimits)
    StepperFeedback_GetSnapshot              0x00005d01   Thumb Code    92  stepper_feedback.o(.text.StepperFeedback_GetSnapshot)
    StepperFeedback_HandleGpioInterrupt      0x00005d5d   Thumb Code   144  stepper_feedback.o(.text.StepperFeedback_HandleGpioInterrupt)
    StepperFeedback_Init                     0x00005e15   Thumb Code    96  stepper_feedback.o(.text.StepperFeedback_Init)
    StepperFeedback_IsTravelCommandAllowed   0x00005e8d   Thumb Code    96  stepper_feedback.o(.text.StepperFeedback_IsTravelCommandAllowed)
    StepperFeedback_ResetCountsAt            0x00005eed   Thumb Code    68  stepper_feedback.o(.text.StepperFeedback_ResetCountsAt)
    StepperFeedback_SetTravelLimits          0x00005f4d   Thumb Code    40  stepper_feedback.o(.text.StepperFeedback_SetTravelLimits)
    Stepper_Disable                          0x00005f81   Thumb Code    52  stepper_driver.o(.text.Stepper_Disable)
    Stepper_Enable                           0x00005fb5   Thumb Code    12  stepper_driver.o(.text.Stepper_Enable)
    Stepper_GetPosition                      0x00005fc5   Thumb Code     8  stepper_driver.o(.text.Stepper_GetPosition)
    Stepper_Init                             0x00005fcd   Thumb Code   116  stepper_driver.o(.text.Stepper_Init)
    Stepper_ResetPosition                    0x00006059   Thumb Code     8  stepper_driver.o(.text.Stepper_ResetPosition)
    Stepper_SetSpeed                         0x00006061   Thumb Code   296  stepper_driver.o(.text.Stepper_SetSpeed)
    TIMG0_IRQHandler                         0x00006199   Thumb Code    20  vehicle_controller.o(.text.TIMG0_IRQHandler)
    TIMG7_IRQHandler                         0x000061b1   Thumb Code   116  stepper_driver.o(.text.TIMG7_IRQHandler)
    TIMG8_IRQHandler                         0x00006245   Thumb Code   108  stepper_feedback.o(.text.TIMG8_IRQHandler)
    UART1_IRQHandler                         0x000062d1   Thumb Code    48  app_main.o(.text.UART1_IRQHandler)
    main                                     0x00006379   Thumb Code   180  app_main.o(.text.main)
    __aeabi_uidiv                            0x00006cc5   Thumb Code    68  aeabi_sdivfast.o(.text_divfast)
    __aeabi_idiv                             0x00006d09   Thumb Code   434  aeabi_sdivfast.o(.text_divfast)
    __aeabi_fcmpge                           0x00006ebb   Thumb Code     0  fcmp.o(i._fgeq)
    _fgeq                                    0x00006ebb   Thumb Code    22  fcmp.o(i._fgeq)
    __aeabi_fcmpgt                           0x00006ed1   Thumb Code     0  fcmp.o(i._fgr)
    _fgr                                     0x00006ed1   Thumb Code    22  fcmp.o(i._fgr)
    __aeabi_fcmple                           0x00006ee7   Thumb Code     0  fcmp.o(i._fleq)
    _fleq                                    0x00006ee7   Thumb Code    26  fcmp.o(i._fleq)
    __aeabi_fcmplt                           0x00006f01   Thumb Code     0  fcmp.o(i._fls)
    _fls                                     0x00006f01   Thumb Code    22  fcmp.o(i._fls)
    __aeabi_fadd                             0x00006f19   Thumb Code     0  faddsub.o(x$fpl$fadd)
    _fadd                                    0x00006f19   Thumb Code   134  faddsub.o(x$fpl$fadd)
    _fcmpge                                  0x00006fa5   Thumb Code    78  fgef.o(x$fpl$fgeqf)
    __aeabi_cfcmple                          0x00006ff9   Thumb Code     0  flef.o(x$fpl$fleqf)
    _fcmple                                  0x00006ff9   Thumb Code    78  flef.o(x$fpl$fleqf)
    __aeabi_fmul                             0x0000704d   Thumb Code     0  fmul.o(x$fpl$fmul)
    _fmul                                    0x0000704d   Thumb Code   172  fmul.o(x$fpl$fmul)
    __aeabi_fsub                             0x000070fd   Thumb Code     0  faddsub.o(x$fpl$fsub)
    _fsub                                    0x000070fd   Thumb Code   204  faddsub.o(x$fpl$fsub)
    __I$use$fp                               0x000071cc   Number         0  usenofp.o(x$fpl$usenofp)
    Region$$Table$$Base                      0x000074b8   Number         0  anon$$obj.o(Region$$Table)
    Region$$Table$$Limit                     0x000074c8   Number         0  anon$$obj.o(Region$$Table)
    __libspace_start                         0x20200000   Data          96  libspace.o(.bss)
    __temporary_stack_top$libspace           0x20200060   Data           0  libspace.o(.bss)
    gPWM_0Backup                             0x20200060   Data         188  ti_msp_dl_config.o(.bss.gPWM_0Backup)
    gPWM_STEPPERBackup                       0x2020011c   Data         120  ti_msp_dl_config.o(.bss.gPWM_STEPPERBackup)
    g_encoder_a_count                        0x20200194   Data           4  encoder_driver.o(.bss.g_encoder_a_count)
    g_encoder_b_count                        0x20200198   Data           4  encoder_driver.o(.bss.g_encoder_b_count)



==============================================================================

Memory Map of the image

  Image Entry point : 0x000000c1

  Load Region LR_IROM1 (Base: 0x00000000, Size: 0x000074c8, Max: 0x00020000, ABSOLUTE)

    Execution Region ER_IROM1 (Exec base: 0x00000000, Load base: 0x00000000, Size: 0x000074c8, Max: 0x00020000, ABSOLUTE)

    Exec Addr    Load Addr    Size         Type   Attr      Idx    E Section Name        Object

    0x00000000   0x00000000   0x000000c0   Data   RO          549    RESET               startup_mspm0g350x_uvision.o
    0x000000c0   0x000000c0   0x00000008   Code   RO          792  * !!!main             c_p.l(__main.o)
    0x000000c8   0x000000c8   0x00000054   Code   RO         1023    !!!scatter          c_p.l(__scatter.o)
    0x0000011c   0x0000011c   0x00000004   PAD
    0x00000120   0x00000120   0x00000002   Code   RO         1024    !!handler_null      c_p.l(__scatter.o)
    0x00000122   0x00000122   0x00000006   PAD
    0x00000128   0x00000128   0x0000001c   Code   RO         1027    !!handler_zi        c_p.l(__scatter_zi.o)
    0x00000144   0x00000144   0x00000002   Code   RO          878    .ARM.Collect$$libinit$$00000000  c_p.l(libinit.o)
    0x00000146   0x00000146   0x00000000   Code   RO          896    .ARM.Collect$$libinit$$00000002  c_p.l(libinit2.o)
    0x00000146   0x00000146   0x00000000   Code   RO          898    .ARM.Collect$$libinit$$00000004  c_p.l(libinit2.o)
    0x00000146   0x00000146   0x00000000   Code   RO          900    .ARM.Collect$$libinit$$00000006  c_p.l(libinit2.o)
    0x00000146   0x00000146   0x00000000   Code   RO          903    .ARM.Collect$$libinit$$0000000C  c_p.l(libinit2.o)
    0x00000146   0x00000146   0x00000000   Code   RO          905    .ARM.Collect$$libinit$$0000000E  c_p.l(libinit2.o)
    0x00000146   0x00000146   0x00000000   Code   RO          907    .ARM.Collect$$libinit$$00000010  c_p.l(libinit2.o)
    0x00000146   0x00000146   0x00000000   Code   RO          910    .ARM.Collect$$libinit$$00000013  c_p.l(libinit2.o)
    0x00000146   0x00000146   0x00000000   Code   RO          912    .ARM.Collect$$libinit$$00000015  c_p.l(libinit2.o)
    0x00000146   0x00000146   0x00000000   Code   RO          914    .ARM.Collect$$libinit$$00000017  c_p.l(libinit2.o)
    0x00000146   0x00000146   0x00000000   Code   RO          916    .ARM.Collect$$libinit$$00000019  c_p.l(libinit2.o)
    0x00000146   0x00000146   0x00000000   Code   RO          918    .ARM.Collect$$libinit$$0000001B  c_p.l(libinit2.o)
    0x00000146   0x00000146   0x00000000   Code   RO          920    .ARM.Collect$$libinit$$0000001D  c_p.l(libinit2.o)
    0x00000146   0x00000146   0x00000000   Code   RO          922    .ARM.Collect$$libinit$$0000001F  c_p.l(libinit2.o)
    0x00000146   0x00000146   0x00000000   Code   RO          924    .ARM.Collect$$libinit$$00000021  c_p.l(libinit2.o)
    0x00000146   0x00000146   0x00000000   Code   RO          926    .ARM.Collect$$libinit$$00000023  c_p.l(libinit2.o)
    0x00000146   0x00000146   0x00000000   Code   RO          928    .ARM.Collect$$libinit$$00000025  c_p.l(libinit2.o)
    0x00000146   0x00000146   0x00000000   Code   RO          930    .ARM.Collect$$libinit$$00000027  c_p.l(libinit2.o)
    0x00000146   0x00000146   0x00000000   Code   RO          934    .ARM.Collect$$libinit$$0000002E  c_p.l(libinit2.o)
    0x00000146   0x00000146   0x00000000   Code   RO          936    .ARM.Collect$$libinit$$00000030  c_p.l(libinit2.o)
    0x00000146   0x00000146   0x00000000   Code   RO          938    .ARM.Collect$$libinit$$00000032  c_p.l(libinit2.o)
    0x00000146   0x00000146   0x00000000   Code   RO          940    .ARM.Collect$$libinit$$00000034  c_p.l(libinit2.o)
    0x00000146   0x00000146   0x00000002   Code   RO          941    .ARM.Collect$$libinit$$00000035  c_p.l(libinit2.o)
    0x00000148   0x00000148   0x00000002   Code   RO          978    .ARM.Collect$$libshutdown$$00000000  c_p.l(libshutdown.o)
    0x0000014a   0x0000014a   0x00000000   Code   RO         1006    .ARM.Collect$$libshutdown$$00000002  c_p.l(libshutdown2.o)
    0x0000014a   0x0000014a   0x00000000   Code   RO         1008    .ARM.Collect$$libshutdown$$00000004  c_p.l(libshutdown2.o)
    0x0000014a   0x0000014a   0x00000000   Code   RO         1011    .ARM.Collect$$libshutdown$$00000007  c_p.l(libshutdown2.o)
    0x0000014a   0x0000014a   0x00000000   Code   RO         1014    .ARM.Collect$$libshutdown$$0000000A  c_p.l(libshutdown2.o)
    0x0000014a   0x0000014a   0x00000000   Code   RO         1016    .ARM.Collect$$libshutdown$$0000000C  c_p.l(libshutdown2.o)
    0x0000014a   0x0000014a   0x00000000   Code   RO         1019    .ARM.Collect$$libshutdown$$0000000F  c_p.l(libshutdown2.o)
    0x0000014a   0x0000014a   0x00000002   Code   RO         1020    .ARM.Collect$$libshutdown$$00000010  c_p.l(libshutdown2.o)
    0x0000014c   0x0000014c   0x00000000   Code   RO          833    .ARM.Collect$$rtentry$$00000000  c_p.l(__rtentry.o)
    0x0000014c   0x0000014c   0x00000000   Code   RO          846    .ARM.Collect$$rtentry$$00000002  c_p.l(__rtentry2.o)
    0x0000014c   0x0000014c   0x00000006   Code   RO          858    .ARM.Collect$$rtentry$$00000004  c_p.l(__rtentry4.o)
    0x00000152   0x00000152   0x00000000   Code   RO          848    .ARM.Collect$$rtentry$$00000009  c_p.l(__rtentry2.o)
    0x00000152   0x00000152   0x00000004   Code   RO          849    .ARM.Collect$$rtentry$$0000000A  c_p.l(__rtentry2.o)
    0x00000156   0x00000156   0x00000000   Code   RO          851    .ARM.Collect$$rtentry$$0000000C  c_p.l(__rtentry2.o)
    0x00000156   0x00000156   0x00000008   Code   RO          852    .ARM.Collect$$rtentry$$0000000D  c_p.l(__rtentry2.o)
    0x0000015e   0x0000015e   0x00000002   Code   RO          887    .ARM.Collect$$rtexit$$00000000  c_p.l(rtexit.o)
    0x00000160   0x00000160   0x00000000   Code   RO          949    .ARM.Collect$$rtexit$$00000002  c_p.l(rtexit2.o)
    0x00000160   0x00000160   0x00000004   Code   RO          950    .ARM.Collect$$rtexit$$00000003  c_p.l(rtexit2.o)
    0x00000164   0x00000164   0x00000006   Code   RO          951    .ARM.Collect$$rtexit$$00000004  c_p.l(rtexit2.o)
    0x0000016a   0x0000016a   0x00000002   PAD
    0x0000016c   0x0000016c   0x0000002c   Code   RO          550    .text               startup_mspm0g350x_uvision.o
    0x00000198   0x00000198   0x000001f8   Code   RO          782    .text               c_p.l(aeabi_sdivfast.o)
    0x00000390   0x00000390   0x00000006   Code   RO          790    .text               c_p.l(heapauxi.o)
    0x00000396   0x00000396   0x00000002   PAD
    0x00000398   0x00000398   0x00000160   Code   RO          824    .text               fz_ps.l(fdiv.o)
    0x000004f8   0x000004f8   0x0000004c   Code   RO          827    .text               fz_ps.l(ffixi.o)
    0x00000544   0x00000544   0x0000005e   Code   RO          829    .text               fz_ps.l(fflti.o)
    0x000005a2   0x000005a2   0x00000002   PAD
    0x000005a4   0x000005a4   0x00000064   Code   RO          862    .text               fz_ps.l(fcmpin.o)
    0x00000608   0x00000608   0x0000003e   Code   RO          864    .text               c_p.l(sys_stackheap_outer.o)
    0x00000646   0x00000646   0x00000010   Code   RO          867    .text               c_p.l(exit.o)
    0x00000656   0x00000656   0x0000002e   Code   RO          879    .text               fz_ps.l(cmpret.o)
    0x00000684   0x00000684   0x00000010   Code   RO          881    .text               fz_ps.l(fnan2.o)
    0x00000694   0x00000694   0x00000008   Code   RO          883    .text               c_p.l(libspace.o)
    0x0000069c   0x0000069c   0x0000005e   Code   RO          942    .text               fz_ps.l(retnan.o)
    0x000006fa   0x000006fa   0x00000002   PAD
    0x000006fc   0x000006fc   0x0000000c   Code   RO          944    .text               c_p.l(sys_exit.o)
    0x00000708   0x00000708   0x00000002   Code   RO          967    .text               c_p.l(use_no_semi.o)
    0x0000070a   0x0000070a   0x00000000   Code   RO          969    .text               c_p.l(indicate_semi.o)
    0x0000070a   0x0000070a   0x00000002   PAD
    0x0000070c   0x0000070c   0x00000018   Code   RO           87    .text.BalanceTask_Init  balance_task.o
    0x00000724   0x00000724   0x0000000c   Code   RO           93    .text.BalanceTask_IsComplete  balance_task.o
    0x00000730   0x00000730   0x00000008   Code   RO           89    .text.BalanceTask_SetPosition  balance_task.o
    0x00000738   0x00000738   0x00000050   Code   RO           91    .text.BalanceTask_Start  balance_task.o
    0x00000788   0x00000788   0x0000011c   Code   RO           95    .text.BalanceTask_Update  balance_task.o
    0x000008a4   0x000008a4   0x00000030   Code   RO          232    .text.Balance_Disable  balance_controller.o
    0x000008d4   0x000008d4   0x00000034   Code   RO          230    .text.Balance_Enable  balance_controller.o
    0x00000908   0x00000908   0x00000008   Code   RO          226    .text.Balance_GetBallVelocity  balance_controller.o
    0x00000910   0x00000910   0x00000008   Code   RO          218    .text.Balance_GetError  balance_controller.o
    0x00000918   0x00000918   0x00000008   Code   RO          224    .text.Balance_GetOutput  balance_controller.o
    0x00000920   0x00000920   0x00000008   Code   RO          216    .text.Balance_GetTarget  balance_controller.o
    0x00000928   0x00000928   0x00000008   Code   RO          228    .text.Balance_GetTargetAb  balance_controller.o
    0x00000930   0x00000930   0x00000074   Code   RO          212    .text.Balance_Init  balance_controller.o
    0x000009a4   0x000009a4   0x0000000c   Code   RO          220    .text.Balance_IsEnabled  balance_controller.o
    0x000009b0   0x000009b0   0x00000008   Code   RO          222    .text.Balance_IsTracking  balance_controller.o
    0x000009b8   0x000009b8   0x00000078   Code   RO          204    .text.Balance_SelectPidProfile  balance_controller.o
    0x00000a30   0x00000a30   0x000000e4   Code   RO          208    .text.Balance_SelectQ3Direction  balance_controller.o
    0x00000b14   0x00000b14   0x0000001c   Code   RO          214    .text.Balance_SetTarget  balance_controller.o
    0x00000b30   0x00000b30   0x000004a0   Code   RO          234    .text.Balance_Tick  balance_controller.o
    0x00000fd0   0x00000fd0   0x00000014   Code   RO          376    .text.Button_GetEvent  button_input.o
    0x00000fe4   0x00000fe4   0x00000030   Code   RO          372    .text.Button_Init   button_input.o
    0x00001014   0x00001014   0x000000f0   Code   RO          374    .text.Button_Update  button_input.o
    0x00001104   0x00001104   0x000002ac   Code   RO          465    .text.Camera_FeedByte  camera_uart.o
    0x000013b0   0x000013b0   0x00000004   Code   RO          467    .text.Camera_GetData  camera_uart.o
    0x000013b4   0x000013b4   0x0000003c   Code   RO          463    .text.Camera_Init   camera_uart.o
    0x000013f0   0x000013f0   0x00000020   Code   RO          473    .text.Camera_IsBallUsable  camera_uart.o
    0x00001410   0x00001410   0x00000024   Code   RO          471    .text.Camera_IsDataFresh  camera_uart.o
    0x00001434   0x00001434   0x00000008   Code   RO           24    .text.Competition_GetElapsedMs  competition_mode.o
    0x0000143c   0x0000143c   0x00000008   Code   RO           20    .text.Competition_GetMode  competition_mode.o
    0x00001444   0x00001444   0x00000008   Code   RO           22    .text.Competition_GetState  competition_mode.o
    0x0000144c   0x0000144c   0x00000044   Code   RO           18    .text.Competition_Init  competition_mode.o
    0x00001490   0x00001490   0x00000014   Code   RO           26    .text.Competition_IsQ6BallHoldActive  competition_mode.o
    0x000014a4   0x000014a4   0x00000388   Code   RO           30    .text.Competition_Update  competition_mode.o
    0x0000182c   0x0000182c   0x00000008   Code   RO          138    .text.Control_GetBaseSpeedRpm  vehicle_controller.o
    0x00001834   0x00001834   0x00000008   Code   RO          154    .text.Control_GetLeftDistance  vehicle_controller.o
    0x0000183c   0x0000183c   0x00000008   Code   RO          148    .text.Control_GetLineError  vehicle_controller.o
    0x00001844   0x00001844   0x00000008   Code   RO          114    .text.Control_GetMode  vehicle_controller.o
    0x0000184c   0x0000184c   0x00000008   Code   RO          156    .text.Control_GetRightDistance  vehicle_controller.o
    0x00001854   0x00001854   0x00000008   Code   RO          126    .text.Control_GetStartRampScale  vehicle_controller.o
    0x0000185c   0x0000185c   0x00000008   Code   RO          132    .text.Control_GetStopRampScale  vehicle_controller.o
    0x00001864   0x00001864   0x00000008   Code   RO          152    .text.Control_GetTickCount  vehicle_controller.o
    0x0000186c   0x0000186c   0x000000bc   Code   RO          110    .text.Control_Init  vehicle_controller.o
    0x00001928   0x00001928   0x00000008   Code   RO          130    .text.Control_IsStopRampActive  vehicle_controller.o
    0x00001930   0x00001930   0x0000001c   Code   RO          158    .text.Control_ResetDistance  vehicle_controller.o
    0x0000194c   0x0000194c   0x0000001c   Code   RO          122    .text.Control_SetBaseSpeed  vehicle_controller.o
    0x00001968   0x00001968   0x00000020   Code   RO          120    .text.Control_SetCurveExitSyncEnabled  vehicle_controller.o
    0x00001988   0x00001988   0x00000048   Code   RO          116    .text.Control_SetLineProfile  vehicle_controller.o
    0x000019d0   0x000019d0   0x00000074   Code   RO          112    .text.Control_SetMode  vehicle_controller.o
    0x00001a44   0x00001a44   0x00000028   Code   RO          124    .text.Control_SetStartRamp  vehicle_controller.o
    0x00001a6c   0x00001a6c   0x00000040   Code   RO          128    .text.Control_StartStopRamp  vehicle_controller.o
    0x00001aac   0x00001aac   0x000007e4   Code   RO          160    .text.Control_Tick  vehicle_controller.o
    0x00002290   0x00002290   0x00000040   Code   RO          557    .text.DL_ADC12_setClockConfig  driverlib.a(dl_adc12.o)
    0x000022d0   0x000022d0   0x0000000a   Code   RO          569    .text.DL_Common_delayCycles  driverlib.a(dl_common.o)
    0x000022da   0x000022da   0x0000002c   Code   RO          582    .text.DL_I2C_fillControllerTXFIFO  driverlib.a(dl_i2c.o)
    0x00002306   0x00002306   0x00000002   PAD
    0x00002308   0x00002308   0x00000028   Code   RO          584    .text.DL_I2C_flushControllerTXFIFO  driverlib.a(dl_i2c.o)
    0x00002330   0x00002330   0x00000026   Code   RO          578    .text.DL_I2C_setClockConfig  driverlib.a(dl_i2c.o)
    0x00002356   0x00002356   0x00000002   PAD
    0x00002358   0x00002358   0x000000c4   Code   RO          749    .text.DL_SYSCTL_configSYSPLL  driverlib.a(dl_sysctl_mspm0g1x0x_g3x0x.o)
    0x0000241c   0x0000241c   0x00000028   Code   RO          757    .text.DL_SYSCTL_switchMCLKfromSYSOSCtoHSCLK  driverlib.a(dl_sysctl_mspm0g1x0x_g3x0x.o)
    0x00002444   0x00002444   0x00000074   Code   RO          688    .text.DL_TimerA_initPWMMode  driverlib.a(dl_timer.o)
    0x000024b8   0x000024b8   0x0000000c   Code   RO          638    .text.DL_Timer_getCaptureCompareValue  driverlib.a(dl_timer.o)
    0x000024c4   0x000024c4   0x000000dc   Code   RO          626    .text.DL_Timer_initCaptureCombinedMode  driverlib.a(dl_timer.o)
    0x000025a0   0x000025a0   0x000000c0   Code   RO          632    .text.DL_Timer_initPWMMode  driverlib.a(dl_timer.o)
    0x00002660   0x00002660   0x000000f0   Code   RO          614    .text.DL_Timer_initTimerMode  driverlib.a(dl_timer.o)
    0x00002750   0x00002750   0x0000001c   Code   RO          662    .text.DL_Timer_setCaptCompUpdateMethod  driverlib.a(dl_timer.o)
    0x0000276c   0x0000276c   0x00000018   Code   RO          636    .text.DL_Timer_setCaptureCompareOutCtl  driverlib.a(dl_timer.o)
    0x00002784   0x00002784   0x00000010   Code   RO          616    .text.DL_Timer_setCaptureCompareValue  driverlib.a(dl_timer.o)
    0x00002794   0x00002794   0x0000001c   Code   RO          610    .text.DL_Timer_setClockConfig  driverlib.a(dl_timer.o)
    0x000027b0   0x000027b0   0x00000048   Code   RO          709    .text.DL_UART_init  driverlib.a(dl_uart.o)
    0x000027f8   0x000027f8   0x00000012   Code   RO          711    .text.DL_UART_setClockConfig  driverlib.a(dl_uart.o)
    0x0000280a   0x0000280a   0x00000002   PAD
    0x0000280c   0x0000280c   0x00000018   Code   RO          288    .text.Encoder_CountsToDistanceCm  encoder_driver.o
    0x00002824   0x00002824   0x00000038   Code   RO          286    .text.Encoder_CountsToRpm  encoder_driver.o
    0x0000285c   0x0000285c   0x0000000c   Code   RO          280    .text.Encoder_Init  encoder_driver.o
    0x00002868   0x00002868   0x0000001c   Code   RO          284    .text.Encoder_TakeCounts  encoder_driver.o
    0x00002884   0x00002884   0x000000c8   Code   RO          282    .text.GROUP1_IRQHandler  encoder_driver.o
    0x0000294c   0x0000294c   0x00000020   Code   RO           54    .text.LineFollow_Init  line_follow_task.o
    0x0000296c   0x0000296c   0x0000000c   Code   RO           60    .text.LineFollow_IsComplete  line_follow_task.o
    0x00002978   0x00002978   0x00000034   Code   RO           62    .text.LineFollow_RequestStop  line_follow_task.o
    0x000029ac   0x000029ac   0x0000000c   Code   RO           56    .text.LineFollow_SetStopRamp  line_follow_task.o
    0x000029b8   0x000029b8   0x00000030   Code   RO           58    .text.LineFollow_Start  line_follow_task.o
    0x000029e8   0x000029e8   0x00000180   Code   RO           66    .text.LineFollow_Update  line_follow_task.o
    0x00002b68   0x00002b68   0x00000008   Code   RO          310    .text.LineSensor_GetSampleSequence  line_sensor.o
    0x00002b70   0x00002b70   0x00000118   Code   RO          314    .text.LineSensor_GetSteeringError  line_sensor.o
    0x00002c88   0x00002c88   0x00000028   Code   RO          300    .text.LineSensor_Init  line_sensor.o
    0x00002cb0   0x00002cb0   0x00000010   Code   RO          304    .text.LineSensor_IsOnline  line_sensor.o
    0x00002cc0   0x00002cc0   0x000002bc   Code   RO          302    .text.LineSensor_Poll  line_sensor.o
    0x00002f7c   0x00002f7c   0x0000000c   Code   RO          308    .text.LineSensor_ReadRaw  line_sensor.o
    0x00002f88   0x00002f88   0x00000174   Code   RO          306    .text.LineSensor_Update  line_sensor.o
    0x000030fc   0x000030fc   0x00000034   Code   RO          268    .text.Motor_Brake   motor_driver.o
    0x00003130   0x00003130   0x00000030   Code   RO          264    .text.Motor_Init    motor_driver.o
    0x00003160   0x00003160   0x00000088   Code   RO          270    .text.Motor_SetDuty  motor_driver.o
    0x000031e8   0x000031e8   0x00000034   Code   RO          266    .text.Motor_Stop    motor_driver.o
    0x0000321c   0x0000321c   0x00000184   Code   RO          335    .text.OLED_Clear    oled_driver.o
    0x000033a0   0x000033a0   0x000016e4   Code   RO          343    .text.OLED_Init     oled_driver.o
    0x00004a84   0x00004a84   0x000002b4   Code   RO          329    .text.OLED_ShowChar  oled_driver.o
    0x00004d38   0x00004d38   0x00000390   Code   RO          341    .text.OLED_ShowNum  oled_driver.o
    0x000050c8   0x000050c8   0x00000374   Code   RO          339    .text.OLED_ShowSignedInt  oled_driver.o
    0x0000543c   0x0000543c   0x00000032   Code   RO          333    .text.OLED_ShowString  oled_driver.o
    0x0000546e   0x0000546e   0x00000002   PAD
    0x00005470   0x00005470   0x0000036c   Code   RO          337    .text.OLED_ShowTenths  oled_driver.o
    0x000057dc   0x000057dc   0x00000034   Code   RO          515    .text.SYSCFG_DL_BATTERY_ADC_init  ti_msp_dl_config.o
    0x00005810   0x00005810   0x00000104   Code   RO          497    .text.SYSCFG_DL_GPIO_init  ti_msp_dl_config.o
    0x00005914   0x00005914   0x00000078   Code   RO          513    .text.SYSCFG_DL_K230_init  ti_msp_dl_config.o
    0x0000598c   0x0000598c   0x00000054   Code   RO          509    .text.SYSCFG_DL_LINE_I2C_init  ti_msp_dl_config.o
    0x000059e0   0x000059e0   0x0000007c   Code   RO          501    .text.SYSCFG_DL_PWM_0_init  ti_msp_dl_config.o
    0x00005a5c   0x00005a5c   0x00000068   Code   RO          503    .text.SYSCFG_DL_PWM_STEPPER_init  ti_msp_dl_config.o
    0x00005ac4   0x00005ac4   0x0000003c   Code   RO          505    .text.SYSCFG_DL_STEPPER_POS_CAP_init  ti_msp_dl_config.o
    0x00005b00   0x00005b00   0x00000074   Code   RO          499    .text.SYSCFG_DL_SYSCTL_init  ti_msp_dl_config.o
    0x00005b74   0x00005b74   0x00000002   Code   RO          517    .text.SYSCFG_DL_SYSTICK_init  ti_msp_dl_config.o
    0x00005b76   0x00005b76   0x00000002   PAD
    0x00005b78   0x00005b78   0x00000038   Code   RO          507    .text.SYSCFG_DL_TIMER_0_init  ti_msp_dl_config.o
    0x00005bb0   0x00005bb0   0x00000060   Code   RO          511    .text.SYSCFG_DL_USB_init  ti_msp_dl_config.o
    0x00005c10   0x00005c10   0x0000004c   Code   RO          493    .text.SYSCFG_DL_init  ti_msp_dl_config.o
    0x00005c5c   0x00005c5c   0x00000088   Code   RO          495    .text.SYSCFG_DL_initPower  ti_msp_dl_config.o
    0x00005ce4   0x00005ce4   0x0000001c   Code   RO          428    .text.StepperFeedback_ClearTravelLimits  stepper_feedback.o
    0x00005d00   0x00005d00   0x0000005c   Code   RO          436    .text.StepperFeedback_GetSnapshot  stepper_feedback.o
    0x00005d5c   0x00005d5c   0x000000b8   Code   RO          438    .text.StepperFeedback_HandleGpioInterrupt  stepper_feedback.o
    0x00005e14   0x00005e14   0x00000078   Code   RO          424    .text.StepperFeedback_Init  stepper_feedback.o
    0x00005e8c   0x00005e8c   0x00000060   Code   RO          430    .text.StepperFeedback_IsTravelCommandAllowed  stepper_feedback.o
    0x00005eec   0x00005eec   0x00000060   Code   RO          432    .text.StepperFeedback_ResetCountsAt  stepper_feedback.o
    0x00005f4c   0x00005f4c   0x00000034   Code   RO          426    .text.StepperFeedback_SetTravelLimits  stepper_feedback.o
    0x00005f80   0x00005f80   0x00000034   Code   RO          397    .text.Stepper_Disable  stepper_driver.o
    0x00005fb4   0x00005fb4   0x00000010   Code   RO          399    .text.Stepper_Enable  stepper_driver.o
    0x00005fc4   0x00005fc4   0x00000008   Code   RO          405    .text.Stepper_GetPosition  stepper_driver.o
    0x00005fcc   0x00005fcc   0x0000008c   Code   RO          395    .text.Stepper_Init  stepper_driver.o
    0x00006058   0x00006058   0x00000008   Code   RO          407    .text.Stepper_ResetPosition  stepper_driver.o
    0x00006060   0x00006060   0x00000138   Code   RO          401    .text.Stepper_SetSpeed  stepper_driver.o
    0x00006198   0x00006198   0x00000018   Code   RO          162    .text.TIMG0_IRQHandler  vehicle_controller.o
    0x000061b0   0x000061b0   0x00000094   Code   RO          409    .text.TIMG7_IRQHandler  stepper_driver.o
    0x00006244   0x00006244   0x0000008c   Code   RO          440    .text.TIMG8_IRQHandler  stepper_feedback.o
    0x000062d0   0x000062d0   0x00000038   Code   RO            2    .text.UART1_IRQHandler  app_main.o
    0x00006308   0x00006308   0x00000034   Code   RO           68    .text.get_average_wheel_distance_cm  line_follow_task.o
    0x0000633c   0x0000633c   0x0000003c   Code   RO           70    .text.get_stop_ramp_distance_cm  line_follow_task.o
    0x00006378   0x00006378   0x000000c4   Code   RO            4    .text.main          app_main.o
    0x0000643c   0x0000643c   0x00000258   Code   RO          331    .text.oled_cursor   oled_driver.o
    0x00006694   0x00006694   0x000004a0   Code   RO            6    .text.oled_show_mode_select  app_main.o
    0x00006b34   0x00006b34   0x00000034   Code   RO           64    .text.start_braking  line_follow_task.o
    0x00006b68   0x00006b68   0x0000015c   Code   RO           32    .text.start_task    competition_mode.o
    0x00006cc4   0x00006cc4   0x000001f6   Code   RO          783    .text_divfast       c_p.l(aeabi_sdivfast.o)
    0x00006eba   0x00006eba   0x00000016   Code   RO          807    i._fgeq             fz_ps.l(fcmp.o)
    0x00006ed0   0x00006ed0   0x00000016   Code   RO          808    i._fgr              fz_ps.l(fcmp.o)
    0x00006ee6   0x00006ee6   0x0000001a   Code   RO          809    i._fleq             fz_ps.l(fcmp.o)
    0x00006f00   0x00006f00   0x00000016   Code   RO          810    i._fls              fz_ps.l(fcmp.o)
    0x00006f16   0x00006f16   0x00000002   PAD
    0x00006f18   0x00006f18   0x0000008c   Code   RO          794    x$fpl$fadd          fz_ps.l(faddsub.o)
    0x00006fa4   0x00006fa4   0x00000054   Code   RO          840    x$fpl$fgeqf         fz_ps.l(fgef.o)
    0x00006ff8   0x00006ff8   0x00000054   Code   RO          842    x$fpl$fleqf         fz_ps.l(flef.o)
    0x0000704c   0x0000704c   0x000000b0   Code   RO          831    x$fpl$fmul          fz_ps.l(fmul.o)
    0x000070fc   0x000070fc   0x000000d0   Code   RO          796    x$fpl$fsub          fz_ps.l(faddsub.o)
    0x000071cc   0x000071cc   0x00000000   Code   RO          844    x$fpl$usenofp       fz_ps.l(usenofp.o)
    0x000071cc   0x000071cc   0x00000040   Data   RO          825    .constdata          fz_ps.l(fdiv.o)
    0x0000720c   0x0000720c   0x0000000c   Data   RO          700    .rodata..Lswitch.table.DL_Timer_initCompareMode  driverlib.a(dl_timer.o)
    0x00007218   0x00007218   0x00000005   Data   RO          345    .rodata.font_for.blank  oled_driver.o
    0x0000721d   0x0000721d   0x00000032   Data   RO          346    .rodata.font_for.digits  oled_driver.o
    0x0000724f   0x0000724f   0x00000082   Data   RO          347    .rodata.font_for.upper  oled_driver.o
    0x000072d1   0x000072d1   0x00000003   PAD
    0x000072d4   0x000072d4   0x00000008   Data   RO          539    .rodata.gBATTERY_ADCClockConfig  ti_msp_dl_config.o
    0x000072dc   0x000072dc   0x00000002   Data   RO          537    .rodata.gK230ClockConfig  ti_msp_dl_config.o
    0x000072de   0x000072de   0x0000000a   Data   RO          538    .rodata.gK230Config  ti_msp_dl_config.o
    0x000072e8   0x000072e8   0x00000002   Data   RO          534    .rodata.gLINE_I2CClockConfig  ti_msp_dl_config.o
    0x000072ea   0x000072ea   0x00000003   Data   RO          526    .rodata.gPWM_0ClockConfig  ti_msp_dl_config.o
    0x000072ed   0x000072ed   0x00000003   PAD
    0x000072f0   0x000072f0   0x00000008   Data   RO          527    .rodata.gPWM_0Config  ti_msp_dl_config.o
    0x000072f8   0x000072f8   0x00000003   Data   RO          528    .rodata.gPWM_STEPPERClockConfig  ti_msp_dl_config.o
    0x000072fb   0x000072fb   0x00000001   PAD
    0x000072fc   0x000072fc   0x00000008   Data   RO          529    .rodata.gPWM_STEPPERConfig  ti_msp_dl_config.o
    0x00007304   0x00007304   0x00000010   Data   RO          531    .rodata.gSTEPPER_POS_CAPCaptureConfig  ti_msp_dl_config.o
    0x00007314   0x00007314   0x00000003   Data   RO          530    .rodata.gSTEPPER_POS_CAPClockConfig  ti_msp_dl_config.o
    0x00007317   0x00007317   0x00000001   PAD
    0x00007318   0x00007318   0x00000028   Data   RO          525    .rodata.gSYSPLLConfig  ti_msp_dl_config.o
    0x00007340   0x00007340   0x00000003   Data   RO          532    .rodata.gTIMER_0ClockConfig  ti_msp_dl_config.o
    0x00007343   0x00007343   0x00000001   PAD
    0x00007344   0x00007344   0x00000014   Data   RO          533    .rodata.gTIMER_0TimerConfig  ti_msp_dl_config.o
    0x00007358   0x00007358   0x00000002   Data   RO          535    .rodata.gUSBClockConfig  ti_msp_dl_config.o
    0x0000735a   0x0000735a   0x0000000a   Data   RO          536    .rodata.gUSBConfig  ti_msp_dl_config.o
    0x00007364   0x00007364   0x00000094   Data   RO          255    .rodata.s_q6_balance_map  balance_controller.o
    0x000073f8   0x000073f8   0x000000be   Data   RO            8    .rodata.str1.1      app_main.o
    0x000074b6   0x000074b6   0x00000002   PAD
    0x000074b8   0x000074b8   0x00000010   Data   RO         1022    Region$$Table       anon$$obj.o


    Execution Region RW_IRAM2 (Exec base: 0x20200000, Load base: 0x000074c8, Size: 0x00000748, Max: 0x00008000, ABSOLUTE)

    Exec Addr    Load Addr    Size         Type   Attr      Idx    E Section Name        Object

    0x20200000        -       0x00000060   Zero   RW          884    .bss                c_p.l(libspace.o)
    0x20200060        -       0x000000bc   Zero   RW          523    .bss.gPWM_0Backup   ti_msp_dl_config.o
    0x2020011c        -       0x00000078   Zero   RW          524    .bss.gPWM_STEPPERBackup  ti_msp_dl_config.o
    0x20200194        -       0x00000004   Zero   RW          290    .bss.g_encoder_a_count  encoder_driver.o
    0x20200198        -       0x00000004   Zero   RW          291    .bss.g_encoder_b_count  encoder_driver.o
    0x2020019c        -       0x00000002   Zero   RW          246    .bss.s_ball_velocity_mm_s  balance_controller.o
    0x2020019e   0x000074c8   0x00000002   PAD
    0x202001a0        -       0x00000004   Zero   RW          166    .bss.s_base_rpm     vehicle_controller.o
    0x202001a4        -       0x00000004   Zero   RW           75    .bss.s_brake_start_ms  line_follow_task.o
    0x202001a8        -       0x00000001   Zero   RW           98    .bss.s_bt_state     balance_task.o
    0x202001a9        -       0x0000000c   Zero   RW          484    .bss.s_buf          camera_uart.o
    0x202001b5   0x000074c8   0x00000003   PAD
    0x202001b8        -       0x00000001   Zero   RW          378    .bss.s_buttons.0    button_input.o
    0x202001b9   0x000074c8   0x00000003   PAD
    0x202001bc        -       0x00000001   Zero   RW          379    .bss.s_buttons.1    button_input.o
    0x202001bd   0x000074c8   0x00000003   PAD
    0x202001c0        -       0x00000004   Zero   RW          380    .bss.s_buttons.2    button_input.o
    0x202001c4        -       0x00000001   Zero   RW          381    .bss.s_buttons.3    button_input.o
    0x202001c5   0x000074c8   0x00000003   PAD
    0x202001c8        -       0x00000004   Zero   RW          382    .bss.s_buttons.4    button_input.o
    0x202001cc        -       0x00000001   Zero   RW          383    .bss.s_buttons.5    button_input.o
    0x202001cd   0x000074c8   0x00000003   PAD
    0x202001d0        -       0x00000004   Zero   RW          384    .bss.s_buttons.6    button_input.o
    0x202001d4        -       0x00000001   Zero   RW          385    .bss.s_buttons.7    button_input.o
    0x202001d5   0x000074c8   0x00000003   PAD
    0x202001d8        -       0x00000001   Zero   RW          386    .bss.s_buttons.8    button_input.o
    0x202001d9   0x000074c8   0x00000003   PAD
    0x202001dc        -       0x00000004   Zero   RW          184    .bss.s_control_ticks  vehicle_controller.o
    0x202001e0        -       0x00000004   Zero   RW          186    .bss.s_curve_base_rpm  vehicle_controller.o
    0x202001e4        -       0x00000001   Zero   RW          193    .bss.s_curve_exit_armed  vehicle_controller.o
    0x202001e5        -       0x00000001   Zero   RW          192    .bss.s_curve_exit_sync_enabled  vehicle_controller.o
    0x202001e6        -       0x00000002   Zero   RW          194    .bss.s_curve_exit_sync_ticks  vehicle_controller.o
    0x202001e8        -       0x0000000c   Zero   RW          479    .bss.s_data         camera_uart.o
    0x202001f4        -       0x00000002   Zero   RW          101    .bss.s_designated_pos  balance_task.o
    0x202001f6        -       0x00000001   Zero   RW          412    .bss.s_dir          stepper_driver.o
    0x202001f7   0x000074c8   0x00000001   PAD
    0x202001f8        -       0x00000004   Zero   RW           37    .bss.s_elapsed_ms   competition_mode.o
    0x202001fc        -       0x00000001   Zero   RW          244    .bss.s_enabled      balance_controller.o
    0x202001fd   0x000074c8   0x00000001   PAD
    0x202001fe        -       0x00000002   Zero   RW          242    .bss.s_error        balance_controller.o
    0x20200200        -       0x00000001   Zero   RW          482    .bss.s_expect_len   camera_uart.o
    0x20200201        -       0x00000001   Zero   RW          320    .bss.s_fail_count   line_sensor.o
    0x20200202   0x000074c8   0x00000006   PAD
    0x20200208        -       0x00000008   Zero   RW          316    .bss.s_filter_count  line_sensor.o
    0x20200210        -       0x00000001   Zero   RW          317    .bss.s_filtered     line_sensor.o
    0x20200211   0x000074c8   0x00000003   PAD
    0x20200214        -       0x00000004   Zero   RW          251    .bss.s_fixed_tilt_ab_offset  balance_controller.o
    0x20200218        -       0x00000004   Zero   RW          250    .bss.s_fixed_tilt_distance_mm  balance_controller.o
    0x2020021c        -       0x00000001   Zero   RW          481    .bss.s_frame_len    camera_uart.o
    0x2020021d   0x000074c8   0x00000003   PAD
    0x20200220        -       0x00000004   Zero   RW          415    .bss.s_freq_hz      stepper_driver.o
    0x20200224        -       0x00000001   Zero   RW          483    .bss.s_have_seq     camera_uart.o
    0x20200225   0x000074c8   0x00000003   PAD
    0x20200228        -       0x00000004   Zero   RW          443    .bss.s_index_count  stepper_feedback.o
    0x2020022c        -       0x00000004   Zero   RW          238    .bss.s_integral     balance_controller.o
    0x20200230        -       0x00000004   Zero   RW          444    .bss.s_invalid_transition_count  stepper_feedback.o
    0x20200234        -       0x00000004   Zero   RW          183    .bss.s_last_line_correction  vehicle_controller.o
    0x20200238        -       0x00000004   Zero   RW           76    .bss.s_last_line_sample_sequence  line_follow_task.o
    0x2020023c        -       0x00000004   Zero   RW          248    .bss.s_last_tick_ms  balance_controller.o
    0x20200240        -       0x00000004   Zero   RW           74    .bss.s_last_update_ms  line_follow_task.o
    0x20200244        -       0x00000004   Zero   RW          169    .bss.s_left_distance  vehicle_controller.o
    0x20200248        -       0x00000004   Zero   RW          178    .bss.s_left_duty    vehicle_controller.o
    0x2020024c        -       0x00000004   Zero   RW          167    .bss.s_left_integral  vehicle_controller.o
    0x20200250        -       0x00000004   Zero   RW          171    .bss.s_left_rpm     vehicle_controller.o
    0x20200254        -       0x00000004   Zero   RW          173    .bss.s_left_speed_counts  vehicle_controller.o
    0x20200258        -       0x00000004   Zero   RW          176    .bss.s_left_target_rpm  vehicle_controller.o
    0x2020025c        -       0x00000001   Zero   RW           40    .bss.s_level_stable  competition_mode.o
    0x2020025d   0x000074c8   0x00000003   PAD
    0x20200260        -       0x00000004   Zero   RW           39    .bss.s_level_stable_since_ms  competition_mode.o
    0x20200264        -       0x00000004   Zero   RW           38    .bss.s_level_start_ms  competition_mode.o
    0x20200268        -       0x00000001   Zero   RW           73    .bss.s_lf_state     line_follow_task.o
    0x20200269   0x000074c8   0x00000003   PAD
    0x2020026c        -       0x00000004   Zero   RW          180    .bss.s_line_error   vehicle_controller.o
    0x20200270        -       0x00000002   Zero   RW          185    .bss.s_line_lost_ticks  vehicle_controller.o
    0x20200272        -       0x00000001   Zero   RW          165    .bss.s_line_profile  vehicle_controller.o
    0x20200273        -       0x00000001   Zero   RW          195    .bss.s_line_valid   vehicle_controller.o
    0x20200274        -       0x00000004   Zero   RW          414    .bss.s_max_position  stepper_driver.o
    0x20200278        -       0x00000004   Zero   RW          413    .bss.s_min_position  stepper_driver.o
    0x2020027c        -       0x00000001   Zero   RW           34    .bss.s_mode         competition_mode.o
    0x2020027d        -       0x00000001   Zero   RW           72    .bss.s_mode         line_follow_task.o
    0x2020027e        -       0x00000001   Zero   RW           97    .bss.s_mode         balance_task.o
    0x2020027f        -       0x00000001   Zero   RW          164    .bss.s_mode         vehicle_controller.o
    0x20200280        -       0x00000002   Zero   RW          245    .bss.s_output       balance_controller.o
    0x20200282   0x000074c8   0x00000002   PAD
    0x20200284        -       0x00000004   Zero   RW           99    .bss.s_phase_start_ms  balance_task.o
    0x20200288        -       0x00000001   Zero   RW          236    .bss.s_pid_profile  balance_controller.o
    0x20200289   0x000074c8   0x00000003   PAD
    0x2020028c        -       0x00000004   Zero   RW          411    .bss.s_position     stepper_driver.o
    0x20200290        -       0x00000004   Zero   RW          253    .bss.s_position_ki  balance_controller.o
    0x20200294        -       0x00000004   Zero   RW          252    .bss.s_position_kp  balance_controller.o
    0x20200298        -       0x00000001   Zero   RW          449    .bss.s_previous_ab  stepper_feedback.o
    0x20200299   0x000074c8   0x00000003   PAD
    0x2020029c        -       0x00000004   Zero   RW          182    .bss.s_previous_heading_error  vehicle_controller.o
    0x202002a0        -       0x00000004   Zero   RW          181    .bss.s_previous_line_error  vehicle_controller.o
    0x202002a4        -       0x00000002   Zero   RW          447    .bss.s_pwm_angle_tenths  stepper_feedback.o
    0x202002a6   0x000074c8   0x00000002   PAD
    0x202002a8        -       0x00000004   Zero   RW          446    .bss.s_pwm_high_ticks  stepper_feedback.o
    0x202002ac        -       0x00000004   Zero   RW          445    .bss.s_pwm_period_ticks  stepper_feedback.o
    0x202002b0        -       0x00000001   Zero   RW          448    .bss.s_pwm_valid    stepper_feedback.o
    0x202002b1        -       0x00000001   Zero   RW          243    .bss.s_q3_direction  balance_controller.o
    0x202002b2        -       0x00000002   Zero   RW          237    .bss.s_q3_leg_start_mm  balance_controller.o
    0x202002b4        -       0x00000001   Zero   RW           41    .bss.s_q6_ball_hold_active  competition_mode.o
    0x202002b5        -       0x00000001   Zero   RW           45    .bss.s_q6_have_sample_seq  competition_mode.o
    0x202002b6        -       0x00000001   Zero   RW           44    .bss.s_q6_last_sample_seq  competition_mode.o
    0x202002b7        -       0x00000001   Zero   RW           43    .bss.s_q6_position_sample_count  competition_mode.o
    0x202002b8        -       0x00000004   Zero   RW           42    .bss.s_q6_position_sum_mm  competition_mode.o
    0x202002bc        -       0x00000004   Zero   RW          442    .bss.s_quadrature_count  stepper_feedback.o
    0x202002c0        -       0x00000001   Zero   RW          318    .bss.s_raw          line_sensor.o
    0x202002c1   0x000074c8   0x00000003   PAD
    0x202002c4        -       0x00000004   Zero   RW          170    .bss.s_right_distance  vehicle_controller.o
    0x202002c8        -       0x00000004   Zero   RW          179    .bss.s_right_duty   vehicle_controller.o
    0x202002cc        -       0x00000004   Zero   RW          168    .bss.s_right_integral  vehicle_controller.o
    0x202002d0        -       0x00000004   Zero   RW          172    .bss.s_right_rpm    vehicle_controller.o
    0x202002d4        -       0x00000004   Zero   RW          174    .bss.s_right_speed_counts  vehicle_controller.o
    0x202002d8        -       0x00000004   Zero   RW          177    .bss.s_right_target_rpm  vehicle_controller.o
    0x202002dc        -       0x00000004   Zero   RW          319    .bss.s_sample_sequence  line_sensor.o
    0x202002e0        -       0x00000004   Zero   RW          100    .bss.s_settle_start_ms  balance_task.o
    0x202002e4        -       0x00000001   Zero   RW          175    .bss.s_speed_sample_ticks  vehicle_controller.o
    0x202002e5   0x000074c8   0x00000003   PAD
    0x202002e8        -       0x00000004   Zero   RW          239    .bss.s_start_ff_ab  balance_controller.o
    0x202002ec        -       0x00000004   Zero   RW           36    .bss.s_start_ms     competition_mode.o
    0x202002f0        -       0x00000004   Zero   RW          187    .bss.s_start_ramp_duration_ms  vehicle_controller.o
    0x202002f4        -       0x00000004   Zero   RW          188    .bss.s_start_ramp_scale  vehicle_controller.o
    0x202002f8        -       0x00000001   Zero   RW           35    .bss.s_state        competition_mode.o
    0x202002f9   0x000074c8   0x00000003   PAD
    0x202002fc        -       0x00000020   Zero   RW          480    .bss.s_stats        camera_uart.o
    0x2020031c        -       0x00000001   Zero   RW          191    .bss.s_stop_ramp_active  vehicle_controller.o
    0x2020031d   0x000074c8   0x00000003   PAD
    0x20200320        -       0x00000004   Zero   RW           77    .bss.s_stop_ramp_duration_ms  line_follow_task.o
    0x20200324        -       0x00000004   Zero   RW          189    .bss.s_stop_ramp_duration_ms  vehicle_controller.o
    0x20200328        -       0x00000004   Zero   RW          190    .bss.s_stop_ramp_scale  vehicle_controller.o
    0x2020032c        -       0x00000001   Zero   RW           78    .bss.s_stop_vote_history  line_follow_task.o
    0x2020032d   0x000074c8   0x00000003   PAD
    0x20200330        -       0x00000004   Zero   RW          247    .bss.s_target_ab    balance_controller.o
    0x20200334        -       0x00000002   Zero   RW          241    .bss.s_target_mm    balance_controller.o
    0x20200336        -       0x00000001   Zero   RW          249    .bss.s_tick_started  balance_controller.o
    0x20200337        -       0x00000001   Zero   RW          240    .bss.s_tracking     balance_controller.o
    0x20200338        -       0x00000001   Zero   RW          450    .bss.s_travel_limits_enabled  stepper_feedback.o
    0x20200339   0x000074c8   0x00000003   PAD
    0x2020033c        -       0x00000004   Zero   RW          452    .bss.s_travel_maximum  stepper_feedback.o
    0x20200340        -       0x00000004   Zero   RW          451    .bss.s_travel_minimum  stepper_feedback.o
    0x20200344        -       0x00000004   Zero   RW          254    .bss.s_velocity_kd  balance_controller.o
    0x20200348        -       0x00000000   Zero   RW          548    HEAP                startup_mspm0g350x_uvision.o
    0x20200348        -       0x00000400   Zero   RW          547    STACK               startup_mspm0g350x_uvision.o



  Load Region LR_BCR (Base: 0x41c00000, Size: 0x00000000, Max: 0x00000100, ABSOLUTE)

    Execution Region BCR_CONFIG (Exec base: 0x41c00000, Load base: 0x41c00000, Size: 0x00000000, Max: 0x00000080, ABSOLUTE)

    **** No section assigned to this execution region ****



  Load Region LR_BSL (Base: 0x41c00100, Size: 0x00000000, Max: 0x00000100, ABSOLUTE)

    Execution Region BSL_CONFIG (Exec base: 0x41c00100, Load base: 0x41c00100, Size: 0x00000000, Max: 0x00000080, ABSOLUTE)

    **** No section assigned to this execution region ****


==============================================================================

Image component sizes


      Code (inc. data)   RO Data    RW Data    ZI Data      Debug   Object Name

      1436        248        190          0          0      11479   app_main.o
      1836        304        148          0         51       8384   balance_controller.o
       408         32          0          0         12       2279   balance_task.o
       308         40          0          0         18       5282   button_input.o
       816         28          0          0         59       9210   camera_uart.o
      1364        112          0          0         27       9669   competition_mode.o
       320         40          0          0          8       5819   encoder_driver.o
       704         76          0          0         19       4139   line_follow_task.o
      1428         80          0          0         15      12080   line_sensor.o
       288         16          0          0          0       7090   motor_driver.o
     10262        172        185          0          0      39171   oled_driver.o
        44         18        192          0       1024        696   startup_mspm0g350x_uvision.o
       684         76          0          0         17      11983   stepper_driver.o
       808        136          0          0         33      13041   stepper_feedback.o
      1286        276        138          0        308      42858   ti_msp_dl_config.o
      2684        400          0          0        103      12860   vehicle_controller.o

    ----------------------------------------------------------------------
     24680       2054        880          0       1768     196040   Object Totals
         0          0         16          0          0          0   (incl. Generated)
         4          0         11          0         74          0   (incl. Padding)

    ----------------------------------------------------------------------

      Code (inc. data)   RO Data    RW Data    ZI Data      Debug   Library Member Name

         8          0          0          0          0         68   __main.o
         0          0          0          0          0          0   __rtentry.o
        12          0          0          0          0          0   __rtentry2.o
         6          0          0          0          0          0   __rtentry4.o
        86         10          0          0          0          0   __scatter.o
        28          0          0          0          0          0   __scatter_zi.o
      1006          4          0          0          0        184   aeabi_sdivfast.o
        16          0          0          0          0         68   exit.o
         6          0          0          0          0        136   heapauxi.o
         0          0          0          0          0          0   indicate_semi.o
         2          0          0          0          0          0   libinit.o
         2          0          0          0          0          0   libinit2.o
         2          0          0          0          0          0   libshutdown.o
         2          0          0          0          0          0   libshutdown2.o
         8          4          0          0         96         68   libspace.o
         2          0          0          0          0          0   rtexit.o
        10          0          0          0          0          0   rtexit2.o
        12          4          0          0          0         60   sys_exit.o
        62          0          0          0          0         80   sys_stackheap_outer.o
         2          0          0          0          0         68   use_no_semi.o
        64          8          0          0          0       4701   dl_adc12.o
        10          0          0          0          0        802   dl_common.o
       122          4          0          0          0       8590   dl_i2c.o
       236         24          0          0          0      18490   dl_sysctl_mspm0g1x0x_g3x0x.o
       876        220         12          0          0      40185   dl_timer.o
        90          8          0          0          0      14128   dl_uart.o
        46          0          0          0          0         60   cmpret.o
       348          8          0          0          0        160   faddsub.o
        92          0          0          0          0        272   fcmp.o
       100          4          0          0          0         68   fcmpin.o
       352         10         64          0          0         92   fdiv.o
        76          0          0          0          0         68   ffixi.o
        94          0          0          0          0         92   fflti.o
        84          4          0          0          0         76   fgef.o
        84          4          0          0          0         76   flef.o
       176          4          0          0          0         80   fmul.o
        16          6          0          0          0         68   fnan2.o
        94          0          0          0          0         68   retnan.o
         0          0          0          0          0          0   usenofp.o

    ----------------------------------------------------------------------
      4260        330         76          0         96      88808   Library Totals
        28          4          0          0          0          0   (incl. Padding)

    ----------------------------------------------------------------------

      Code (inc. data)   RO Data    RW Data    ZI Data      Debug   Library Name

      1272         22          0          0         96        732   c_p.l
      1398        264         12          0          0      86896   driverlib.a
      1562         40         64          0          0       1180   fz_ps.l

    ----------------------------------------------------------------------
      4260        330         76          0         96      88808   Library Totals

    ----------------------------------------------------------------------

==============================================================================


      Code (inc. data)   RO Data    RW Data    ZI Data      Debug   

     28940       2384        956          0       1864     283508   Grand Totals
     28940       2384        956          0       1864     283508   ELF Image Totals
     28940       2384        956          0          0          0   ROM Totals

==============================================================================

    Total RO  Size (Code + RO Data)                29896 (  29.20kB)
    Total RW  Size (RW Data + ZI Data)              1864 (   1.82kB)
    Total ROM Size (Code + RO Data + RW Data)      29896 (  29.20kB)

==============================================================================

