<html>
<body>
<pre>
<h1>µVision Build Log</h1>
<h2>Tool Versions:</h2>
IDE-Version: ¦ÌVision V5.43.1.0
Copyright (C) 2025 ARM Ltd and ARM Germany GmbH. All rights reserved.
License Information: sgod asus, sustc, LIC=WHYH9-4RSJM-NNDAF-6YW09-5FI84-CHISQ
 
Tool Versions:
Toolchain:       MDK-ARM Plus  Version: 5.43.0.0
Toolchain Path:  E:\Keil_v5\ARM\ARMCLANG\Bin
C Compiler:      ArmClang.exe V6.24
Assembler:       Armasm.exe V6.24
Linker/Locator:  ArmLink.exe V6.24
Library Manager: ArmAr.exe V6.24
Hex Converter:   FromElf.exe V6.24
CPU DLL:         SARMCM3.DLL V5.43.0.0
Dialog DLL:      DARMCM1.DLL V1.19.6.0
Target DLL:      CMSIS_AGDI.dll V1.33.24.0
Dialog DLL:      TARMCM1.DLL V1.14.6.0
 
<h2>Project:</h2>
E:\µçÈü\my project\projects\2026H\Hproject\keil\h_balance_car.uvprojx
Project File Date:  07/30/2026

<h2>Output:</h2>
*** Using Compiler 'V6.24', folder: 'E:\Keil_v5\ARM\ARMCLANG\Bin'
Rebuild target 'h_balance_car'
Before Build - User command #1: cmd.exe /C "..\tools\generate_syscfg.bat"
SysConfig CLI not found: E:\ti\sysconfig-1.20.0_3587\sysconfig_cli.bat
compiling line_follow_task.c...
compiling app_main.c...
compiling line_sensor.c...
compiling competition_mode.c...
compiling balance_task.c...
compiling balance_controller.c...
compiling debug_uart.c...
compiling encoder_driver.c...
compiling motor_driver.c...
compiling button_input.c...
compiling stepper_driver.c...
compiling vehicle_controller.c...
compiling camera_uart.c...
assembling startup_mspm0g350x_uvision.s...
compiling ti_msp_dl_config.c...
compiling oled_driver.c...
linking...
Program Size: Code=20492 RO-data=676 RW-data=0 ZI-data=1528  
FromELF: creating hex file...
"..\build\keil\Objects\h_balance_car.axf" - 0 Error(s), 0 Warning(s).

<h2>Software Packages used:</h2>

Package Vendor: TexasInstruments
                https://software-dl.ti.com/msp430/esd/MSPM0-CMSIS/MSPM0G1X0X_G3X0X/latest/exports/TexasInstruments.MSPM0G1X0X_G3X0X_DFP.1.3.1.pack
                TexasInstruments::MSPM0G1X0X_G3X0X_DFP@1.3.1
                Device Family Pack for Texas Instruments MSPM0G1X0X_G3X0X Series

<h2>Collection of Component include folders:</h2>

<h2>Collection of Component Files used:</h2>
Build Time Elapsed:  00:00:01
</pre>
</body>
</html>
